[0.029s] Invoking command in '/home/iarley/Documents/tcc/ratslam/microros_ws/build/micro_ros_msgs': CMAKE_PREFIX_PATH=/home/iarley/Documents/tcc/ratslam/microros_ws/install/micro_ros_setup:/home/iarley/Documents/tcc/ratslam/microros_ws/install/micro_ros_agent:/home/iarley/Documents/tcc/ratslam/microros_ws/install/micro_ros_msgs:/home/iarley/ros2_ws/install/teste_morato:/home/iarley/ros2_ws/install/test_morato:/opt/ros/humble:/home/iarley/ros2_ws/install/rplidar_ros:/home/iarley/ros2_ws/install/my_pkg_cpp:/home/iarley/Documents/tcc/ratslam/ros2_ws/install/ratslam:/home/iarley/Documents/tcc/ratslam/ros2_ws/install/topological_msgs /usr/bin/cmake /home/iarley/Documents/tcc/ratslam/microros_ws/src/uros/micro_ros_msgs -DCMAKE_INSTALL_PREFIX=/home/iarley/Documents/tcc/ratslam/microros_ws/install/micro_ros_msgs
[0.218s] -- The C compiler identification is GNU 11.4.0
[0.397s] -- The CXX compiler identification is GNU 11.4.0
[0.418s] -- Detecting C compiler ABI info
[0.598s] -- Detecting C compiler ABI info - done
[0.620s] -- Check for working C compiler: /usr/bin/cc - skipped
[0.620s] -- Detecting C compile features
[0.620s] -- Detecting C compile features - done
[0.627s] -- Detecting CXX compiler ABI info
[0.832s] -- Detecting CXX compiler ABI info - done
[0.847s] -- Check for working CXX compiler: /usr/bin/c++ - skipped
[0.848s] -- Detecting CXX compile features
[0.849s] -- Detecting CXX compile features - done
[0.858s] -- Found ament_cmake: 1.3.12 (/opt/ros/humble/share/ament_cmake/cmake)
[1.267s] -- Found Python3: /usr/bin/python3 (found version "3.10.12") found components: Interpreter 
[1.522s] -- Found rosidl_default_generators: 1.2.0 (/opt/ros/humble/share/rosidl_default_generators/cmake)
[1.534s] -- Using all available rosidl_typesupport_c: rosidl_typesupport_fastrtps_c;rosidl_typesupport_introspection_c
[1.552s] -- Found rosidl_adapter: 3.1.7 (/opt/ros/humble/share/rosidl_adapter/cmake)
[1.680s] -- Using all available rosidl_typesupport_cpp: rosidl_typesupport_fastrtps_cpp;rosidl_typesupport_introspection_cpp
[1.775s] -- Found ament_lint_auto: 0.12.14 (/opt/ros/humble/share/ament_lint_auto/cmake)
[2.429s] -- Found ament_cmake_ros: 0.10.0 (/opt/ros/humble/share/ament_cmake_ros/cmake)
[2.829s] -- Using all available rosidl_typesupport_c: rosidl_typesupport_fastrtps_c;rosidl_typesupport_introspection_c
[3.246s] -- Using all available rosidl_typesupport_cpp: rosidl_typesupport_fastrtps_cpp;rosidl_typesupport_introspection_cpp
[3.291s] -- Found PythonInterp: /usr/bin/python3 (found suitable version "3.10.12", minimum required is "3.6") 
[3.296s] -- Found python_cmake_module: 0.10.0 (/opt/ros/humble/share/python_cmake_module/cmake)
[3.348s] -- Found PythonLibs: /usr/lib/x86_64-linux-gnu/libpython3.10.so (found suitable version "3.10.12", minimum required is "3.5") 
[3.349s] -- Using PYTHON_EXECUTABLE: /usr/bin/python3
[3.349s] -- Using PYTHON_INCLUDE_DIRS: /usr/include/python3.10
[3.349s] -- Using PYTHON_LIBRARIES: /usr/lib/x86_64-linux-gnu/libpython3.10.so
[3.403s] -- Found PythonExtra: .so  
[3.492s] -- Added test 'copyright' to check source files copyright and LICENSE
[3.518s] -- Added test 'lint_cmake' to check CMake code style
[3.533s] -- Added test 'xmllint' to check XML markup files
[3.560s] -- Configuring done
[3.661s] -- Generating done
[3.694s] -- Build files have been written to: /home/iarley/Documents/tcc/ratslam/microros_ws/build/micro_ros_msgs
[3.703s] Invoked command in '/home/iarley/Documents/tcc/ratslam/microros_ws/build/micro_ros_msgs' returned '0': CMAKE_PREFIX_PATH=/home/iarley/Documents/tcc/ratslam/microros_ws/install/micro_ros_setup:/home/iarley/Documents/tcc/ratslam/microros_ws/install/micro_ros_agent:/home/iarley/Documents/tcc/ratslam/microros_ws/install/micro_ros_msgs:/home/iarley/ros2_ws/install/teste_morato:/home/iarley/ros2_ws/install/test_morato:/opt/ros/humble:/home/iarley/ros2_ws/install/rplidar_ros:/home/iarley/ros2_ws/install/my_pkg_cpp:/home/iarley/Documents/tcc/ratslam/ros2_ws/install/ratslam:/home/iarley/Documents/tcc/ratslam/ros2_ws/install/topological_msgs /usr/bin/cmake /home/iarley/Documents/tcc/ratslam/microros_ws/src/uros/micro_ros_msgs -DCMAKE_INSTALL_PREFIX=/home/iarley/Documents/tcc/ratslam/microros_ws/install/micro_ros_msgs
[3.706s] Invoking command in '/home/iarley/Documents/tcc/ratslam/microros_ws/build/micro_ros_msgs': CMAKE_PREFIX_PATH=/home/iarley/Documents/tcc/ratslam/microros_ws/install/micro_ros_setup:/home/iarley/Documents/tcc/ratslam/microros_ws/install/micro_ros_agent:/home/iarley/Documents/tcc/ratslam/microros_ws/install/micro_ros_msgs:/home/iarley/ros2_ws/install/teste_morato:/home/iarley/ros2_ws/install/test_morato:/opt/ros/humble:/home/iarley/ros2_ws/install/rplidar_ros:/home/iarley/ros2_ws/install/my_pkg_cpp:/home/iarley/Documents/tcc/ratslam/ros2_ws/install/ratslam:/home/iarley/Documents/tcc/ratslam/ros2_ws/install/topological_msgs /usr/bin/cmake --build /home/iarley/Documents/tcc/ratslam/microros_ws/build/micro_ros_msgs -- -j8 -l8
[3.779s] [  2%] [34m[1mGenerating C code for ROS interfaces[0m
[3.801s] [  4%] [34m[1mGenerating C++ code for ROS interfaces[0m
[3.817s] [  4%] Built target ament_cmake_python_copy_micro_ros_msgs
[4.275s] running egg_info
[4.276s] creating micro_ros_msgs.egg-info
[4.276s] writing micro_ros_msgs.egg-info/PKG-INFO
[4.277s] writing dependency_links to micro_ros_msgs.egg-info/dependency_links.txt
[4.277s] writing top-level names to micro_ros_msgs.egg-info/top_level.txt
[4.278s] writing manifest file 'micro_ros_msgs.egg-info/SOURCES.txt'
[4.285s] reading manifest file 'micro_ros_msgs.egg-info/SOURCES.txt'
[4.286s] writing manifest file 'micro_ros_msgs.egg-info/SOURCES.txt'
[4.346s] [  4%] Built target ament_cmake_python_build_micro_ros_msgs_egg
[4.477s] [  4%] Built target micro_ros_msgs__cpp
[4.493s] [  8%] [34m[1mGenerating C++ type support for eProsima Fast-RTPS[0m
[4.493s] [  8%] [34m[1mGenerating C++ type support dispatch for ROS interfaces[0m
[4.495s] [ 10%] [34m[1mGenerating C++ introspection for ROS interfaces[0m
[4.523s] [ 12%] [32mBuilding C object CMakeFiles/micro_ros_msgs__rosidl_generator_c.dir/rosidl_generator_c/micro_ros_msgs/msg/detail/graph__functions.c.o[0m
[4.525s] [ 17%] [32mBuilding C object CMakeFiles/micro_ros_msgs__rosidl_generator_c.dir/rosidl_generator_c/micro_ros_msgs/msg/detail/node__functions.c.o[0m
[4.526s] [ 17%] [32mBuilding C object CMakeFiles/micro_ros_msgs__rosidl_generator_c.dir/rosidl_generator_c/micro_ros_msgs/msg/detail/entity__functions.c.o[0m
[4.673s] [ 19%] [32m[1mLinking C shared library libmicro_ros_msgs__rosidl_generator_c.so[0m
[4.763s] [ 19%] Built target micro_ros_msgs__rosidl_generator_c
[4.787s] [ 21%] [34m[1mGenerating C type support for eProsima Fast-RTPS[0m
[4.792s] [ 23%] [34m[1mGenerating C type support dispatch for ROS interfaces[0m
[4.793s] [ 25%] [34m[1mGenerating C introspection for ROS interfaces[0m
[5.241s] [ 27%] [32mBuilding CXX object CMakeFiles/micro_ros_msgs__rosidl_typesupport_cpp.dir/rosidl_typesupport_cpp/micro_ros_msgs/msg/graph__type_support.cpp.o[0m
[5.264s] [ 29%] [32mBuilding CXX object CMakeFiles/micro_ros_msgs__rosidl_typesupport_cpp.dir/rosidl_typesupport_cpp/micro_ros_msgs/msg/entity__type_support.cpp.o[0m
[5.264s] [ 31%] [32mBuilding CXX object CMakeFiles/micro_ros_msgs__rosidl_typesupport_cpp.dir/rosidl_typesupport_cpp/micro_ros_msgs/msg/node__type_support.cpp.o[0m
[5.457s] [ 34%] [32mBuilding CXX object CMakeFiles/micro_ros_msgs__rosidl_typesupport_introspection_cpp.dir/rosidl_typesupport_introspection_cpp/micro_ros_msgs/msg/detail/graph__type_support.cpp.o[0m
[5.535s] [ 36%] [32mBuilding CXX object CMakeFiles/micro_ros_msgs__rosidl_typesupport_fastrtps_cpp.dir/rosidl_typesupport_fastrtps_cpp/micro_ros_msgs/msg/detail/dds_fastrtps/graph__type_support.cpp.o[0m
[5.894s] [ 38%] [32mBuilding CXX object CMakeFiles/micro_ros_msgs__rosidl_typesupport_c.dir/rosidl_typesupport_c/micro_ros_msgs/msg/graph__type_support.cpp.o[0m
[5.990s] [ 40%] [32mBuilding CXX object CMakeFiles/micro_ros_msgs__rosidl_typesupport_c.dir/rosidl_typesupport_c/micro_ros_msgs/msg/node__type_support.cpp.o[0m
[6.003s] [ 42%] [32mBuilding CXX object CMakeFiles/micro_ros_msgs__rosidl_typesupport_fastrtps_c.dir/rosidl_typesupport_fastrtps_c/micro_ros_msgs/msg/detail/graph__type_support_c.cpp.o[0m
[6.134s] [ 44%] [32mBuilding CXX object CMakeFiles/micro_ros_msgs__rosidl_typesupport_c.dir/rosidl_typesupport_c/micro_ros_msgs/msg/entity__type_support.cpp.o[0m
[6.158s] [ 46%] [32mBuilding CXX object CMakeFiles/micro_ros_msgs__rosidl_typesupport_introspection_cpp.dir/rosidl_typesupport_introspection_cpp/micro_ros_msgs/msg/detail/node__type_support.cpp.o[0m
[6.228s] [ 48%] [32m[1mLinking CXX shared library libmicro_ros_msgs__rosidl_typesupport_c.so[0m
[6.266s] [ 51%] [32mBuilding C object CMakeFiles/micro_ros_msgs__rosidl_typesupport_introspection_c.dir/rosidl_typesupport_introspection_c/micro_ros_msgs/msg/detail/graph__type_support.c.o[0m
[6.347s] [ 53%] [32mBuilding C object CMakeFiles/micro_ros_msgs__rosidl_typesupport_introspection_c.dir/rosidl_typesupport_introspection_c/micro_ros_msgs/msg/detail/node__type_support.c.o[0m
[6.388s] [ 55%] [32m[1mLinking CXX shared library libmicro_ros_msgs__rosidl_typesupport_cpp.so[0m
[6.422s] [ 55%] Built target micro_ros_msgs__rosidl_typesupport_c
[6.447s] [ 57%] [32mBuilding CXX object CMakeFiles/micro_ros_msgs__rosidl_typesupport_fastrtps_cpp.dir/rosidl_typesupport_fastrtps_cpp/micro_ros_msgs/msg/detail/dds_fastrtps/node__type_support.cpp.o[0m
[6.456s] [ 59%] [32mBuilding CXX object CMakeFiles/micro_ros_msgs__rosidl_typesupport_fastrtps_c.dir/rosidl_typesupport_fastrtps_c/micro_ros_msgs/msg/detail/node__type_support_c.cpp.o[0m
[6.474s] [ 61%] [32mBuilding C object CMakeFiles/micro_ros_msgs__rosidl_typesupport_introspection_c.dir/rosidl_typesupport_introspection_c/micro_ros_msgs/msg/detail/entity__type_support.c.o[0m
[6.621s] [ 61%] Built target micro_ros_msgs__rosidl_typesupport_cpp
[6.632s] [ 63%] [32m[1mLinking C shared library libmicro_ros_msgs__rosidl_typesupport_introspection_c.so[0m
[6.667s] [ 65%] [32mBuilding CXX object CMakeFiles/micro_ros_msgs__rosidl_typesupport_fastrtps_cpp.dir/rosidl_typesupport_fastrtps_cpp/micro_ros_msgs/msg/detail/dds_fastrtps/entity__type_support.cpp.o[0m
[6.826s] [ 65%] Built target micro_ros_msgs__rosidl_typesupport_introspection_c
[6.877s] [ 68%] [32mBuilding CXX object CMakeFiles/micro_ros_msgs__rosidl_typesupport_fastrtps_c.dir/rosidl_typesupport_fastrtps_c/micro_ros_msgs/msg/detail/entity__type_support_c.cpp.o[0m
[6.998s] [ 70%] [32mBuilding CXX object CMakeFiles/micro_ros_msgs__rosidl_typesupport_introspection_cpp.dir/rosidl_typesupport_introspection_cpp/micro_ros_msgs/msg/detail/entity__type_support.cpp.o[0m
[8.138s] [ 72%] [32m[1mLinking CXX shared library libmicro_ros_msgs__rosidl_typesupport_fastrtps_c.so[0m
[8.223s] [ 74%] [32m[1mLinking CXX shared library libmicro_ros_msgs__rosidl_typesupport_introspection_cpp.so[0m
[8.376s] [ 74%] Built target micro_ros_msgs__rosidl_typesupport_fastrtps_c
[8.405s] [ 76%] [32m[1mLinking CXX shared library libmicro_ros_msgs__rosidl_typesupport_fastrtps_cpp.so[0m
[8.467s] [ 76%] Built target micro_ros_msgs__rosidl_typesupport_introspection_cpp
[8.665s] [ 76%] Built target micro_ros_msgs__rosidl_typesupport_fastrtps_cpp
[8.725s] [ 76%] Built target micro_ros_msgs
[8.779s] [ 78%] [34m[1mGenerating Python code for ROS interfaces[0m
[9.903s] [ 78%] Built target micro_ros_msgs__py
[9.949s] [ 80%] [32mBuilding C object CMakeFiles/micro_ros_msgs__rosidl_generator_py.dir/rosidl_generator_py/micro_ros_msgs/msg/_graph_s.c.o[0m
[9.949s] [ 82%] [32mBuilding C object CMakeFiles/micro_ros_msgs__rosidl_generator_py.dir/rosidl_generator_py/micro_ros_msgs/msg/_entity_s.c.o[0m
[9.952s] [ 85%] [32mBuilding C object CMakeFiles/micro_ros_msgs__rosidl_generator_py.dir/rosidl_generator_py/micro_ros_msgs/msg/_node_s.c.o[0m
[10.185s] [ 87%] [32m[1mLinking C shared library rosidl_generator_py/micro_ros_msgs/libmicro_ros_msgs__rosidl_generator_py.so[0m
[10.261s] [ 87%] Built target micro_ros_msgs__rosidl_generator_py
[10.301s] [ 93%] [32mBuilding C object CMakeFiles/micro_ros_msgs__rosidl_typesupport_c__pyext.dir/rosidl_generator_py/micro_ros_msgs/_micro_ros_msgs_s.ep.rosidl_typesupport_c.c.o[0m
[10.301s] [ 93%] [32mBuilding C object CMakeFiles/micro_ros_msgs__rosidl_typesupport_introspection_c__pyext.dir/rosidl_generator_py/micro_ros_msgs/_micro_ros_msgs_s.ep.rosidl_typesupport_introspection_c.c.o[0m
[10.303s] [ 93%] [32mBuilding C object CMakeFiles/micro_ros_msgs__rosidl_typesupport_fastrtps_c__pyext.dir/rosidl_generator_py/micro_ros_msgs/_micro_ros_msgs_s.ep.rosidl_typesupport_fastrtps_c.c.o[0m
[10.484s] [ 95%] [32m[1mLinking C shared library rosidl_generator_py/micro_ros_msgs/micro_ros_msgs_s__rosidl_typesupport_introspection_c.cpython-310-x86_64-linux-gnu.so[0m
[10.492s] [ 97%] [32m[1mLinking C shared library rosidl_generator_py/micro_ros_msgs/micro_ros_msgs_s__rosidl_typesupport_c.cpython-310-x86_64-linux-gnu.so[0m
[10.505s] [100%] [32m[1mLinking C shared library rosidl_generator_py/micro_ros_msgs/micro_ros_msgs_s__rosidl_typesupport_fastrtps_c.cpython-310-x86_64-linux-gnu.so[0m
[10.550s] [100%] Built target micro_ros_msgs__rosidl_typesupport_introspection_c__pyext
[10.562s] [100%] Built target micro_ros_msgs__rosidl_typesupport_c__pyext
[10.569s] [100%] Built target micro_ros_msgs__rosidl_typesupport_fastrtps_c__pyext
[10.591s] Invoked command in '/home/iarley/Documents/tcc/ratslam/microros_ws/build/micro_ros_msgs' returned '0': CMAKE_PREFIX_PATH=/home/iarley/Documents/tcc/ratslam/microros_ws/install/micro_ros_setup:/home/iarley/Documents/tcc/ratslam/microros_ws/install/micro_ros_agent:/home/iarley/Documents/tcc/ratslam/microros_ws/install/micro_ros_msgs:/home/iarley/ros2_ws/install/teste_morato:/home/iarley/ros2_ws/install/test_morato:/opt/ros/humble:/home/iarley/ros2_ws/install/rplidar_ros:/home/iarley/ros2_ws/install/my_pkg_cpp:/home/iarley/Documents/tcc/ratslam/ros2_ws/install/ratslam:/home/iarley/Documents/tcc/ratslam/ros2_ws/install/topological_msgs /usr/bin/cmake --build /home/iarley/Documents/tcc/ratslam/microros_ws/build/micro_ros_msgs -- -j8 -l8
[10.595s] Invoking command in '/home/iarley/Documents/tcc/ratslam/microros_ws/build/micro_ros_msgs': CMAKE_PREFIX_PATH=/home/iarley/Documents/tcc/ratslam/microros_ws/install/micro_ros_setup:/home/iarley/Documents/tcc/ratslam/microros_ws/install/micro_ros_agent:/home/iarley/Documents/tcc/ratslam/microros_ws/install/micro_ros_msgs:/home/iarley/ros2_ws/install/teste_morato:/home/iarley/ros2_ws/install/test_morato:/opt/ros/humble:/home/iarley/ros2_ws/install/rplidar_ros:/home/iarley/ros2_ws/install/my_pkg_cpp:/home/iarley/Documents/tcc/ratslam/ros2_ws/install/ratslam:/home/iarley/Documents/tcc/ratslam/ros2_ws/install/topological_msgs /usr/bin/cmake --install /home/iarley/Documents/tcc/ratslam/microros_ws/build/micro_ros_msgs
[10.608s] -- Install configuration: ""
[10.609s] -- Installing: /home/iarley/Documents/tcc/ratslam/microros_ws/install/micro_ros_msgs/share/ament_index/resource_index/rosidl_interfaces/micro_ros_msgs
[10.609s] -- Installing: /home/iarley/Documents/tcc/ratslam/microros_ws/install/micro_ros_msgs/include/micro_ros_msgs/micro_ros_msgs
[10.610s] -- Installing: /home/iarley/Documents/tcc/ratslam/microros_ws/install/micro_ros_msgs/include/micro_ros_msgs/micro_ros_msgs/msg
[10.610s] -- Installing: /home/iarley/Documents/tcc/ratslam/microros_ws/install/micro_ros_msgs/include/micro_ros_msgs/micro_ros_msgs/msg/entity.h
[10.610s] -- Installing: /home/iarley/Documents/tcc/ratslam/microros_ws/install/micro_ros_msgs/include/micro_ros_msgs/micro_ros_msgs/msg/rosidl_generator_c__visibility_control.h
[10.611s] -- Installing: /home/iarley/Documents/tcc/ratslam/microros_ws/install/micro_ros_msgs/include/micro_ros_msgs/micro_ros_msgs/msg/graph.h
[10.611s] -- Installing: /home/iarley/Documents/tcc/ratslam/microros_ws/install/micro_ros_msgs/include/micro_ros_msgs/micro_ros_msgs/msg/detail
[10.611s] -- Installing: /home/iarley/Documents/tcc/ratslam/microros_ws/install/micro_ros_msgs/include/micro_ros_msgs/micro_ros_msgs/msg/detail/graph__struct.h
[10.611s] -- Installing: /home/iarley/Documents/tcc/ratslam/microros_ws/install/micro_ros_msgs/include/micro_ros_msgs/micro_ros_msgs/msg/detail/node__type_support.h
[10.611s] -- Installing: /home/iarley/Documents/tcc/ratslam/microros_ws/install/micro_ros_msgs/include/micro_ros_msgs/micro_ros_msgs/msg/detail/entity__struct.h
[10.612s] -- Installing: /home/iarley/Documents/tcc/ratslam/microros_ws/install/micro_ros_msgs/include/micro_ros_msgs/micro_ros_msgs/msg/detail/entity__functions.c
[10.612s] -- Installing: /home/iarley/Documents/tcc/ratslam/microros_ws/install/micro_ros_msgs/include/micro_ros_msgs/micro_ros_msgs/msg/detail/graph__functions.c
[10.612s] -- Installing: /home/iarley/Documents/tcc/ratslam/microros_ws/install/micro_ros_msgs/include/micro_ros_msgs/micro_ros_msgs/msg/detail/node__functions.c
[10.612s] -- Installing: /home/iarley/Documents/tcc/ratslam/microros_ws/install/micro_ros_msgs/include/micro_ros_msgs/micro_ros_msgs/msg/detail/node__functions.h
[10.612s] -- Installing: /home/iarley/Documents/tcc/ratslam/microros_ws/install/micro_ros_msgs/include/micro_ros_msgs/micro_ros_msgs/msg/detail/graph__type_support.h
[10.613s] -- Installing: /home/iarley/Documents/tcc/ratslam/microros_ws/install/micro_ros_msgs/include/micro_ros_msgs/micro_ros_msgs/msg/detail/entity__functions.h
[10.613s] -- Installing: /home/iarley/Documents/tcc/ratslam/microros_ws/install/micro_ros_msgs/include/micro_ros_msgs/micro_ros_msgs/msg/detail/node__struct.h
[10.613s] -- Installing: /home/iarley/Documents/tcc/ratslam/microros_ws/install/micro_ros_msgs/include/micro_ros_msgs/micro_ros_msgs/msg/detail/entity__type_support.h
[10.613s] -- Installing: /home/iarley/Documents/tcc/ratslam/microros_ws/install/micro_ros_msgs/include/micro_ros_msgs/micro_ros_msgs/msg/detail/graph__functions.h
[10.613s] -- Installing: /home/iarley/Documents/tcc/ratslam/microros_ws/install/micro_ros_msgs/include/micro_ros_msgs/micro_ros_msgs/msg/node.h
[10.614s] -- Installing: /home/iarley/Documents/tcc/ratslam/microros_ws/install/micro_ros_msgs/share/micro_ros_msgs/environment/library_path.sh
[10.614s] -- Installing: /home/iarley/Documents/tcc/ratslam/microros_ws/install/micro_ros_msgs/share/micro_ros_msgs/environment/library_path.dsv
[10.615s] -- Installing: /home/iarley/Documents/tcc/ratslam/microros_ws/install/micro_ros_msgs/lib/libmicro_ros_msgs__rosidl_generator_c.so
[10.615s] -- Set runtime path of "/home/iarley/Documents/tcc/ratslam/microros_ws/install/micro_ros_msgs/lib/libmicro_ros_msgs__rosidl_generator_c.so" to ""
[10.616s] -- Up-to-date: /home/iarley/Documents/tcc/ratslam/microros_ws/install/micro_ros_msgs/include/micro_ros_msgs/micro_ros_msgs
[10.616s] -- Up-to-date: /home/iarley/Documents/tcc/ratslam/microros_ws/install/micro_ros_msgs/include/micro_ros_msgs/micro_ros_msgs/msg
[10.616s] -- Installing: /home/iarley/Documents/tcc/ratslam/microros_ws/install/micro_ros_msgs/include/micro_ros_msgs/micro_ros_msgs/msg/rosidl_typesupport_fastrtps_c__visibility_control.h
[10.616s] -- Up-to-date: /home/iarley/Documents/tcc/ratslam/microros_ws/install/micro_ros_msgs/include/micro_ros_msgs/micro_ros_msgs/msg/detail
[10.616s] -- Installing: /home/iarley/Documents/tcc/ratslam/microros_ws/install/micro_ros_msgs/include/micro_ros_msgs/micro_ros_msgs/msg/detail/node__rosidl_typesupport_fastrtps_c.h
[10.616s] -- Installing: /home/iarley/Documents/tcc/ratslam/microros_ws/install/micro_ros_msgs/include/micro_ros_msgs/micro_ros_msgs/msg/detail/graph__rosidl_typesupport_fastrtps_c.h
[10.617s] -- Installing: /home/iarley/Documents/tcc/ratslam/microros_ws/install/micro_ros_msgs/include/micro_ros_msgs/micro_ros_msgs/msg/detail/entity__rosidl_typesupport_fastrtps_c.h
[10.617s] -- Installing: /home/iarley/Documents/tcc/ratslam/microros_ws/install/micro_ros_msgs/lib/libmicro_ros_msgs__rosidl_typesupport_fastrtps_c.so
[10.617s] -- Set runtime path of "/home/iarley/Documents/tcc/ratslam/microros_ws/install/micro_ros_msgs/lib/libmicro_ros_msgs__rosidl_typesupport_fastrtps_c.so" to ""
[10.617s] -- Up-to-date: /home/iarley/Documents/tcc/ratslam/microros_ws/install/micro_ros_msgs/include/micro_ros_msgs/micro_ros_msgs
[10.618s] -- Up-to-date: /home/iarley/Documents/tcc/ratslam/microros_ws/install/micro_ros_msgs/include/micro_ros_msgs/micro_ros_msgs/msg
[10.618s] -- Up-to-date: /home/iarley/Documents/tcc/ratslam/microros_ws/install/micro_ros_msgs/include/micro_ros_msgs/micro_ros_msgs/msg/detail
[10.618s] -- Installing: /home/iarley/Documents/tcc/ratslam/microros_ws/install/micro_ros_msgs/include/micro_ros_msgs/micro_ros_msgs/msg/detail/graph__type_support.c
[10.618s] -- Installing: /home/iarley/Documents/tcc/ratslam/microros_ws/install/micro_ros_msgs/include/micro_ros_msgs/micro_ros_msgs/msg/detail/entity__type_support.c
[10.618s] -- Installing: /home/iarley/Documents/tcc/ratslam/microros_ws/install/micro_ros_msgs/include/micro_ros_msgs/micro_ros_msgs/msg/detail/graph__rosidl_typesupport_introspection_c.h
[10.618s] -- Installing: /home/iarley/Documents/tcc/ratslam/microros_ws/install/micro_ros_msgs/include/micro_ros_msgs/micro_ros_msgs/msg/detail/node__type_support.c
[10.619s] -- Installing: /home/iarley/Documents/tcc/ratslam/microros_ws/install/micro_ros_msgs/include/micro_ros_msgs/micro_ros_msgs/msg/detail/node__rosidl_typesupport_introspection_c.h
[10.619s] -- Installing: /home/iarley/Documents/tcc/ratslam/microros_ws/install/micro_ros_msgs/include/micro_ros_msgs/micro_ros_msgs/msg/detail/entity__rosidl_typesupport_introspection_c.h
[10.619s] -- Installing: /home/iarley/Documents/tcc/ratslam/microros_ws/install/micro_ros_msgs/include/micro_ros_msgs/micro_ros_msgs/msg/rosidl_typesupport_introspection_c__visibility_control.h
[10.619s] -- Installing: /home/iarley/Documents/tcc/ratslam/microros_ws/install/micro_ros_msgs/lib/libmicro_ros_msgs__rosidl_typesupport_introspection_c.so
[10.620s] -- Set runtime path of "/home/iarley/Documents/tcc/ratslam/microros_ws/install/micro_ros_msgs/lib/libmicro_ros_msgs__rosidl_typesupport_introspection_c.so" to ""
[10.620s] -- Installing: /home/iarley/Documents/tcc/ratslam/microros_ws/install/micro_ros_msgs/lib/libmicro_ros_msgs__rosidl_typesupport_c.so
[10.620s] -- Set runtime path of "/home/iarley/Documents/tcc/ratslam/microros_ws/install/micro_ros_msgs/lib/libmicro_ros_msgs__rosidl_typesupport_c.so" to ""
[10.621s] -- Up-to-date: /home/iarley/Documents/tcc/ratslam/microros_ws/install/micro_ros_msgs/include/micro_ros_msgs/micro_ros_msgs
[10.621s] -- Up-to-date: /home/iarley/Documents/tcc/ratslam/microros_ws/install/micro_ros_msgs/include/micro_ros_msgs/micro_ros_msgs/msg
[10.621s] -- Installing: /home/iarley/Documents/tcc/ratslam/microros_ws/install/micro_ros_msgs/include/micro_ros_msgs/micro_ros_msgs/msg/entity.hpp
[10.621s] -- Installing: /home/iarley/Documents/tcc/ratslam/microros_ws/install/micro_ros_msgs/include/micro_ros_msgs/micro_ros_msgs/msg/rosidl_generator_cpp__visibility_control.hpp
[10.621s] -- Installing: /home/iarley/Documents/tcc/ratslam/microros_ws/install/micro_ros_msgs/include/micro_ros_msgs/micro_ros_msgs/msg/graph.hpp
[10.621s] -- Installing: /home/iarley/Documents/tcc/ratslam/microros_ws/install/micro_ros_msgs/include/micro_ros_msgs/micro_ros_msgs/msg/node.hpp
[10.621s] -- Up-to-date: /home/iarley/Documents/tcc/ratslam/microros_ws/install/micro_ros_msgs/include/micro_ros_msgs/micro_ros_msgs/msg/detail
[10.622s] -- Installing: /home/iarley/Documents/tcc/ratslam/microros_ws/install/micro_ros_msgs/include/micro_ros_msgs/micro_ros_msgs/msg/detail/entity__traits.hpp
[10.622s] -- Installing: /home/iarley/Documents/tcc/ratslam/microros_ws/install/micro_ros_msgs/include/micro_ros_msgs/micro_ros_msgs/msg/detail/entity__builder.hpp
[10.622s] -- Installing: /home/iarley/Documents/tcc/ratslam/microros_ws/install/micro_ros_msgs/include/micro_ros_msgs/micro_ros_msgs/msg/detail/graph__type_support.hpp
[10.622s] -- Installing: /home/iarley/Documents/tcc/ratslam/microros_ws/install/micro_ros_msgs/include/micro_ros_msgs/micro_ros_msgs/msg/detail/node__struct.hpp
[10.622s] -- Installing: /home/iarley/Documents/tcc/ratslam/microros_ws/install/micro_ros_msgs/include/micro_ros_msgs/micro_ros_msgs/msg/detail/node__builder.hpp
[10.623s] -- Installing: /home/iarley/Documents/tcc/ratslam/microros_ws/install/micro_ros_msgs/include/micro_ros_msgs/micro_ros_msgs/msg/detail/node__type_support.hpp
[10.623s] -- Installing: /home/iarley/Documents/tcc/ratslam/microros_ws/install/micro_ros_msgs/include/micro_ros_msgs/micro_ros_msgs/msg/detail/node__traits.hpp
[10.623s] -- Installing: /home/iarley/Documents/tcc/ratslam/microros_ws/install/micro_ros_msgs/include/micro_ros_msgs/micro_ros_msgs/msg/detail/entity__type_support.hpp
[10.623s] -- Installing: /home/iarley/Documents/tcc/ratslam/microros_ws/install/micro_ros_msgs/include/micro_ros_msgs/micro_ros_msgs/msg/detail/entity__struct.hpp
[10.623s] -- Installing: /home/iarley/Documents/tcc/ratslam/microros_ws/install/micro_ros_msgs/include/micro_ros_msgs/micro_ros_msgs/msg/detail/graph__traits.hpp
[10.623s] -- Installing: /home/iarley/Documents/tcc/ratslam/microros_ws/install/micro_ros_msgs/include/micro_ros_msgs/micro_ros_msgs/msg/detail/graph__struct.hpp
[10.624s] -- Installing: /home/iarley/Documents/tcc/ratslam/microros_ws/install/micro_ros_msgs/include/micro_ros_msgs/micro_ros_msgs/msg/detail/graph__builder.hpp
[10.624s] -- Up-to-date: /home/iarley/Documents/tcc/ratslam/microros_ws/install/micro_ros_msgs/include/micro_ros_msgs/micro_ros_msgs
[10.624s] -- Up-to-date: /home/iarley/Documents/tcc/ratslam/microros_ws/install/micro_ros_msgs/include/micro_ros_msgs/micro_ros_msgs/msg
[10.624s] -- Installing: /home/iarley/Documents/tcc/ratslam/microros_ws/install/micro_ros_msgs/include/micro_ros_msgs/micro_ros_msgs/msg/rosidl_typesupport_fastrtps_cpp__visibility_control.h
[10.624s] -- Up-to-date: /home/iarley/Documents/tcc/ratslam/microros_ws/install/micro_ros_msgs/include/micro_ros_msgs/micro_ros_msgs/msg/detail
[10.625s] -- Installing: /home/iarley/Documents/tcc/ratslam/microros_ws/install/micro_ros_msgs/include/micro_ros_msgs/micro_ros_msgs/msg/detail/graph__rosidl_typesupport_fastrtps_cpp.hpp
[10.625s] -- Installing: /home/iarley/Documents/tcc/ratslam/microros_ws/install/micro_ros_msgs/include/micro_ros_msgs/micro_ros_msgs/msg/detail/entity__rosidl_typesupport_fastrtps_cpp.hpp
[10.625s] -- Installing: /home/iarley/Documents/tcc/ratslam/microros_ws/install/micro_ros_msgs/include/micro_ros_msgs/micro_ros_msgs/msg/detail/dds_fastrtps
[10.625s] -- Installing: /home/iarley/Documents/tcc/ratslam/microros_ws/install/micro_ros_msgs/include/micro_ros_msgs/micro_ros_msgs/msg/detail/node__rosidl_typesupport_fastrtps_cpp.hpp
[10.625s] -- Installing: /home/iarley/Documents/tcc/ratslam/microros_ws/install/micro_ros_msgs/lib/libmicro_ros_msgs__rosidl_typesupport_fastrtps_cpp.so
[10.627s] -- Set runtime path of "/home/iarley/Documents/tcc/ratslam/microros_ws/install/micro_ros_msgs/lib/libmicro_ros_msgs__rosidl_typesupport_fastrtps_cpp.so" to ""
[10.627s] -- Up-to-date: /home/iarley/Documents/tcc/ratslam/microros_ws/install/micro_ros_msgs/include/micro_ros_msgs/micro_ros_msgs
[10.627s] -- Up-to-date: /home/iarley/Documents/tcc/ratslam/microros_ws/install/micro_ros_msgs/include/micro_ros_msgs/micro_ros_msgs/msg
[10.628s] -- Up-to-date: /home/iarley/Documents/tcc/ratslam/microros_ws/install/micro_ros_msgs/include/micro_ros_msgs/micro_ros_msgs/msg/detail
[10.628s] -- Installing: /home/iarley/Documents/tcc/ratslam/microros_ws/install/micro_ros_msgs/include/micro_ros_msgs/micro_ros_msgs/msg/detail/entity__rosidl_typesupport_introspection_cpp.hpp
[10.628s] -- Installing: /home/iarley/Documents/tcc/ratslam/microros_ws/install/micro_ros_msgs/include/micro_ros_msgs/micro_ros_msgs/msg/detail/entity__type_support.cpp
[10.628s] -- Installing: /home/iarley/Documents/tcc/ratslam/microros_ws/install/micro_ros_msgs/include/micro_ros_msgs/micro_ros_msgs/msg/detail/graph__type_support.cpp
[10.628s] -- Installing: /home/iarley/Documents/tcc/ratslam/microros_ws/install/micro_ros_msgs/include/micro_ros_msgs/micro_ros_msgs/msg/detail/node__rosidl_typesupport_introspection_cpp.hpp
[10.629s] -- Installing: /home/iarley/Documents/tcc/ratslam/microros_ws/install/micro_ros_msgs/include/micro_ros_msgs/micro_ros_msgs/msg/detail/graph__rosidl_typesupport_introspection_cpp.hpp
[10.629s] -- Installing: /home/iarley/Documents/tcc/ratslam/microros_ws/install/micro_ros_msgs/include/micro_ros_msgs/micro_ros_msgs/msg/detail/node__type_support.cpp
[10.630s] -- Installing: /home/iarley/Documents/tcc/ratslam/microros_ws/install/micro_ros_msgs/lib/libmicro_ros_msgs__rosidl_typesupport_introspection_cpp.so
[10.630s] -- Set runtime path of "/home/iarley/Documents/tcc/ratslam/microros_ws/install/micro_ros_msgs/lib/libmicro_ros_msgs__rosidl_typesupport_introspection_cpp.so" to ""
[10.630s] -- Installing: /home/iarley/Documents/tcc/ratslam/microros_ws/install/micro_ros_msgs/lib/libmicro_ros_msgs__rosidl_typesupport_cpp.so
[10.631s] -- Set runtime path of "/home/iarley/Documents/tcc/ratslam/microros_ws/install/micro_ros_msgs/lib/libmicro_ros_msgs__rosidl_typesupport_cpp.so" to ""
[10.631s] -- Installing: /home/iarley/Documents/tcc/ratslam/microros_ws/install/micro_ros_msgs/share/micro_ros_msgs/environment/pythonpath.sh
[10.631s] -- Installing: /home/iarley/Documents/tcc/ratslam/microros_ws/install/micro_ros_msgs/share/micro_ros_msgs/environment/pythonpath.dsv
[10.632s] -- Installing: /home/iarley/Documents/tcc/ratslam/microros_ws/install/micro_ros_msgs/local/lib/python3.10/dist-packages/micro_ros_msgs-3.0.1-py3.10.egg-info
[10.632s] -- Installing: /home/iarley/Documents/tcc/ratslam/microros_ws/install/micro_ros_msgs/local/lib/python3.10/dist-packages/micro_ros_msgs-3.0.1-py3.10.egg-info/SOURCES.txt
[10.632s] -- Installing: /home/iarley/Documents/tcc/ratslam/microros_ws/install/micro_ros_msgs/local/lib/python3.10/dist-packages/micro_ros_msgs-3.0.1-py3.10.egg-info/PKG-INFO
[10.633s] -- Installing: /home/iarley/Documents/tcc/ratslam/microros_ws/install/micro_ros_msgs/local/lib/python3.10/dist-packages/micro_ros_msgs-3.0.1-py3.10.egg-info/dependency_links.txt
[10.633s] -- Installing: /home/iarley/Documents/tcc/ratslam/microros_ws/install/micro_ros_msgs/local/lib/python3.10/dist-packages/micro_ros_msgs-3.0.1-py3.10.egg-info/top_level.txt
[10.633s] -- Installing: /home/iarley/Documents/tcc/ratslam/microros_ws/install/micro_ros_msgs/local/lib/python3.10/dist-packages/micro_ros_msgs
[10.633s] -- Installing: /home/iarley/Documents/tcc/ratslam/microros_ws/install/micro_ros_msgs/local/lib/python3.10/dist-packages/micro_ros_msgs/_micro_ros_msgs_s.ep.rosidl_typesupport_introspection_c.c
[10.634s] -- Installing: /home/iarley/Documents/tcc/ratslam/microros_ws/install/micro_ros_msgs/local/lib/python3.10/dist-packages/micro_ros_msgs/micro_ros_msgs_s__rosidl_typesupport_introspection_c.cpython-310-x86_64-linux-gnu.so
[10.634s] -- Installing: /home/iarley/Documents/tcc/ratslam/microros_ws/install/micro_ros_msgs/local/lib/python3.10/dist-packages/micro_ros_msgs/_micro_ros_msgs_s.ep.rosidl_typesupport_fastrtps_c.c
[10.634s] -- Installing: /home/iarley/Documents/tcc/ratslam/microros_ws/install/micro_ros_msgs/local/lib/python3.10/dist-packages/micro_ros_msgs/msg
[10.635s] -- Installing: /home/iarley/Documents/tcc/ratslam/microros_ws/install/micro_ros_msgs/local/lib/python3.10/dist-packages/micro_ros_msgs/msg/_graph.py
[10.635s] -- Installing: /home/iarley/Documents/tcc/ratslam/microros_ws/install/micro_ros_msgs/local/lib/python3.10/dist-packages/micro_ros_msgs/msg/_node.py
[10.635s] -- Installing: /home/iarley/Documents/tcc/ratslam/microros_ws/install/micro_ros_msgs/local/lib/python3.10/dist-packages/micro_ros_msgs/msg/__init__.py
[10.636s] -- Installing: /home/iarley/Documents/tcc/ratslam/microros_ws/install/micro_ros_msgs/local/lib/python3.10/dist-packages/micro_ros_msgs/msg/_graph_s.c
[10.636s] -- Installing: /home/iarley/Documents/tcc/ratslam/microros_ws/install/micro_ros_msgs/local/lib/python3.10/dist-packages/micro_ros_msgs/msg/_entity_s.c
[10.636s] -- Installing: /home/iarley/Documents/tcc/ratslam/microros_ws/install/micro_ros_msgs/local/lib/python3.10/dist-packages/micro_ros_msgs/msg/_entity.py
[10.636s] -- Installing: /home/iarley/Documents/tcc/ratslam/microros_ws/install/micro_ros_msgs/local/lib/python3.10/dist-packages/micro_ros_msgs/msg/_node_s.c
[10.637s] -- Installing: /home/iarley/Documents/tcc/ratslam/microros_ws/install/micro_ros_msgs/local/lib/python3.10/dist-packages/micro_ros_msgs/__init__.py
[10.637s] -- Installing: /home/iarley/Documents/tcc/ratslam/microros_ws/install/micro_ros_msgs/local/lib/python3.10/dist-packages/micro_ros_msgs/micro_ros_msgs_s__rosidl_typesupport_c.cpython-310-x86_64-linux-gnu.so
[10.637s] -- Installing: /home/iarley/Documents/tcc/ratslam/microros_ws/install/micro_ros_msgs/local/lib/python3.10/dist-packages/micro_ros_msgs/micro_ros_msgs_s__rosidl_typesupport_fastrtps_c.cpython-310-x86_64-linux-gnu.so
[10.637s] -- Installing: /home/iarley/Documents/tcc/ratslam/microros_ws/install/micro_ros_msgs/local/lib/python3.10/dist-packages/micro_ros_msgs/libmicro_ros_msgs__rosidl_generator_py.so
[10.637s] -- Installing: /home/iarley/Documents/tcc/ratslam/microros_ws/install/micro_ros_msgs/local/lib/python3.10/dist-packages/micro_ros_msgs/_micro_ros_msgs_s.ep.rosidl_typesupport_c.c
[10.692s] Listing '/home/iarley/Documents/tcc/ratslam/microros_ws/install/micro_ros_msgs/local/lib/python3.10/dist-packages/micro_ros_msgs'...
[10.693s] Compiling '/home/iarley/Documents/tcc/ratslam/microros_ws/install/micro_ros_msgs/local/lib/python3.10/dist-packages/micro_ros_msgs/__init__.py'...
[10.693s] Listing '/home/iarley/Documents/tcc/ratslam/microros_ws/install/micro_ros_msgs/local/lib/python3.10/dist-packages/micro_ros_msgs/msg'...
[10.693s] Compiling '/home/iarley/Documents/tcc/ratslam/microros_ws/install/micro_ros_msgs/local/lib/python3.10/dist-packages/micro_ros_msgs/msg/__init__.py'...
[10.693s] Compiling '/home/iarley/Documents/tcc/ratslam/microros_ws/install/micro_ros_msgs/local/lib/python3.10/dist-packages/micro_ros_msgs/msg/_entity.py'...
[10.693s] Compiling '/home/iarley/Documents/tcc/ratslam/microros_ws/install/micro_ros_msgs/local/lib/python3.10/dist-packages/micro_ros_msgs/msg/_graph.py'...
[10.693s] Compiling '/home/iarley/Documents/tcc/ratslam/microros_ws/install/micro_ros_msgs/local/lib/python3.10/dist-packages/micro_ros_msgs/msg/_node.py'...
[10.702s] -- Installing: /home/iarley/Documents/tcc/ratslam/microros_ws/install/micro_ros_msgs/local/lib/python3.10/dist-packages/micro_ros_msgs/micro_ros_msgs_s__rosidl_typesupport_fastrtps_c.cpython-310-x86_64-linux-gnu.so
[10.703s] -- Set runtime path of "/home/iarley/Documents/tcc/ratslam/microros_ws/install/micro_ros_msgs/local/lib/python3.10/dist-packages/micro_ros_msgs/micro_ros_msgs_s__rosidl_typesupport_fastrtps_c.cpython-310-x86_64-linux-gnu.so" to ""
[10.703s] -- Installing: /home/iarley/Documents/tcc/ratslam/microros_ws/install/micro_ros_msgs/local/lib/python3.10/dist-packages/micro_ros_msgs/micro_ros_msgs_s__rosidl_typesupport_introspection_c.cpython-310-x86_64-linux-gnu.so
[10.704s] -- Set runtime path of "/home/iarley/Documents/tcc/ratslam/microros_ws/install/micro_ros_msgs/local/lib/python3.10/dist-packages/micro_ros_msgs/micro_ros_msgs_s__rosidl_typesupport_introspection_c.cpython-310-x86_64-linux-gnu.so" to ""
[10.704s] -- Installing: /home/iarley/Documents/tcc/ratslam/microros_ws/install/micro_ros_msgs/local/lib/python3.10/dist-packages/micro_ros_msgs/micro_ros_msgs_s__rosidl_typesupport_c.cpython-310-x86_64-linux-gnu.so
[10.705s] -- Set runtime path of "/home/iarley/Documents/tcc/ratslam/microros_ws/install/micro_ros_msgs/local/lib/python3.10/dist-packages/micro_ros_msgs/micro_ros_msgs_s__rosidl_typesupport_c.cpython-310-x86_64-linux-gnu.so" to ""
[10.706s] -- Installing: /home/iarley/Documents/tcc/ratslam/microros_ws/install/micro_ros_msgs/lib/libmicro_ros_msgs__rosidl_generator_py.so
[10.706s] -- Set runtime path of "/home/iarley/Documents/tcc/ratslam/microros_ws/install/micro_ros_msgs/lib/libmicro_ros_msgs__rosidl_generator_py.so" to ""
[10.707s] -- Installing: /home/iarley/Documents/tcc/ratslam/microros_ws/install/micro_ros_msgs/share/micro_ros_msgs/msg/Graph.idl
[10.707s] -- Installing: /home/iarley/Documents/tcc/ratslam/microros_ws/install/micro_ros_msgs/share/micro_ros_msgs/msg/Node.idl
[10.707s] -- Installing: /home/iarley/Documents/tcc/ratslam/microros_ws/install/micro_ros_msgs/share/micro_ros_msgs/msg/Entity.idl
[10.708s] -- Installing: /home/iarley/Documents/tcc/ratslam/microros_ws/install/micro_ros_msgs/share/micro_ros_msgs/msg/Graph.msg
[10.708s] -- Installing: /home/iarley/Documents/tcc/ratslam/microros_ws/install/micro_ros_msgs/share/micro_ros_msgs/msg/Node.msg
[10.708s] -- Installing: /home/iarley/Documents/tcc/ratslam/microros_ws/install/micro_ros_msgs/share/micro_ros_msgs/msg/Entity.msg
[10.709s] -- Installing: /home/iarley/Documents/tcc/ratslam/microros_ws/install/micro_ros_msgs/share/ament_index/resource_index/package_run_dependencies/micro_ros_msgs
[10.709s] -- Installing: /home/iarley/Documents/tcc/ratslam/microros_ws/install/micro_ros_msgs/share/ament_index/resource_index/parent_prefix_path/micro_ros_msgs
[10.709s] -- Installing: /home/iarley/Documents/tcc/ratslam/microros_ws/install/micro_ros_msgs/share/micro_ros_msgs/environment/ament_prefix_path.sh
[10.709s] -- Installing: /home/iarley/Documents/tcc/ratslam/microros_ws/install/micro_ros_msgs/share/micro_ros_msgs/environment/ament_prefix_path.dsv
[10.710s] -- Installing: /home/iarley/Documents/tcc/ratslam/microros_ws/install/micro_ros_msgs/share/micro_ros_msgs/environment/path.sh
[10.710s] -- Installing: /home/iarley/Documents/tcc/ratslam/microros_ws/install/micro_ros_msgs/share/micro_ros_msgs/environment/path.dsv
[10.710s] -- Installing: /home/iarley/Documents/tcc/ratslam/microros_ws/install/micro_ros_msgs/share/micro_ros_msgs/local_setup.bash
[10.711s] -- Installing: /home/iarley/Documents/tcc/ratslam/microros_ws/install/micro_ros_msgs/share/micro_ros_msgs/local_setup.sh
[10.711s] -- Installing: /home/iarley/Documents/tcc/ratslam/microros_ws/install/micro_ros_msgs/share/micro_ros_msgs/local_setup.zsh
[10.711s] -- Installing: /home/iarley/Documents/tcc/ratslam/microros_ws/install/micro_ros_msgs/share/micro_ros_msgs/local_setup.dsv
[10.712s] -- Installing: /home/iarley/Documents/tcc/ratslam/microros_ws/install/micro_ros_msgs/share/micro_ros_msgs/package.dsv
[10.712s] -- Installing: /home/iarley/Documents/tcc/ratslam/microros_ws/install/micro_ros_msgs/share/ament_index/resource_index/packages/micro_ros_msgs
[10.713s] -- Installing: /home/iarley/Documents/tcc/ratslam/microros_ws/install/micro_ros_msgs/share/micro_ros_msgs/cmake/export_micro_ros_msgs__rosidl_generator_cExport.cmake
[10.713s] -- Installing: /home/iarley/Documents/tcc/ratslam/microros_ws/install/micro_ros_msgs/share/micro_ros_msgs/cmake/export_micro_ros_msgs__rosidl_generator_cExport-noconfig.cmake
[10.713s] -- Installing: /home/iarley/Documents/tcc/ratslam/microros_ws/install/micro_ros_msgs/share/micro_ros_msgs/cmake/export_micro_ros_msgs__rosidl_typesupport_fastrtps_cExport.cmake
[10.714s] -- Installing: /home/iarley/Documents/tcc/ratslam/microros_ws/install/micro_ros_msgs/share/micro_ros_msgs/cmake/export_micro_ros_msgs__rosidl_typesupport_fastrtps_cExport-noconfig.cmake
[10.714s] -- Installing: /home/iarley/Documents/tcc/ratslam/microros_ws/install/micro_ros_msgs/share/micro_ros_msgs/cmake/micro_ros_msgs__rosidl_typesupport_introspection_cExport.cmake
[10.714s] -- Installing: /home/iarley/Documents/tcc/ratslam/microros_ws/install/micro_ros_msgs/share/micro_ros_msgs/cmake/micro_ros_msgs__rosidl_typesupport_introspection_cExport-noconfig.cmake
[10.714s] -- Installing: /home/iarley/Documents/tcc/ratslam/microros_ws/install/micro_ros_msgs/share/micro_ros_msgs/cmake/micro_ros_msgs__rosidl_typesupport_cExport.cmake
[10.715s] -- Installing: /home/iarley/Documents/tcc/ratslam/microros_ws/install/micro_ros_msgs/share/micro_ros_msgs/cmake/micro_ros_msgs__rosidl_typesupport_cExport-noconfig.cmake
[10.715s] -- Installing: /home/iarley/Documents/tcc/ratslam/microros_ws/install/micro_ros_msgs/share/micro_ros_msgs/cmake/export_micro_ros_msgs__rosidl_generator_cppExport.cmake
[10.715s] -- Installing: /home/iarley/Documents/tcc/ratslam/microros_ws/install/micro_ros_msgs/share/micro_ros_msgs/cmake/export_micro_ros_msgs__rosidl_typesupport_fastrtps_cppExport.cmake
[10.715s] -- Installing: /home/iarley/Documents/tcc/ratslam/microros_ws/install/micro_ros_msgs/share/micro_ros_msgs/cmake/export_micro_ros_msgs__rosidl_typesupport_fastrtps_cppExport-noconfig.cmake
[10.716s] -- Installing: /home/iarley/Documents/tcc/ratslam/microros_ws/install/micro_ros_msgs/share/micro_ros_msgs/cmake/micro_ros_msgs__rosidl_typesupport_introspection_cppExport.cmake
[10.716s] -- Installing: /home/iarley/Documents/tcc/ratslam/microros_ws/install/micro_ros_msgs/share/micro_ros_msgs/cmake/micro_ros_msgs__rosidl_typesupport_introspection_cppExport-noconfig.cmake
[10.716s] -- Installing: /home/iarley/Documents/tcc/ratslam/microros_ws/install/micro_ros_msgs/share/micro_ros_msgs/cmake/micro_ros_msgs__rosidl_typesupport_cppExport.cmake
[10.717s] -- Installing: /home/iarley/Documents/tcc/ratslam/microros_ws/install/micro_ros_msgs/share/micro_ros_msgs/cmake/micro_ros_msgs__rosidl_typesupport_cppExport-noconfig.cmake
[10.717s] -- Installing: /home/iarley/Documents/tcc/ratslam/microros_ws/install/micro_ros_msgs/share/micro_ros_msgs/cmake/export_micro_ros_msgs__rosidl_generator_pyExport.cmake
[10.717s] -- Installing: /home/iarley/Documents/tcc/ratslam/microros_ws/install/micro_ros_msgs/share/micro_ros_msgs/cmake/export_micro_ros_msgs__rosidl_generator_pyExport-noconfig.cmake
[10.717s] -- Installing: /home/iarley/Documents/tcc/ratslam/microros_ws/install/micro_ros_msgs/share/micro_ros_msgs/cmake/rosidl_cmake-extras.cmake
[10.718s] -- Installing: /home/iarley/Documents/tcc/ratslam/microros_ws/install/micro_ros_msgs/share/micro_ros_msgs/cmake/ament_cmake_export_include_directories-extras.cmake
[10.718s] -- Installing: /home/iarley/Documents/tcc/ratslam/microros_ws/install/micro_ros_msgs/share/micro_ros_msgs/cmake/ament_cmake_export_libraries-extras.cmake
[10.718s] -- Installing: /home/iarley/Documents/tcc/ratslam/microros_ws/install/micro_ros_msgs/share/micro_ros_msgs/cmake/ament_cmake_export_targets-extras.cmake
[10.718s] -- Installing: /home/iarley/Documents/tcc/ratslam/microros_ws/install/micro_ros_msgs/share/micro_ros_msgs/cmake/rosidl_cmake_export_typesupport_targets-extras.cmake
[10.719s] -- Installing: /home/iarley/Documents/tcc/ratslam/microros_ws/install/micro_ros_msgs/share/micro_ros_msgs/cmake/ament_cmake_export_dependencies-extras.cmake
[10.719s] -- Installing: /home/iarley/Documents/tcc/ratslam/microros_ws/install/micro_ros_msgs/share/micro_ros_msgs/cmake/rosidl_cmake_export_typesupport_libraries-extras.cmake
[10.719s] -- Installing: /home/iarley/Documents/tcc/ratslam/microros_ws/install/micro_ros_msgs/share/micro_ros_msgs/cmake/micro_ros_msgsConfig.cmake
[10.719s] -- Installing: /home/iarley/Documents/tcc/ratslam/microros_ws/install/micro_ros_msgs/share/micro_ros_msgs/cmake/micro_ros_msgsConfig-version.cmake
[10.720s] -- Installing: /home/iarley/Documents/tcc/ratslam/microros_ws/install/micro_ros_msgs/share/micro_ros_msgs/package.xml
[10.724s] Invoked command in '/home/iarley/Documents/tcc/ratslam/microros_ws/build/micro_ros_msgs' returned '0': CMAKE_PREFIX_PATH=/home/iarley/Documents/tcc/ratslam/microros_ws/install/micro_ros_setup:/home/iarley/Documents/tcc/ratslam/microros_ws/install/micro_ros_agent:/home/iarley/Documents/tcc/ratslam/microros_ws/install/micro_ros_msgs:/home/iarley/ros2_ws/install/teste_morato:/home/iarley/ros2_ws/install/test_morato:/opt/ros/humble:/home/iarley/ros2_ws/install/rplidar_ros:/home/iarley/ros2_ws/install/my_pkg_cpp:/home/iarley/Documents/tcc/ratslam/ros2_ws/install/ratslam:/home/iarley/Documents/tcc/ratslam/ros2_ws/install/topological_msgs /usr/bin/cmake --install /home/iarley/Documents/tcc/ratslam/microros_ws/build/micro_ros_msgs
