[0.297s] DEBUG:colcon:Command line arguments: ['/usr/bin/colcon', 'build']
[0.297s] DEBUG:colcon:Parsed command line arguments: Namespace(log_base=None, log_level=None, verb_name='build', build_base='build', install_base='install', merge_install=False, symlink_install=False, test_result_base=None, continue_on_error=False, executor='parallel', parallel_workers=8, event_handlers=None, ignore_user_meta=False, metas=['./colcon.meta'], base_paths=['.'], packages_ignore=None, packages_ignore_regex=None, paths=None, packages_up_to=None, packages_up_to_regex=None, packages_above=None, packages_above_and_dependencies=None, packages_above_depth=None, packages_select_by_dep=None, packages_skip_by_dep=None, packages_skip_up_to=None, packages_select_build_failed=False, packages_skip_build_finished=False, packages_select_test_failures=False, packages_skip_test_passed=False, packages_select=None, packages_skip=None, packages_select_regex=None, packages_skip_regex=None, packages_start=None, packages_end=None, allow_overriding=[], cmake_args=None, cmake_target=None, cmake_target_skip_unavailable=False, cmake_clean_cache=False, cmake_clean_first=False, cmake_force_configure=False, ament_cmake_args=None, catkin_cmake_args=None, catkin_skip_building_tests=False, mixin_files=None, mixin=None, verb_parser=<colcon_mixin.mixin.mixin_argument.MixinArgumentDecorator object at 0x7634233f7430>, verb_extension=<colcon_core.verb.build.BuildVerb object at 0x7634233ace50>, main=<bound method BuildVerb.main of <colcon_core.verb.build.BuildVerb object at 0x7634233ace50>>, mixin_verb=('build',))
[0.669s] Level 1:colcon.colcon_core.package_discovery:discover_packages(colcon_meta) check parameters
[0.669s] Level 1:colcon.colcon_core.package_discovery:discover_packages(recursive) check parameters
[0.669s] Level 1:colcon.colcon_core.package_discovery:discover_packages(ignore) check parameters
[0.669s] Level 1:colcon.colcon_core.package_discovery:discover_packages(path) check parameters
[0.669s] Level 1:colcon.colcon_core.package_discovery:discover_packages(colcon_meta) discover
[0.669s] Level 1:colcon.colcon_core.package_discovery:discover_packages(recursive) discover
[0.669s] INFO:colcon.colcon_core.package_discovery:Crawling recursively for packages in '/home/iarley/Documents/tcc/ratslam/microros_ws'
[0.669s] Level 1:colcon.colcon_core.package_identification:_identify(.) by extensions ['ignore', 'ignore_ament_install']
[0.670s] Level 1:colcon.colcon_core.package_identification:_identify(.) by extension 'ignore'
[0.670s] Level 1:colcon.colcon_core.package_identification:_identify(.) by extension 'ignore_ament_install'
[0.670s] Level 1:colcon.colcon_core.package_identification:_identify(.) by extensions ['colcon_pkg']
[0.670s] Level 1:colcon.colcon_core.package_identification:_identify(.) by extension 'colcon_pkg'
[0.670s] Level 1:colcon.colcon_core.package_identification:_identify(.) by extensions ['colcon_meta']
[0.670s] Level 1:colcon.colcon_core.package_identification:_identify(.) by extension 'colcon_meta'
[0.670s] Level 1:colcon.colcon_core.package_identification:_identify(.) by extensions ['ros']
[0.670s] Level 1:colcon.colcon_core.package_identification:_identify(.) by extension 'ros'
[0.695s] Level 1:colcon.colcon_core.package_identification:_identify(.) by extensions ['cmake', 'python']
[0.695s] Level 1:colcon.colcon_core.package_identification:_identify(.) by extension 'cmake'
[0.695s] Level 1:colcon.colcon_core.package_identification:_identify(.) by extension 'python'
[0.695s] Level 1:colcon.colcon_core.package_identification:_identify(.) by extensions ['python_setup_py']
[0.695s] Level 1:colcon.colcon_core.package_identification:_identify(.) by extension 'python_setup_py'
[0.695s] Level 1:colcon.colcon_core.package_identification:_identify(build) by extensions ['ignore', 'ignore_ament_install']
[0.696s] Level 1:colcon.colcon_core.package_identification:_identify(build) by extension 'ignore'
[0.696s] Level 1:colcon.colcon_core.package_identification:_identify(build) ignored
[0.696s] Level 1:colcon.colcon_core.package_identification:_identify(install) by extensions ['ignore', 'ignore_ament_install']
[0.696s] Level 1:colcon.colcon_core.package_identification:_identify(install) by extension 'ignore'
[0.696s] Level 1:colcon.colcon_core.package_identification:_identify(install) ignored
[0.696s] Level 1:colcon.colcon_core.package_identification:_identify(log) by extensions ['ignore', 'ignore_ament_install']
[0.696s] Level 1:colcon.colcon_core.package_identification:_identify(log) by extension 'ignore'
[0.696s] Level 1:colcon.colcon_core.package_identification:_identify(log) ignored
[0.697s] Level 1:colcon.colcon_core.package_identification:_identify(src) by extensions ['ignore', 'ignore_ament_install']
[0.697s] Level 1:colcon.colcon_core.package_identification:_identify(src) by extension 'ignore'
[0.697s] Level 1:colcon.colcon_core.package_identification:_identify(src) by extension 'ignore_ament_install'
[0.697s] Level 1:colcon.colcon_core.package_identification:_identify(src) by extensions ['colcon_pkg']
[0.697s] Level 1:colcon.colcon_core.package_identification:_identify(src) by extension 'colcon_pkg'
[0.697s] Level 1:colcon.colcon_core.package_identification:_identify(src) by extensions ['colcon_meta']
[0.697s] Level 1:colcon.colcon_core.package_identification:_identify(src) by extension 'colcon_meta'
[0.697s] Level 1:colcon.colcon_core.package_identification:_identify(src) by extensions ['ros']
[0.697s] Level 1:colcon.colcon_core.package_identification:_identify(src) by extension 'ros'
[0.697s] Level 1:colcon.colcon_core.package_identification:_identify(src) by extensions ['cmake', 'python']
[0.697s] Level 1:colcon.colcon_core.package_identification:_identify(src) by extension 'cmake'
[0.698s] Level 1:colcon.colcon_core.package_identification:_identify(src) by extension 'python'
[0.698s] Level 1:colcon.colcon_core.package_identification:_identify(src) by extensions ['python_setup_py']
[0.698s] Level 1:colcon.colcon_core.package_identification:_identify(src) by extension 'python_setup_py'
[0.698s] Level 1:colcon.colcon_core.package_identification:_identify(src/micro_ros_setup) by extensions ['ignore', 'ignore_ament_install']
[0.698s] Level 1:colcon.colcon_core.package_identification:_identify(src/micro_ros_setup) by extension 'ignore'
[0.698s] Level 1:colcon.colcon_core.package_identification:_identify(src/micro_ros_setup) by extension 'ignore_ament_install'
[0.699s] Level 1:colcon.colcon_core.package_identification:_identify(src/micro_ros_setup) by extensions ['colcon_pkg']
[0.699s] Level 1:colcon.colcon_core.package_identification:_identify(src/micro_ros_setup) by extension 'colcon_pkg'
[0.699s] Level 1:colcon.colcon_core.package_identification:_identify(src/micro_ros_setup) by extensions ['colcon_meta']
[0.699s] Level 1:colcon.colcon_core.package_identification:_identify(src/micro_ros_setup) by extension 'colcon_meta'
[0.699s] Level 1:colcon.colcon_core.package_identification:_identify(src/micro_ros_setup) by extensions ['ros']
[0.699s] Level 1:colcon.colcon_core.package_identification:_identify(src/micro_ros_setup) by extension 'ros'
[0.705s] DEBUG:colcon.colcon_core.package_identification:Package 'src/micro_ros_setup' with type 'ros.ament_cmake' and name 'micro_ros_setup'
[0.705s] Level 1:colcon.colcon_core.package_identification:_identify(src/uros) by extensions ['ignore', 'ignore_ament_install']
[0.706s] Level 1:colcon.colcon_core.package_identification:_identify(src/uros) by extension 'ignore'
[0.706s] Level 1:colcon.colcon_core.package_identification:_identify(src/uros) by extension 'ignore_ament_install'
[0.706s] Level 1:colcon.colcon_core.package_identification:_identify(src/uros) by extensions ['colcon_pkg']
[0.706s] Level 1:colcon.colcon_core.package_identification:_identify(src/uros) by extension 'colcon_pkg'
[0.706s] Level 1:colcon.colcon_core.package_identification:_identify(src/uros) by extensions ['colcon_meta']
[0.706s] Level 1:colcon.colcon_core.package_identification:_identify(src/uros) by extension 'colcon_meta'
[0.706s] Level 1:colcon.colcon_core.package_identification:_identify(src/uros) by extensions ['ros']
[0.706s] Level 1:colcon.colcon_core.package_identification:_identify(src/uros) by extension 'ros'
[0.706s] Level 1:colcon.colcon_core.package_identification:_identify(src/uros) by extensions ['cmake', 'python']
[0.706s] Level 1:colcon.colcon_core.package_identification:_identify(src/uros) by extension 'cmake'
[0.706s] Level 1:colcon.colcon_core.package_identification:_identify(src/uros) by extension 'python'
[0.706s] Level 1:colcon.colcon_core.package_identification:_identify(src/uros) by extensions ['python_setup_py']
[0.706s] Level 1:colcon.colcon_core.package_identification:_identify(src/uros) by extension 'python_setup_py'
[0.707s] Level 1:colcon.colcon_core.package_identification:_identify(src/uros/micro-ROS-Agent) by extensions ['ignore', 'ignore_ament_install']
[0.707s] Level 1:colcon.colcon_core.package_identification:_identify(src/uros/micro-ROS-Agent) by extension 'ignore'
[0.707s] Level 1:colcon.colcon_core.package_identification:_identify(src/uros/micro-ROS-Agent) by extension 'ignore_ament_install'
[0.707s] Level 1:colcon.colcon_core.package_identification:_identify(src/uros/micro-ROS-Agent) by extensions ['colcon_pkg']
[0.707s] Level 1:colcon.colcon_core.package_identification:_identify(src/uros/micro-ROS-Agent) by extension 'colcon_pkg'
[0.707s] Level 1:colcon.colcon_core.package_identification:_identify(src/uros/micro-ROS-Agent) by extensions ['colcon_meta']
[0.707s] Level 1:colcon.colcon_core.package_identification:_identify(src/uros/micro-ROS-Agent) by extension 'colcon_meta'
[0.707s] Level 1:colcon.colcon_core.package_identification:_identify(src/uros/micro-ROS-Agent) by extensions ['ros']
[0.707s] Level 1:colcon.colcon_core.package_identification:_identify(src/uros/micro-ROS-Agent) by extension 'ros'
[0.707s] Level 1:colcon.colcon_core.package_identification:_identify(src/uros/micro-ROS-Agent) by extensions ['cmake', 'python']
[0.707s] Level 1:colcon.colcon_core.package_identification:_identify(src/uros/micro-ROS-Agent) by extension 'cmake'
[0.707s] Level 1:colcon.colcon_core.package_identification:_identify(src/uros/micro-ROS-Agent) by extension 'python'
[0.707s] Level 1:colcon.colcon_core.package_identification:_identify(src/uros/micro-ROS-Agent) by extensions ['python_setup_py']
[0.707s] Level 1:colcon.colcon_core.package_identification:_identify(src/uros/micro-ROS-Agent) by extension 'python_setup_py'
[0.708s] Level 1:colcon.colcon_core.package_identification:_identify(src/uros/micro-ROS-Agent/micro_ros_agent) by extensions ['ignore', 'ignore_ament_install']
[0.708s] Level 1:colcon.colcon_core.package_identification:_identify(src/uros/micro-ROS-Agent/micro_ros_agent) by extension 'ignore'
[0.708s] Level 1:colcon.colcon_core.package_identification:_identify(src/uros/micro-ROS-Agent/micro_ros_agent) by extension 'ignore_ament_install'
[0.708s] Level 1:colcon.colcon_core.package_identification:_identify(src/uros/micro-ROS-Agent/micro_ros_agent) by extensions ['colcon_pkg']
[0.708s] Level 1:colcon.colcon_core.package_identification:_identify(src/uros/micro-ROS-Agent/micro_ros_agent) by extension 'colcon_pkg'
[0.708s] Level 1:colcon.colcon_core.package_identification:_identify(src/uros/micro-ROS-Agent/micro_ros_agent) by extensions ['colcon_meta']
[0.708s] Level 1:colcon.colcon_core.package_identification:_identify(src/uros/micro-ROS-Agent/micro_ros_agent) by extension 'colcon_meta'
[0.708s] Level 1:colcon.colcon_core.package_identification:_identify(src/uros/micro-ROS-Agent/micro_ros_agent) by extensions ['ros']
[0.708s] Level 1:colcon.colcon_core.package_identification:_identify(src/uros/micro-ROS-Agent/micro_ros_agent) by extension 'ros'
[0.709s] DEBUG:colcon.colcon_core.package_identification:Package 'src/uros/micro-ROS-Agent/micro_ros_agent' with type 'ros.ament_cmake' and name 'micro_ros_agent'
[0.710s] Level 1:colcon.colcon_core.package_identification:_identify(src/uros/micro-ROS-Agent/snap) by extensions ['ignore', 'ignore_ament_install']
[0.710s] Level 1:colcon.colcon_core.package_identification:_identify(src/uros/micro-ROS-Agent/snap) by extension 'ignore'
[0.710s] Level 1:colcon.colcon_core.package_identification:_identify(src/uros/micro-ROS-Agent/snap) by extension 'ignore_ament_install'
[0.710s] Level 1:colcon.colcon_core.package_identification:_identify(src/uros/micro-ROS-Agent/snap) by extensions ['colcon_pkg']
[0.710s] Level 1:colcon.colcon_core.package_identification:_identify(src/uros/micro-ROS-Agent/snap) by extension 'colcon_pkg'
[0.710s] Level 1:colcon.colcon_core.package_identification:_identify(src/uros/micro-ROS-Agent/snap) by extensions ['colcon_meta']
[0.710s] Level 1:colcon.colcon_core.package_identification:_identify(src/uros/micro-ROS-Agent/snap) by extension 'colcon_meta'
[0.710s] Level 1:colcon.colcon_core.package_identification:_identify(src/uros/micro-ROS-Agent/snap) by extensions ['ros']
[0.710s] Level 1:colcon.colcon_core.package_identification:_identify(src/uros/micro-ROS-Agent/snap) by extension 'ros'
[0.710s] Level 1:colcon.colcon_core.package_identification:_identify(src/uros/micro-ROS-Agent/snap) by extensions ['cmake', 'python']
[0.710s] Level 1:colcon.colcon_core.package_identification:_identify(src/uros/micro-ROS-Agent/snap) by extension 'cmake'
[0.710s] Level 1:colcon.colcon_core.package_identification:_identify(src/uros/micro-ROS-Agent/snap) by extension 'python'
[0.710s] Level 1:colcon.colcon_core.package_identification:_identify(src/uros/micro-ROS-Agent/snap) by extensions ['python_setup_py']
[0.710s] Level 1:colcon.colcon_core.package_identification:_identify(src/uros/micro-ROS-Agent/snap) by extension 'python_setup_py'
[0.710s] Level 1:colcon.colcon_core.package_identification:_identify(src/uros/micro-ROS-Agent/snap/hooks) by extensions ['ignore', 'ignore_ament_install']
[0.711s] Level 1:colcon.colcon_core.package_identification:_identify(src/uros/micro-ROS-Agent/snap/hooks) by extension 'ignore'
[0.711s] Level 1:colcon.colcon_core.package_identification:_identify(src/uros/micro-ROS-Agent/snap/hooks) by extension 'ignore_ament_install'
[0.711s] Level 1:colcon.colcon_core.package_identification:_identify(src/uros/micro-ROS-Agent/snap/hooks) by extensions ['colcon_pkg']
[0.711s] Level 1:colcon.colcon_core.package_identification:_identify(src/uros/micro-ROS-Agent/snap/hooks) by extension 'colcon_pkg'
[0.711s] Level 1:colcon.colcon_core.package_identification:_identify(src/uros/micro-ROS-Agent/snap/hooks) by extensions ['colcon_meta']
[0.711s] Level 1:colcon.colcon_core.package_identification:_identify(src/uros/micro-ROS-Agent/snap/hooks) by extension 'colcon_meta'
[0.711s] Level 1:colcon.colcon_core.package_identification:_identify(src/uros/micro-ROS-Agent/snap/hooks) by extensions ['ros']
[0.711s] Level 1:colcon.colcon_core.package_identification:_identify(src/uros/micro-ROS-Agent/snap/hooks) by extension 'ros'
[0.711s] Level 1:colcon.colcon_core.package_identification:_identify(src/uros/micro-ROS-Agent/snap/hooks) by extensions ['cmake', 'python']
[0.711s] Level 1:colcon.colcon_core.package_identification:_identify(src/uros/micro-ROS-Agent/snap/hooks) by extension 'cmake'
[0.711s] Level 1:colcon.colcon_core.package_identification:_identify(src/uros/micro-ROS-Agent/snap/hooks) by extension 'python'
[0.711s] Level 1:colcon.colcon_core.package_identification:_identify(src/uros/micro-ROS-Agent/snap/hooks) by extensions ['python_setup_py']
[0.711s] Level 1:colcon.colcon_core.package_identification:_identify(src/uros/micro-ROS-Agent/snap/hooks) by extension 'python_setup_py'
[0.711s] Level 1:colcon.colcon_core.package_identification:_identify(src/uros/micro-ROS-Agent/snap/local) by extensions ['ignore', 'ignore_ament_install']
[0.711s] Level 1:colcon.colcon_core.package_identification:_identify(src/uros/micro-ROS-Agent/snap/local) by extension 'ignore'
[0.711s] Level 1:colcon.colcon_core.package_identification:_identify(src/uros/micro-ROS-Agent/snap/local) by extension 'ignore_ament_install'
[0.712s] Level 1:colcon.colcon_core.package_identification:_identify(src/uros/micro-ROS-Agent/snap/local) by extensions ['colcon_pkg']
[0.712s] Level 1:colcon.colcon_core.package_identification:_identify(src/uros/micro-ROS-Agent/snap/local) by extension 'colcon_pkg'
[0.712s] Level 1:colcon.colcon_core.package_identification:_identify(src/uros/micro-ROS-Agent/snap/local) by extensions ['colcon_meta']
[0.712s] Level 1:colcon.colcon_core.package_identification:_identify(src/uros/micro-ROS-Agent/snap/local) by extension 'colcon_meta'
[0.712s] Level 1:colcon.colcon_core.package_identification:_identify(src/uros/micro-ROS-Agent/snap/local) by extensions ['ros']
[0.712s] Level 1:colcon.colcon_core.package_identification:_identify(src/uros/micro-ROS-Agent/snap/local) by extension 'ros'
[0.712s] Level 1:colcon.colcon_core.package_identification:_identify(src/uros/micro-ROS-Agent/snap/local) by extensions ['cmake', 'python']
[0.712s] Level 1:colcon.colcon_core.package_identification:_identify(src/uros/micro-ROS-Agent/snap/local) by extension 'cmake'
[0.712s] Level 1:colcon.colcon_core.package_identification:_identify(src/uros/micro-ROS-Agent/snap/local) by extension 'python'
[0.712s] Level 1:colcon.colcon_core.package_identification:_identify(src/uros/micro-ROS-Agent/snap/local) by extensions ['python_setup_py']
[0.712s] Level 1:colcon.colcon_core.package_identification:_identify(src/uros/micro-ROS-Agent/snap/local) by extension 'python_setup_py'
[0.712s] Level 1:colcon.colcon_core.package_identification:_identify(src/uros/micro_ros_msgs) by extensions ['ignore', 'ignore_ament_install']
[0.712s] Level 1:colcon.colcon_core.package_identification:_identify(src/uros/micro_ros_msgs) by extension 'ignore'
[0.712s] Level 1:colcon.colcon_core.package_identification:_identify(src/uros/micro_ros_msgs) by extension 'ignore_ament_install'
[0.712s] Level 1:colcon.colcon_core.package_identification:_identify(src/uros/micro_ros_msgs) by extensions ['colcon_pkg']
[0.712s] Level 1:colcon.colcon_core.package_identification:_identify(src/uros/micro_ros_msgs) by extension 'colcon_pkg'
[0.712s] Level 1:colcon.colcon_core.package_identification:_identify(src/uros/micro_ros_msgs) by extensions ['colcon_meta']
[0.713s] Level 1:colcon.colcon_core.package_identification:_identify(src/uros/micro_ros_msgs) by extension 'colcon_meta'
[0.713s] Level 1:colcon.colcon_core.package_identification:_identify(src/uros/micro_ros_msgs) by extensions ['ros']
[0.713s] Level 1:colcon.colcon_core.package_identification:_identify(src/uros/micro_ros_msgs) by extension 'ros'
[0.714s] DEBUG:colcon.colcon_core.package_identification:Package 'src/uros/micro_ros_msgs' with type 'ros.ament_cmake' and name 'micro_ros_msgs'
[0.714s] Level 1:colcon.colcon_core.package_discovery:discover_packages(recursive) using defaults
[0.714s] Level 1:colcon.colcon_core.package_discovery:discover_packages(ignore) discover
[0.714s] Level 1:colcon.colcon_core.package_discovery:discover_packages(ignore) using defaults
[0.714s] Level 1:colcon.colcon_core.package_discovery:discover_packages(path) discover
[0.714s] Level 1:colcon.colcon_core.package_discovery:discover_packages(path) using defaults
[0.771s] Level 1:colcon.colcon_core.package_discovery:discover_packages(prefix_path) check parameters
[0.772s] Level 1:colcon.colcon_core.package_discovery:discover_packages(prefix_path) discover
[0.774s] WARNING:colcon.colcon_ros.prefix_path.ament:The path '/home/iarley/Documents/tcc/ratslam/microros_ws/install/micro_ros_setup' in the environment variable AMENT_PREFIX_PATH doesn't exist
[0.774s] WARNING:colcon.colcon_ros.prefix_path.ament:The path '/home/iarley/Documents/tcc/ratslam/microros_ws/install/micro_ros_agent' in the environment variable AMENT_PREFIX_PATH doesn't exist
[0.774s] WARNING:colcon.colcon_ros.prefix_path.ament:The path '/home/iarley/Documents/tcc/ratslam/microros_ws/install/micro_ros_msgs' in the environment variable AMENT_PREFIX_PATH doesn't exist
[0.775s] WARNING:colcon.colcon_ros.prefix_path.catkin:The path '/home/iarley/Documents/tcc/ratslam/microros_ws/install/micro_ros_setup' in the environment variable CMAKE_PREFIX_PATH doesn't exist
[0.775s] WARNING:colcon.colcon_ros.prefix_path.catkin:The path '/home/iarley/Documents/tcc/ratslam/microros_ws/install/micro_ros_agent' in the environment variable CMAKE_PREFIX_PATH doesn't exist
[0.775s] WARNING:colcon.colcon_ros.prefix_path.catkin:The path '/home/iarley/Documents/tcc/ratslam/microros_ws/install/micro_ros_msgs' in the environment variable CMAKE_PREFIX_PATH doesn't exist
[0.777s] DEBUG:colcon.colcon_installed_package_information.package_discovery:Found 0 installed packages in /home/iarley/Documents/tcc/ratslam/microros_ws/install
[0.777s] DEBUG:colcon.colcon_installed_package_information.package_discovery:Found 2 installed packages in /home/iarley/Documents/tcc/ratslam/ros2_ws/install
[0.778s] DEBUG:colcon.colcon_installed_package_information.package_discovery:Found 4 installed packages in /home/iarley/ros2_ws/install
[0.781s] DEBUG:colcon.colcon_installed_package_information.package_discovery:Found 271 installed packages in /opt/ros/humble
[0.784s] Level 1:colcon.colcon_core.package_discovery:discover_packages(prefix_path) using defaults
[0.849s] Level 5:colcon.colcon_core.verb:set package 'micro_ros_msgs' build argument 'cmake_args' from command line to 'None'
[0.849s] Level 5:colcon.colcon_core.verb:set package 'micro_ros_msgs' build argument 'cmake_target' from command line to 'None'
[0.849s] Level 5:colcon.colcon_core.verb:set package 'micro_ros_msgs' build argument 'cmake_target_skip_unavailable' from command line to 'False'
[0.849s] Level 5:colcon.colcon_core.verb:set package 'micro_ros_msgs' build argument 'cmake_clean_cache' from command line to 'False'
[0.849s] Level 5:colcon.colcon_core.verb:set package 'micro_ros_msgs' build argument 'cmake_clean_first' from command line to 'False'
[0.849s] Level 5:colcon.colcon_core.verb:set package 'micro_ros_msgs' build argument 'cmake_force_configure' from command line to 'False'
[0.849s] Level 5:colcon.colcon_core.verb:set package 'micro_ros_msgs' build argument 'ament_cmake_args' from command line to 'None'
[0.849s] Level 5:colcon.colcon_core.verb:set package 'micro_ros_msgs' build argument 'catkin_cmake_args' from command line to 'None'
[0.849s] Level 5:colcon.colcon_core.verb:set package 'micro_ros_msgs' build argument 'catkin_skip_building_tests' from command line to 'False'
[0.850s] DEBUG:colcon.colcon_core.verb:Building package 'micro_ros_msgs' with the following arguments: {'ament_cmake_args': None, 'build_base': '/home/iarley/Documents/tcc/ratslam/microros_ws/build/micro_ros_msgs', 'catkin_cmake_args': None, 'catkin_skip_building_tests': False, 'cmake_args': None, 'cmake_clean_cache': False, 'cmake_clean_first': False, 'cmake_force_configure': False, 'cmake_target': None, 'cmake_target_skip_unavailable': False, 'install_base': '/home/iarley/Documents/tcc/ratslam/microros_ws/install/micro_ros_msgs', 'merge_install': False, 'path': '/home/iarley/Documents/tcc/ratslam/microros_ws/src/uros/micro_ros_msgs', 'symlink_install': False, 'test_result_base': None}
[0.851s] Level 5:colcon.colcon_core.verb:set package 'micro_ros_setup' build argument 'cmake_args' from command line to 'None'
[0.851s] Level 5:colcon.colcon_core.verb:set package 'micro_ros_setup' build argument 'cmake_target' from command line to 'None'
[0.851s] Level 5:colcon.colcon_core.verb:set package 'micro_ros_setup' build argument 'cmake_target_skip_unavailable' from command line to 'False'
[0.851s] Level 5:colcon.colcon_core.verb:set package 'micro_ros_setup' build argument 'cmake_clean_cache' from command line to 'False'
[0.851s] Level 5:colcon.colcon_core.verb:set package 'micro_ros_setup' build argument 'cmake_clean_first' from command line to 'False'
[0.851s] Level 5:colcon.colcon_core.verb:set package 'micro_ros_setup' build argument 'cmake_force_configure' from command line to 'False'
[0.851s] Level 5:colcon.colcon_core.verb:set package 'micro_ros_setup' build argument 'ament_cmake_args' from command line to 'None'
[0.851s] Level 5:colcon.colcon_core.verb:set package 'micro_ros_setup' build argument 'catkin_cmake_args' from command line to 'None'
[0.851s] Level 5:colcon.colcon_core.verb:set package 'micro_ros_setup' build argument 'catkin_skip_building_tests' from command line to 'False'
[0.851s] DEBUG:colcon.colcon_core.verb:Building package 'micro_ros_setup' with the following arguments: {'ament_cmake_args': None, 'build_base': '/home/iarley/Documents/tcc/ratslam/microros_ws/build/micro_ros_setup', 'catkin_cmake_args': None, 'catkin_skip_building_tests': False, 'cmake_args': None, 'cmake_clean_cache': False, 'cmake_clean_first': False, 'cmake_force_configure': False, 'cmake_target': None, 'cmake_target_skip_unavailable': False, 'install_base': '/home/iarley/Documents/tcc/ratslam/microros_ws/install/micro_ros_setup', 'merge_install': False, 'path': '/home/iarley/Documents/tcc/ratslam/microros_ws/src/micro_ros_setup', 'symlink_install': False, 'test_result_base': None}
[0.852s] Level 5:colcon.colcon_core.verb:set package 'micro_ros_agent' build argument 'cmake_args' from command line to 'None'
[0.852s] Level 5:colcon.colcon_core.verb:set package 'micro_ros_agent' build argument 'cmake_target' from command line to 'None'
[0.852s] Level 5:colcon.colcon_core.verb:set package 'micro_ros_agent' build argument 'cmake_target_skip_unavailable' from command line to 'False'
[0.852s] Level 5:colcon.colcon_core.verb:set package 'micro_ros_agent' build argument 'cmake_clean_cache' from command line to 'False'
[0.852s] Level 5:colcon.colcon_core.verb:set package 'micro_ros_agent' build argument 'cmake_clean_first' from command line to 'False'
[0.852s] Level 5:colcon.colcon_core.verb:set package 'micro_ros_agent' build argument 'cmake_force_configure' from command line to 'False'
[0.852s] Level 5:colcon.colcon_core.verb:set package 'micro_ros_agent' build argument 'ament_cmake_args' from command line to 'None'
[0.852s] Level 5:colcon.colcon_core.verb:set package 'micro_ros_agent' build argument 'catkin_cmake_args' from command line to 'None'
[0.852s] Level 5:colcon.colcon_core.verb:set package 'micro_ros_agent' build argument 'catkin_skip_building_tests' from command line to 'False'
[0.852s] DEBUG:colcon.colcon_core.verb:Building package 'micro_ros_agent' with the following arguments: {'ament_cmake_args': None, 'build_base': '/home/iarley/Documents/tcc/ratslam/microros_ws/build/micro_ros_agent', 'catkin_cmake_args': None, 'catkin_skip_building_tests': False, 'cmake_args': None, 'cmake_clean_cache': False, 'cmake_clean_first': False, 'cmake_force_configure': False, 'cmake_target': None, 'cmake_target_skip_unavailable': False, 'install_base': '/home/iarley/Documents/tcc/ratslam/microros_ws/install/micro_ros_agent', 'merge_install': False, 'path': '/home/iarley/Documents/tcc/ratslam/microros_ws/src/uros/micro-ROS-Agent/micro_ros_agent', 'symlink_install': False, 'test_result_base': None}
[0.853s] INFO:colcon.colcon_core.executor:Executing jobs using 'parallel' executor
[0.854s] DEBUG:colcon.colcon_parallel_executor.executor.parallel:run_until_complete
[0.855s] INFO:colcon.colcon_ros.task.ament_cmake.build:Building ROS package in '/home/iarley/Documents/tcc/ratslam/microros_ws/src/uros/micro_ros_msgs' with build type 'ament_cmake'
[0.855s] INFO:colcon.colcon_cmake.task.cmake.build:Building CMake package in '/home/iarley/Documents/tcc/ratslam/microros_ws/src/uros/micro_ros_msgs'
[0.861s] INFO:colcon.colcon_core.plugin_system:Skipping extension 'colcon_core.shell.bat': Not used on non-Windows systems
[0.862s] INFO:colcon.colcon_core.shell:Skip shell extension 'powershell' for command environment: Not usable outside of PowerShell
[0.862s] DEBUG:colcon.colcon_core.shell:Skip shell extension 'dsv' for command environment
[0.870s] INFO:colcon.colcon_ros.task.ament_cmake.build:Building ROS package in '/home/iarley/Documents/tcc/ratslam/microros_ws/src/micro_ros_setup' with build type 'ament_cmake'
[0.870s] INFO:colcon.colcon_cmake.task.cmake.build:Building CMake package in '/home/iarley/Documents/tcc/ratslam/microros_ws/src/micro_ros_setup'
[0.870s] INFO:colcon.colcon_core.shell:Skip shell extension 'powershell' for command environment: Not usable outside of PowerShell
[0.871s] DEBUG:colcon.colcon_core.shell:Skip shell extension 'dsv' for command environment
[0.885s] DEBUG:colcon.colcon_core.event_handler.log_command:Invoking command in '/home/iarley/Documents/tcc/ratslam/microros_ws/build/micro_ros_msgs': CMAKE_PREFIX_PATH=/home/iarley/Documents/tcc/ratslam/microros_ws/install/micro_ros_setup:/home/iarley/Documents/tcc/ratslam/microros_ws/install/micro_ros_agent:/home/iarley/Documents/tcc/ratslam/microros_ws/install/micro_ros_msgs:/home/iarley/ros2_ws/install/teste_morato:/home/iarley/ros2_ws/install/test_morato:/opt/ros/humble:/home/iarley/ros2_ws/install/rplidar_ros:/home/iarley/ros2_ws/install/my_pkg_cpp:/home/iarley/Documents/tcc/ratslam/ros2_ws/install/ratslam:/home/iarley/Documents/tcc/ratslam/ros2_ws/install/topological_msgs /usr/bin/cmake /home/iarley/Documents/tcc/ratslam/microros_ws/src/uros/micro_ros_msgs -DCMAKE_INSTALL_PREFIX=/home/iarley/Documents/tcc/ratslam/microros_ws/install/micro_ros_msgs
[0.894s] DEBUG:colcon.colcon_core.event_handler.log_command:Invoking command in '/home/iarley/Documents/tcc/ratslam/microros_ws/build/micro_ros_setup': CMAKE_PREFIX_PATH=/home/iarley/Documents/tcc/ratslam/microros_ws/install/micro_ros_setup:/home/iarley/Documents/tcc/ratslam/microros_ws/install/micro_ros_agent:/home/iarley/Documents/tcc/ratslam/microros_ws/install/micro_ros_msgs:/home/iarley/ros2_ws/install/teste_morato:/home/iarley/ros2_ws/install/test_morato:/opt/ros/humble:/home/iarley/ros2_ws/install/rplidar_ros:/home/iarley/ros2_ws/install/my_pkg_cpp:/home/iarley/Documents/tcc/ratslam/ros2_ws/install/ratslam:/home/iarley/Documents/tcc/ratslam/ros2_ws/install/topological_msgs /usr/bin/cmake /home/iarley/Documents/tcc/ratslam/microros_ws/src/micro_ros_setup -DCMAKE_INSTALL_PREFIX=/home/iarley/Documents/tcc/ratslam/microros_ws/install/micro_ros_setup
[2.713s] DEBUG:colcon.colcon_core.event_handler.log_command:Invoked command in '/home/iarley/Documents/tcc/ratslam/microros_ws/build/micro_ros_setup' returned '0': CMAKE_PREFIX_PATH=/home/iarley/Documents/tcc/ratslam/microros_ws/install/micro_ros_setup:/home/iarley/Documents/tcc/ratslam/microros_ws/install/micro_ros_agent:/home/iarley/Documents/tcc/ratslam/microros_ws/install/micro_ros_msgs:/home/iarley/ros2_ws/install/teste_morato:/home/iarley/ros2_ws/install/test_morato:/opt/ros/humble:/home/iarley/ros2_ws/install/rplidar_ros:/home/iarley/ros2_ws/install/my_pkg_cpp:/home/iarley/Documents/tcc/ratslam/ros2_ws/install/ratslam:/home/iarley/Documents/tcc/ratslam/ros2_ws/install/topological_msgs /usr/bin/cmake /home/iarley/Documents/tcc/ratslam/microros_ws/src/micro_ros_setup -DCMAKE_INSTALL_PREFIX=/home/iarley/Documents/tcc/ratslam/microros_ws/install/micro_ros_setup
[2.714s] DEBUG:colcon.colcon_core.event_handler.log_command:Invoking command in '/home/iarley/Documents/tcc/ratslam/microros_ws/build/micro_ros_setup': CMAKE_PREFIX_PATH=/home/iarley/Documents/tcc/ratslam/microros_ws/install/micro_ros_setup:/home/iarley/Documents/tcc/ratslam/microros_ws/install/micro_ros_agent:/home/iarley/Documents/tcc/ratslam/microros_ws/install/micro_ros_msgs:/home/iarley/ros2_ws/install/teste_morato:/home/iarley/ros2_ws/install/test_morato:/opt/ros/humble:/home/iarley/ros2_ws/install/rplidar_ros:/home/iarley/ros2_ws/install/my_pkg_cpp:/home/iarley/Documents/tcc/ratslam/ros2_ws/install/ratslam:/home/iarley/Documents/tcc/ratslam/ros2_ws/install/topological_msgs /usr/bin/cmake --build /home/iarley/Documents/tcc/ratslam/microros_ws/build/micro_ros_setup -- -j8 -l8
[2.812s] DEBUG:colcon.colcon_core.event_handler.log_command:Invoked command in '/home/iarley/Documents/tcc/ratslam/microros_ws/build/micro_ros_setup' returned '0': CMAKE_PREFIX_PATH=/home/iarley/Documents/tcc/ratslam/microros_ws/install/micro_ros_setup:/home/iarley/Documents/tcc/ratslam/microros_ws/install/micro_ros_agent:/home/iarley/Documents/tcc/ratslam/microros_ws/install/micro_ros_msgs:/home/iarley/ros2_ws/install/teste_morato:/home/iarley/ros2_ws/install/test_morato:/opt/ros/humble:/home/iarley/ros2_ws/install/rplidar_ros:/home/iarley/ros2_ws/install/my_pkg_cpp:/home/iarley/Documents/tcc/ratslam/ros2_ws/install/ratslam:/home/iarley/Documents/tcc/ratslam/ros2_ws/install/topological_msgs /usr/bin/cmake --build /home/iarley/Documents/tcc/ratslam/microros_ws/build/micro_ros_setup -- -j8 -l8
[2.836s] DEBUG:colcon.colcon_core.event_handler.log_command:Invoking command in '/home/iarley/Documents/tcc/ratslam/microros_ws/build/micro_ros_setup': CMAKE_PREFIX_PATH=/home/iarley/Documents/tcc/ratslam/microros_ws/install/micro_ros_setup:/home/iarley/Documents/tcc/ratslam/microros_ws/install/micro_ros_agent:/home/iarley/Documents/tcc/ratslam/microros_ws/install/micro_ros_msgs:/home/iarley/ros2_ws/install/teste_morato:/home/iarley/ros2_ws/install/test_morato:/opt/ros/humble:/home/iarley/ros2_ws/install/rplidar_ros:/home/iarley/ros2_ws/install/my_pkg_cpp:/home/iarley/Documents/tcc/ratslam/ros2_ws/install/ratslam:/home/iarley/Documents/tcc/ratslam/ros2_ws/install/topological_msgs /usr/bin/cmake --install /home/iarley/Documents/tcc/ratslam/microros_ws/build/micro_ros_setup
[2.907s] Level 1:colcon.colcon_core.environment:create_environment_scripts_only(micro_ros_setup)
[2.909s] DEBUG:colcon.colcon_core.event_handler.log_command:Invoked command in '/home/iarley/Documents/tcc/ratslam/microros_ws/build/micro_ros_setup' returned '0': CMAKE_PREFIX_PATH=/home/iarley/Documents/tcc/ratslam/microros_ws/install/micro_ros_setup:/home/iarley/Documents/tcc/ratslam/microros_ws/install/micro_ros_agent:/home/iarley/Documents/tcc/ratslam/microros_ws/install/micro_ros_msgs:/home/iarley/ros2_ws/install/teste_morato:/home/iarley/ros2_ws/install/test_morato:/opt/ros/humble:/home/iarley/ros2_ws/install/rplidar_ros:/home/iarley/ros2_ws/install/my_pkg_cpp:/home/iarley/Documents/tcc/ratslam/ros2_ws/install/ratslam:/home/iarley/Documents/tcc/ratslam/ros2_ws/install/topological_msgs /usr/bin/cmake --install /home/iarley/Documents/tcc/ratslam/microros_ws/build/micro_ros_setup
[2.922s] Level 1:colcon.colcon_core.environment:checking '/home/iarley/Documents/tcc/ratslam/microros_ws/install/micro_ros_setup' for CMake module files
[2.923s] Level 1:colcon.colcon_core.environment:checking '/home/iarley/Documents/tcc/ratslam/microros_ws/install/micro_ros_setup' for CMake config files
[2.924s] Level 1:colcon.colcon_core.shell:create_environment_hook('micro_ros_setup', 'cmake_prefix_path')
[2.924s] INFO:colcon.colcon_core.shell:Creating environment hook '/home/iarley/Documents/tcc/ratslam/microros_ws/install/micro_ros_setup/share/micro_ros_setup/hook/cmake_prefix_path.ps1'
[2.926s] INFO:colcon.colcon_core.shell:Creating environment descriptor '/home/iarley/Documents/tcc/ratslam/microros_ws/install/micro_ros_setup/share/micro_ros_setup/hook/cmake_prefix_path.dsv'
[2.928s] INFO:colcon.colcon_core.shell:Creating environment hook '/home/iarley/Documents/tcc/ratslam/microros_ws/install/micro_ros_setup/share/micro_ros_setup/hook/cmake_prefix_path.sh'
[2.930s] Level 1:colcon.colcon_core.environment:checking '/home/iarley/Documents/tcc/ratslam/microros_ws/install/micro_ros_setup/lib'
[2.931s] Level 1:colcon.colcon_core.environment:checking '/home/iarley/Documents/tcc/ratslam/microros_ws/install/micro_ros_setup/bin'
[2.931s] Level 1:colcon.colcon_core.environment:checking '/home/iarley/Documents/tcc/ratslam/microros_ws/install/micro_ros_setup/lib/pkgconfig/micro_ros_setup.pc'
[2.931s] Level 1:colcon.colcon_core.environment:checking '/home/iarley/Documents/tcc/ratslam/microros_ws/install/micro_ros_setup/lib/python3.10/site-packages'
[2.932s] Level 1:colcon.colcon_core.environment:checking '/home/iarley/Documents/tcc/ratslam/microros_ws/install/micro_ros_setup/bin'
[2.933s] INFO:colcon.colcon_core.shell:Creating package script '/home/iarley/Documents/tcc/ratslam/microros_ws/install/micro_ros_setup/share/micro_ros_setup/package.ps1'
[2.935s] INFO:colcon.colcon_core.shell:Creating package descriptor '/home/iarley/Documents/tcc/ratslam/microros_ws/install/micro_ros_setup/share/micro_ros_setup/package.dsv'
[2.936s] INFO:colcon.colcon_core.shell:Creating package script '/home/iarley/Documents/tcc/ratslam/microros_ws/install/micro_ros_setup/share/micro_ros_setup/package.sh'
[2.938s] INFO:colcon.colcon_core.shell:Creating package script '/home/iarley/Documents/tcc/ratslam/microros_ws/install/micro_ros_setup/share/micro_ros_setup/package.bash'
[2.941s] INFO:colcon.colcon_core.shell:Creating package script '/home/iarley/Documents/tcc/ratslam/microros_ws/install/micro_ros_setup/share/micro_ros_setup/package.zsh'
[2.943s] Level 1:colcon.colcon_core.environment:create_file_with_runtime_dependencies(/home/iarley/Documents/tcc/ratslam/microros_ws/install/micro_ros_setup/share/colcon-core/packages/micro_ros_setup)
[2.945s] Level 1:colcon.colcon_core.environment:create_environment_scripts_only(micro_ros_setup)
[2.945s] Level 1:colcon.colcon_core.environment:checking '/home/iarley/Documents/tcc/ratslam/microros_ws/install/micro_ros_setup' for CMake module files
[2.947s] Level 1:colcon.colcon_core.environment:checking '/home/iarley/Documents/tcc/ratslam/microros_ws/install/micro_ros_setup' for CMake config files
[2.947s] Level 1:colcon.colcon_core.shell:create_environment_hook('micro_ros_setup', 'cmake_prefix_path')
[2.948s] INFO:colcon.colcon_core.shell:Creating environment hook '/home/iarley/Documents/tcc/ratslam/microros_ws/install/micro_ros_setup/share/micro_ros_setup/hook/cmake_prefix_path.ps1'
[2.949s] INFO:colcon.colcon_core.shell:Creating environment descriptor '/home/iarley/Documents/tcc/ratslam/microros_ws/install/micro_ros_setup/share/micro_ros_setup/hook/cmake_prefix_path.dsv'
[2.950s] INFO:colcon.colcon_core.shell:Creating environment hook '/home/iarley/Documents/tcc/ratslam/microros_ws/install/micro_ros_setup/share/micro_ros_setup/hook/cmake_prefix_path.sh'
[2.952s] Level 1:colcon.colcon_core.environment:checking '/home/iarley/Documents/tcc/ratslam/microros_ws/install/micro_ros_setup/lib'
[2.952s] Level 1:colcon.colcon_core.environment:checking '/home/iarley/Documents/tcc/ratslam/microros_ws/install/micro_ros_setup/bin'
[2.952s] Level 1:colcon.colcon_core.environment:checking '/home/iarley/Documents/tcc/ratslam/microros_ws/install/micro_ros_setup/lib/pkgconfig/micro_ros_setup.pc'
[2.952s] Level 1:colcon.colcon_core.environment:checking '/home/iarley/Documents/tcc/ratslam/microros_ws/install/micro_ros_setup/lib/python3.10/site-packages'
[2.953s] Level 1:colcon.colcon_core.environment:checking '/home/iarley/Documents/tcc/ratslam/microros_ws/install/micro_ros_setup/bin'
[2.954s] INFO:colcon.colcon_core.shell:Creating package script '/home/iarley/Documents/tcc/ratslam/microros_ws/install/micro_ros_setup/share/micro_ros_setup/package.ps1'
[2.956s] INFO:colcon.colcon_core.shell:Creating package descriptor '/home/iarley/Documents/tcc/ratslam/microros_ws/install/micro_ros_setup/share/micro_ros_setup/package.dsv'
[2.958s] INFO:colcon.colcon_core.shell:Creating package script '/home/iarley/Documents/tcc/ratslam/microros_ws/install/micro_ros_setup/share/micro_ros_setup/package.sh'
[2.959s] INFO:colcon.colcon_core.shell:Creating package script '/home/iarley/Documents/tcc/ratslam/microros_ws/install/micro_ros_setup/share/micro_ros_setup/package.bash'
[2.961s] INFO:colcon.colcon_core.shell:Creating package script '/home/iarley/Documents/tcc/ratslam/microros_ws/install/micro_ros_setup/share/micro_ros_setup/package.zsh'
[2.963s] Level 1:colcon.colcon_core.environment:create_file_with_runtime_dependencies(/home/iarley/Documents/tcc/ratslam/microros_ws/install/micro_ros_setup/share/colcon-core/packages/micro_ros_setup)
[4.559s] DEBUG:colcon.colcon_core.event_handler.log_command:Invoked command in '/home/iarley/Documents/tcc/ratslam/microros_ws/build/micro_ros_msgs' returned '0': CMAKE_PREFIX_PATH=/home/iarley/Documents/tcc/ratslam/microros_ws/install/micro_ros_setup:/home/iarley/Documents/tcc/ratslam/microros_ws/install/micro_ros_agent:/home/iarley/Documents/tcc/ratslam/microros_ws/install/micro_ros_msgs:/home/iarley/ros2_ws/install/teste_morato:/home/iarley/ros2_ws/install/test_morato:/opt/ros/humble:/home/iarley/ros2_ws/install/rplidar_ros:/home/iarley/ros2_ws/install/my_pkg_cpp:/home/iarley/Documents/tcc/ratslam/ros2_ws/install/ratslam:/home/iarley/Documents/tcc/ratslam/ros2_ws/install/topological_msgs /usr/bin/cmake /home/iarley/Documents/tcc/ratslam/microros_ws/src/uros/micro_ros_msgs -DCMAKE_INSTALL_PREFIX=/home/iarley/Documents/tcc/ratslam/microros_ws/install/micro_ros_msgs
[4.562s] DEBUG:colcon.colcon_core.event_handler.log_command:Invoking command in '/home/iarley/Documents/tcc/ratslam/microros_ws/build/micro_ros_msgs': CMAKE_PREFIX_PATH=/home/iarley/Documents/tcc/ratslam/microros_ws/install/micro_ros_setup:/home/iarley/Documents/tcc/ratslam/microros_ws/install/micro_ros_agent:/home/iarley/Documents/tcc/ratslam/microros_ws/install/micro_ros_msgs:/home/iarley/ros2_ws/install/teste_morato:/home/iarley/ros2_ws/install/test_morato:/opt/ros/humble:/home/iarley/ros2_ws/install/rplidar_ros:/home/iarley/ros2_ws/install/my_pkg_cpp:/home/iarley/Documents/tcc/ratslam/ros2_ws/install/ratslam:/home/iarley/Documents/tcc/ratslam/ros2_ws/install/topological_msgs /usr/bin/cmake --build /home/iarley/Documents/tcc/ratslam/microros_ws/build/micro_ros_msgs -- -j8 -l8
[11.447s] DEBUG:colcon.colcon_core.event_handler.log_command:Invoked command in '/home/iarley/Documents/tcc/ratslam/microros_ws/build/micro_ros_msgs' returned '0': CMAKE_PREFIX_PATH=/home/iarley/Documents/tcc/ratslam/microros_ws/install/micro_ros_setup:/home/iarley/Documents/tcc/ratslam/microros_ws/install/micro_ros_agent:/home/iarley/Documents/tcc/ratslam/microros_ws/install/micro_ros_msgs:/home/iarley/ros2_ws/install/teste_morato:/home/iarley/ros2_ws/install/test_morato:/opt/ros/humble:/home/iarley/ros2_ws/install/rplidar_ros:/home/iarley/ros2_ws/install/my_pkg_cpp:/home/iarley/Documents/tcc/ratslam/ros2_ws/install/ratslam:/home/iarley/Documents/tcc/ratslam/ros2_ws/install/topological_msgs /usr/bin/cmake --build /home/iarley/Documents/tcc/ratslam/microros_ws/build/micro_ros_msgs -- -j8 -l8
[11.451s] DEBUG:colcon.colcon_core.event_handler.log_command:Invoking command in '/home/iarley/Documents/tcc/ratslam/microros_ws/build/micro_ros_msgs': CMAKE_PREFIX_PATH=/home/iarley/Documents/tcc/ratslam/microros_ws/install/micro_ros_setup:/home/iarley/Documents/tcc/ratslam/microros_ws/install/micro_ros_agent:/home/iarley/Documents/tcc/ratslam/microros_ws/install/micro_ros_msgs:/home/iarley/ros2_ws/install/teste_morato:/home/iarley/ros2_ws/install/test_morato:/opt/ros/humble:/home/iarley/ros2_ws/install/rplidar_ros:/home/iarley/ros2_ws/install/my_pkg_cpp:/home/iarley/Documents/tcc/ratslam/ros2_ws/install/ratslam:/home/iarley/Documents/tcc/ratslam/ros2_ws/install/topological_msgs /usr/bin/cmake --install /home/iarley/Documents/tcc/ratslam/microros_ws/build/micro_ros_msgs
[11.578s] Level 1:colcon.colcon_core.environment:create_environment_scripts_only(micro_ros_msgs)
[11.579s] Level 1:colcon.colcon_core.environment:checking '/home/iarley/Documents/tcc/ratslam/microros_ws/install/micro_ros_msgs' for CMake module files
[11.580s] DEBUG:colcon.colcon_core.event_handler.log_command:Invoked command in '/home/iarley/Documents/tcc/ratslam/microros_ws/build/micro_ros_msgs' returned '0': CMAKE_PREFIX_PATH=/home/iarley/Documents/tcc/ratslam/microros_ws/install/micro_ros_setup:/home/iarley/Documents/tcc/ratslam/microros_ws/install/micro_ros_agent:/home/iarley/Documents/tcc/ratslam/microros_ws/install/micro_ros_msgs:/home/iarley/ros2_ws/install/teste_morato:/home/iarley/ros2_ws/install/test_morato:/opt/ros/humble:/home/iarley/ros2_ws/install/rplidar_ros:/home/iarley/ros2_ws/install/my_pkg_cpp:/home/iarley/Documents/tcc/ratslam/ros2_ws/install/ratslam:/home/iarley/Documents/tcc/ratslam/ros2_ws/install/topological_msgs /usr/bin/cmake --install /home/iarley/Documents/tcc/ratslam/microros_ws/build/micro_ros_msgs
[11.581s] Level 1:colcon.colcon_core.environment:checking '/home/iarley/Documents/tcc/ratslam/microros_ws/install/micro_ros_msgs' for CMake config files
[11.582s] Level 1:colcon.colcon_core.shell:create_environment_hook('micro_ros_msgs', 'cmake_prefix_path')
[11.583s] INFO:colcon.colcon_core.shell:Creating environment hook '/home/iarley/Documents/tcc/ratslam/microros_ws/install/micro_ros_msgs/share/micro_ros_msgs/hook/cmake_prefix_path.ps1'
[11.584s] INFO:colcon.colcon_core.shell:Creating environment descriptor '/home/iarley/Documents/tcc/ratslam/microros_ws/install/micro_ros_msgs/share/micro_ros_msgs/hook/cmake_prefix_path.dsv'
[11.585s] INFO:colcon.colcon_core.shell:Creating environment hook '/home/iarley/Documents/tcc/ratslam/microros_ws/install/micro_ros_msgs/share/micro_ros_msgs/hook/cmake_prefix_path.sh'
[11.586s] Level 1:colcon.colcon_core.environment:checking '/home/iarley/Documents/tcc/ratslam/microros_ws/install/micro_ros_msgs/lib'
[11.586s] Level 1:colcon.colcon_core.shell:create_environment_hook('micro_ros_msgs', 'ld_library_path_lib')
[11.586s] INFO:colcon.colcon_core.shell:Creating environment hook '/home/iarley/Documents/tcc/ratslam/microros_ws/install/micro_ros_msgs/share/micro_ros_msgs/hook/ld_library_path_lib.ps1'
[11.587s] INFO:colcon.colcon_core.shell:Creating environment descriptor '/home/iarley/Documents/tcc/ratslam/microros_ws/install/micro_ros_msgs/share/micro_ros_msgs/hook/ld_library_path_lib.dsv'
[11.587s] INFO:colcon.colcon_core.shell:Creating environment hook '/home/iarley/Documents/tcc/ratslam/microros_ws/install/micro_ros_msgs/share/micro_ros_msgs/hook/ld_library_path_lib.sh'
[11.588s] Level 1:colcon.colcon_core.environment:checking '/home/iarley/Documents/tcc/ratslam/microros_ws/install/micro_ros_msgs/bin'
[11.588s] Level 1:colcon.colcon_core.environment:checking '/home/iarley/Documents/tcc/ratslam/microros_ws/install/micro_ros_msgs/lib/pkgconfig/micro_ros_msgs.pc'
[11.588s] Level 1:colcon.colcon_core.environment:checking '/home/iarley/Documents/tcc/ratslam/microros_ws/install/micro_ros_msgs/lib/python3.10/site-packages'
[11.588s] Level 1:colcon.colcon_core.environment:checking '/home/iarley/Documents/tcc/ratslam/microros_ws/install/micro_ros_msgs/bin'
[11.589s] INFO:colcon.colcon_core.shell:Creating package script '/home/iarley/Documents/tcc/ratslam/microros_ws/install/micro_ros_msgs/share/micro_ros_msgs/package.ps1'
[11.590s] INFO:colcon.colcon_core.shell:Creating package descriptor '/home/iarley/Documents/tcc/ratslam/microros_ws/install/micro_ros_msgs/share/micro_ros_msgs/package.dsv'
[11.590s] INFO:colcon.colcon_core.shell:Creating package script '/home/iarley/Documents/tcc/ratslam/microros_ws/install/micro_ros_msgs/share/micro_ros_msgs/package.sh'
[11.591s] INFO:colcon.colcon_core.shell:Creating package script '/home/iarley/Documents/tcc/ratslam/microros_ws/install/micro_ros_msgs/share/micro_ros_msgs/package.bash'
[11.591s] INFO:colcon.colcon_core.shell:Creating package script '/home/iarley/Documents/tcc/ratslam/microros_ws/install/micro_ros_msgs/share/micro_ros_msgs/package.zsh'
[11.591s] Level 1:colcon.colcon_core.environment:create_file_with_runtime_dependencies(/home/iarley/Documents/tcc/ratslam/microros_ws/install/micro_ros_msgs/share/colcon-core/packages/micro_ros_msgs)
[11.592s] Level 1:colcon.colcon_core.environment:create_environment_scripts_only(micro_ros_msgs)
[11.592s] Level 1:colcon.colcon_core.environment:checking '/home/iarley/Documents/tcc/ratslam/microros_ws/install/micro_ros_msgs' for CMake module files
[11.593s] Level 1:colcon.colcon_core.environment:checking '/home/iarley/Documents/tcc/ratslam/microros_ws/install/micro_ros_msgs' for CMake config files
[11.594s] Level 1:colcon.colcon_core.shell:create_environment_hook('micro_ros_msgs', 'cmake_prefix_path')
[11.594s] INFO:colcon.colcon_core.shell:Creating environment hook '/home/iarley/Documents/tcc/ratslam/microros_ws/install/micro_ros_msgs/share/micro_ros_msgs/hook/cmake_prefix_path.ps1'
[11.595s] INFO:colcon.colcon_core.shell:Creating environment descriptor '/home/iarley/Documents/tcc/ratslam/microros_ws/install/micro_ros_msgs/share/micro_ros_msgs/hook/cmake_prefix_path.dsv'
[11.595s] INFO:colcon.colcon_core.shell:Creating environment hook '/home/iarley/Documents/tcc/ratslam/microros_ws/install/micro_ros_msgs/share/micro_ros_msgs/hook/cmake_prefix_path.sh'
[11.596s] Level 1:colcon.colcon_core.environment:checking '/home/iarley/Documents/tcc/ratslam/microros_ws/install/micro_ros_msgs/lib'
[11.596s] Level 1:colcon.colcon_core.shell:create_environment_hook('micro_ros_msgs', 'ld_library_path_lib')
[11.596s] INFO:colcon.colcon_core.shell:Creating environment hook '/home/iarley/Documents/tcc/ratslam/microros_ws/install/micro_ros_msgs/share/micro_ros_msgs/hook/ld_library_path_lib.ps1'
[11.597s] INFO:colcon.colcon_core.shell:Creating environment descriptor '/home/iarley/Documents/tcc/ratslam/microros_ws/install/micro_ros_msgs/share/micro_ros_msgs/hook/ld_library_path_lib.dsv'
[11.597s] INFO:colcon.colcon_core.shell:Creating environment hook '/home/iarley/Documents/tcc/ratslam/microros_ws/install/micro_ros_msgs/share/micro_ros_msgs/hook/ld_library_path_lib.sh'
[11.598s] Level 1:colcon.colcon_core.environment:checking '/home/iarley/Documents/tcc/ratslam/microros_ws/install/micro_ros_msgs/bin'
[11.599s] Level 1:colcon.colcon_core.environment:checking '/home/iarley/Documents/tcc/ratslam/microros_ws/install/micro_ros_msgs/lib/pkgconfig/micro_ros_msgs.pc'
[11.599s] Level 1:colcon.colcon_core.environment:checking '/home/iarley/Documents/tcc/ratslam/microros_ws/install/micro_ros_msgs/lib/python3.10/site-packages'
[11.599s] Level 1:colcon.colcon_core.environment:checking '/home/iarley/Documents/tcc/ratslam/microros_ws/install/micro_ros_msgs/bin'
[11.600s] INFO:colcon.colcon_core.shell:Creating package script '/home/iarley/Documents/tcc/ratslam/microros_ws/install/micro_ros_msgs/share/micro_ros_msgs/package.ps1'
[11.601s] INFO:colcon.colcon_core.shell:Creating package descriptor '/home/iarley/Documents/tcc/ratslam/microros_ws/install/micro_ros_msgs/share/micro_ros_msgs/package.dsv'
[11.602s] INFO:colcon.colcon_core.shell:Creating package script '/home/iarley/Documents/tcc/ratslam/microros_ws/install/micro_ros_msgs/share/micro_ros_msgs/package.sh'
[11.602s] INFO:colcon.colcon_core.shell:Creating package script '/home/iarley/Documents/tcc/ratslam/microros_ws/install/micro_ros_msgs/share/micro_ros_msgs/package.bash'
[11.603s] INFO:colcon.colcon_core.shell:Creating package script '/home/iarley/Documents/tcc/ratslam/microros_ws/install/micro_ros_msgs/share/micro_ros_msgs/package.zsh'
[11.603s] Level 1:colcon.colcon_core.environment:create_file_with_runtime_dependencies(/home/iarley/Documents/tcc/ratslam/microros_ws/install/micro_ros_msgs/share/colcon-core/packages/micro_ros_msgs)
[11.604s] INFO:colcon.colcon_ros.task.ament_cmake.build:Building ROS package in '/home/iarley/Documents/tcc/ratslam/microros_ws/src/uros/micro-ROS-Agent/micro_ros_agent' with build type 'ament_cmake'
[11.604s] INFO:colcon.colcon_cmake.task.cmake.build:Building CMake package in '/home/iarley/Documents/tcc/ratslam/microros_ws/src/uros/micro-ROS-Agent/micro_ros_agent'
[11.604s] INFO:colcon.colcon_core.shell:Skip shell extension 'powershell' for command environment: Not usable outside of PowerShell
[11.604s] DEBUG:colcon.colcon_core.shell:Skip shell extension 'dsv' for command environment
[11.626s] DEBUG:colcon.colcon_core.event_handler.log_command:Invoking command in '/home/iarley/Documents/tcc/ratslam/microros_ws/build/micro_ros_agent': CMAKE_PREFIX_PATH=/home/iarley/Documents/tcc/ratslam/microros_ws/install/micro_ros_msgs:/home/iarley/Documents/tcc/ratslam/microros_ws/install/micro_ros_setup:/home/iarley/Documents/tcc/ratslam/microros_ws/install/micro_ros_agent:/home/iarley/ros2_ws/install/teste_morato:/home/iarley/ros2_ws/install/test_morato:/opt/ros/humble:/home/iarley/ros2_ws/install/rplidar_ros:/home/iarley/ros2_ws/install/my_pkg_cpp:/home/iarley/Documents/tcc/ratslam/ros2_ws/install/ratslam:/home/iarley/Documents/tcc/ratslam/ros2_ws/install/topological_msgs LD_LIBRARY_PATH=/home/iarley/Documents/tcc/ratslam/microros_ws/install/micro_ros_msgs/lib:/home/iarley/Documents/tcc/ratslam/microros_ws/install/micro_ros_agent/lib:/home/iarley/Documents/tcc/ratslam/ros2_ws/install/topological_msgs/lib:/opt/ros/humble/opt/rviz_ogre_vendor/lib:/opt/ros/humble/lib/x86_64-linux-gnu:/opt/ros/humble/lib /usr/bin/cmake /home/iarley/Documents/tcc/ratslam/microros_ws/src/uros/micro-ROS-Agent/micro_ros_agent -DCMAKE_INSTALL_PREFIX=/home/iarley/Documents/tcc/ratslam/microros_ws/install/micro_ros_agent
[12.221s] DEBUG:colcon.colcon_core.event_handler.log_command:Invoked command in '/home/iarley/Documents/tcc/ratslam/microros_ws/build/micro_ros_agent' returned '0': CMAKE_PREFIX_PATH=/home/iarley/Documents/tcc/ratslam/microros_ws/install/micro_ros_msgs:/home/iarley/Documents/tcc/ratslam/microros_ws/install/micro_ros_setup:/home/iarley/Documents/tcc/ratslam/microros_ws/install/micro_ros_agent:/home/iarley/ros2_ws/install/teste_morato:/home/iarley/ros2_ws/install/test_morato:/opt/ros/humble:/home/iarley/ros2_ws/install/rplidar_ros:/home/iarley/ros2_ws/install/my_pkg_cpp:/home/iarley/Documents/tcc/ratslam/ros2_ws/install/ratslam:/home/iarley/Documents/tcc/ratslam/ros2_ws/install/topological_msgs LD_LIBRARY_PATH=/home/iarley/Documents/tcc/ratslam/microros_ws/install/micro_ros_msgs/lib:/home/iarley/Documents/tcc/ratslam/microros_ws/install/micro_ros_agent/lib:/home/iarley/Documents/tcc/ratslam/ros2_ws/install/topological_msgs/lib:/opt/ros/humble/opt/rviz_ogre_vendor/lib:/opt/ros/humble/lib/x86_64-linux-gnu:/opt/ros/humble/lib /usr/bin/cmake /home/iarley/Documents/tcc/ratslam/microros_ws/src/uros/micro-ROS-Agent/micro_ros_agent -DCMAKE_INSTALL_PREFIX=/home/iarley/Documents/tcc/ratslam/microros_ws/install/micro_ros_agent
[12.224s] DEBUG:colcon.colcon_core.event_handler.log_command:Invoking command in '/home/iarley/Documents/tcc/ratslam/microros_ws/build/micro_ros_agent': CMAKE_PREFIX_PATH=/home/iarley/Documents/tcc/ratslam/microros_ws/install/micro_ros_msgs:/home/iarley/Documents/tcc/ratslam/microros_ws/install/micro_ros_setup:/home/iarley/Documents/tcc/ratslam/microros_ws/install/micro_ros_agent:/home/iarley/ros2_ws/install/teste_morato:/home/iarley/ros2_ws/install/test_morato:/opt/ros/humble:/home/iarley/ros2_ws/install/rplidar_ros:/home/iarley/ros2_ws/install/my_pkg_cpp:/home/iarley/Documents/tcc/ratslam/ros2_ws/install/ratslam:/home/iarley/Documents/tcc/ratslam/ros2_ws/install/topological_msgs LD_LIBRARY_PATH=/home/iarley/Documents/tcc/ratslam/microros_ws/install/micro_ros_msgs/lib:/home/iarley/Documents/tcc/ratslam/microros_ws/install/micro_ros_agent/lib:/home/iarley/Documents/tcc/ratslam/ros2_ws/install/topological_msgs/lib:/opt/ros/humble/opt/rviz_ogre_vendor/lib:/opt/ros/humble/lib/x86_64-linux-gnu:/opt/ros/humble/lib /usr/bin/cmake --build /home/iarley/Documents/tcc/ratslam/microros_ws/build/micro_ros_agent -- -j8 -l8
[72.738s] DEBUG:colcon.colcon_core.event_handler.log_command:Invoked command in '/home/iarley/Documents/tcc/ratslam/microros_ws/build/micro_ros_agent' returned '0': CMAKE_PREFIX_PATH=/home/iarley/Documents/tcc/ratslam/microros_ws/install/micro_ros_msgs:/home/iarley/Documents/tcc/ratslam/microros_ws/install/micro_ros_setup:/home/iarley/Documents/tcc/ratslam/microros_ws/install/micro_ros_agent:/home/iarley/ros2_ws/install/teste_morato:/home/iarley/ros2_ws/install/test_morato:/opt/ros/humble:/home/iarley/ros2_ws/install/rplidar_ros:/home/iarley/ros2_ws/install/my_pkg_cpp:/home/iarley/Documents/tcc/ratslam/ros2_ws/install/ratslam:/home/iarley/Documents/tcc/ratslam/ros2_ws/install/topological_msgs LD_LIBRARY_PATH=/home/iarley/Documents/tcc/ratslam/microros_ws/install/micro_ros_msgs/lib:/home/iarley/Documents/tcc/ratslam/microros_ws/install/micro_ros_agent/lib:/home/iarley/Documents/tcc/ratslam/ros2_ws/install/topological_msgs/lib:/opt/ros/humble/opt/rviz_ogre_vendor/lib:/opt/ros/humble/lib/x86_64-linux-gnu:/opt/ros/humble/lib /usr/bin/cmake --build /home/iarley/Documents/tcc/ratslam/microros_ws/build/micro_ros_agent -- -j8 -l8
[72.742s] DEBUG:colcon.colcon_core.event_handler.log_command:Invoking command in '/home/iarley/Documents/tcc/ratslam/microros_ws/build/micro_ros_agent': CMAKE_PREFIX_PATH=/home/iarley/Documents/tcc/ratslam/microros_ws/install/micro_ros_msgs:/home/iarley/Documents/tcc/ratslam/microros_ws/install/micro_ros_setup:/home/iarley/Documents/tcc/ratslam/microros_ws/install/micro_ros_agent:/home/iarley/ros2_ws/install/teste_morato:/home/iarley/ros2_ws/install/test_morato:/opt/ros/humble:/home/iarley/ros2_ws/install/rplidar_ros:/home/iarley/ros2_ws/install/my_pkg_cpp:/home/iarley/Documents/tcc/ratslam/ros2_ws/install/ratslam:/home/iarley/Documents/tcc/ratslam/ros2_ws/install/topological_msgs LD_LIBRARY_PATH=/home/iarley/Documents/tcc/ratslam/microros_ws/install/micro_ros_msgs/lib:/home/iarley/Documents/tcc/ratslam/microros_ws/install/micro_ros_agent/lib:/home/iarley/Documents/tcc/ratslam/ros2_ws/install/topological_msgs/lib:/opt/ros/humble/opt/rviz_ogre_vendor/lib:/opt/ros/humble/lib/x86_64-linux-gnu:/opt/ros/humble/lib /usr/bin/cmake --install /home/iarley/Documents/tcc/ratslam/microros_ws/build/micro_ros_agent
[72.759s] Level 1:colcon.colcon_core.environment:create_environment_scripts_only(micro_ros_agent)
[72.760s] Level 1:colcon.colcon_core.environment:checking '/home/iarley/Documents/tcc/ratslam/microros_ws/install/micro_ros_agent' for CMake module files
[72.761s] DEBUG:colcon.colcon_core.event_handler.log_command:Invoked command in '/home/iarley/Documents/tcc/ratslam/microros_ws/build/micro_ros_agent' returned '0': CMAKE_PREFIX_PATH=/home/iarley/Documents/tcc/ratslam/microros_ws/install/micro_ros_msgs:/home/iarley/Documents/tcc/ratslam/microros_ws/install/micro_ros_setup:/home/iarley/Documents/tcc/ratslam/microros_ws/install/micro_ros_agent:/home/iarley/ros2_ws/install/teste_morato:/home/iarley/ros2_ws/install/test_morato:/opt/ros/humble:/home/iarley/ros2_ws/install/rplidar_ros:/home/iarley/ros2_ws/install/my_pkg_cpp:/home/iarley/Documents/tcc/ratslam/ros2_ws/install/ratslam:/home/iarley/Documents/tcc/ratslam/ros2_ws/install/topological_msgs LD_LIBRARY_PATH=/home/iarley/Documents/tcc/ratslam/microros_ws/install/micro_ros_msgs/lib:/home/iarley/Documents/tcc/ratslam/microros_ws/install/micro_ros_agent/lib:/home/iarley/Documents/tcc/ratslam/ros2_ws/install/topological_msgs/lib:/opt/ros/humble/opt/rviz_ogre_vendor/lib:/opt/ros/humble/lib/x86_64-linux-gnu:/opt/ros/humble/lib /usr/bin/cmake --install /home/iarley/Documents/tcc/ratslam/microros_ws/build/micro_ros_agent
[72.762s] Level 1:colcon.colcon_core.environment:checking '/home/iarley/Documents/tcc/ratslam/microros_ws/install/micro_ros_agent' for CMake config files
[72.765s] Level 1:colcon.colcon_core.shell:create_environment_hook('micro_ros_agent', 'cmake_prefix_path')
[72.765s] INFO:colcon.colcon_core.shell:Creating environment hook '/home/iarley/Documents/tcc/ratslam/microros_ws/install/micro_ros_agent/share/micro_ros_agent/hook/cmake_prefix_path.ps1'
[72.767s] INFO:colcon.colcon_core.shell:Creating environment descriptor '/home/iarley/Documents/tcc/ratslam/microros_ws/install/micro_ros_agent/share/micro_ros_agent/hook/cmake_prefix_path.dsv'
[72.767s] INFO:colcon.colcon_core.shell:Creating environment hook '/home/iarley/Documents/tcc/ratslam/microros_ws/install/micro_ros_agent/share/micro_ros_agent/hook/cmake_prefix_path.sh'
[72.769s] Level 1:colcon.colcon_core.environment:checking '/home/iarley/Documents/tcc/ratslam/microros_ws/install/micro_ros_agent/lib'
[72.769s] Level 1:colcon.colcon_core.shell:create_environment_hook('micro_ros_agent', 'ld_library_path_lib')
[72.770s] INFO:colcon.colcon_core.shell:Creating environment hook '/home/iarley/Documents/tcc/ratslam/microros_ws/install/micro_ros_agent/share/micro_ros_agent/hook/ld_library_path_lib.ps1'
[72.771s] INFO:colcon.colcon_core.shell:Creating environment descriptor '/home/iarley/Documents/tcc/ratslam/microros_ws/install/micro_ros_agent/share/micro_ros_agent/hook/ld_library_path_lib.dsv'
[72.772s] INFO:colcon.colcon_core.shell:Creating environment hook '/home/iarley/Documents/tcc/ratslam/microros_ws/install/micro_ros_agent/share/micro_ros_agent/hook/ld_library_path_lib.sh'
[72.773s] Level 1:colcon.colcon_core.environment:checking '/home/iarley/Documents/tcc/ratslam/microros_ws/install/micro_ros_agent/bin'
[72.773s] Level 1:colcon.colcon_core.environment:checking '/home/iarley/Documents/tcc/ratslam/microros_ws/install/micro_ros_agent/lib/pkgconfig/micro_ros_agent.pc'
[72.774s] Level 1:colcon.colcon_core.environment:checking '/home/iarley/Documents/tcc/ratslam/microros_ws/install/micro_ros_agent/lib/python3.10/site-packages'
[72.775s] Level 1:colcon.colcon_core.environment:checking '/home/iarley/Documents/tcc/ratslam/microros_ws/install/micro_ros_agent/bin'
[72.776s] INFO:colcon.colcon_core.shell:Creating package script '/home/iarley/Documents/tcc/ratslam/microros_ws/install/micro_ros_agent/share/micro_ros_agent/package.ps1'
[72.777s] INFO:colcon.colcon_core.shell:Creating package descriptor '/home/iarley/Documents/tcc/ratslam/microros_ws/install/micro_ros_agent/share/micro_ros_agent/package.dsv'
[72.779s] INFO:colcon.colcon_core.shell:Creating package script '/home/iarley/Documents/tcc/ratslam/microros_ws/install/micro_ros_agent/share/micro_ros_agent/package.sh'
[72.781s] INFO:colcon.colcon_core.shell:Creating package script '/home/iarley/Documents/tcc/ratslam/microros_ws/install/micro_ros_agent/share/micro_ros_agent/package.bash'
[72.783s] INFO:colcon.colcon_core.shell:Creating package script '/home/iarley/Documents/tcc/ratslam/microros_ws/install/micro_ros_agent/share/micro_ros_agent/package.zsh'
[72.784s] Level 1:colcon.colcon_core.environment:create_file_with_runtime_dependencies(/home/iarley/Documents/tcc/ratslam/microros_ws/install/micro_ros_agent/share/colcon-core/packages/micro_ros_agent)
[72.786s] Level 1:colcon.colcon_core.environment:create_environment_scripts_only(micro_ros_agent)
[72.787s] Level 1:colcon.colcon_core.environment:checking '/home/iarley/Documents/tcc/ratslam/microros_ws/install/micro_ros_agent' for CMake module files
[72.788s] Level 1:colcon.colcon_core.environment:checking '/home/iarley/Documents/tcc/ratslam/microros_ws/install/micro_ros_agent' for CMake config files
[72.792s] Level 1:colcon.colcon_core.shell:create_environment_hook('micro_ros_agent', 'cmake_prefix_path')
[72.792s] INFO:colcon.colcon_core.shell:Creating environment hook '/home/iarley/Documents/tcc/ratslam/microros_ws/install/micro_ros_agent/share/micro_ros_agent/hook/cmake_prefix_path.ps1'
[72.794s] INFO:colcon.colcon_core.shell:Creating environment descriptor '/home/iarley/Documents/tcc/ratslam/microros_ws/install/micro_ros_agent/share/micro_ros_agent/hook/cmake_prefix_path.dsv'
[72.796s] INFO:colcon.colcon_core.shell:Creating environment hook '/home/iarley/Documents/tcc/ratslam/microros_ws/install/micro_ros_agent/share/micro_ros_agent/hook/cmake_prefix_path.sh'
[72.798s] Level 1:colcon.colcon_core.environment:checking '/home/iarley/Documents/tcc/ratslam/microros_ws/install/micro_ros_agent/lib'
[72.798s] Level 1:colcon.colcon_core.shell:create_environment_hook('micro_ros_agent', 'ld_library_path_lib')
[72.799s] INFO:colcon.colcon_core.shell:Creating environment hook '/home/iarley/Documents/tcc/ratslam/microros_ws/install/micro_ros_agent/share/micro_ros_agent/hook/ld_library_path_lib.ps1'
[72.800s] INFO:colcon.colcon_core.shell:Creating environment descriptor '/home/iarley/Documents/tcc/ratslam/microros_ws/install/micro_ros_agent/share/micro_ros_agent/hook/ld_library_path_lib.dsv'
[72.801s] INFO:colcon.colcon_core.shell:Creating environment hook '/home/iarley/Documents/tcc/ratslam/microros_ws/install/micro_ros_agent/share/micro_ros_agent/hook/ld_library_path_lib.sh'
[72.802s] Level 1:colcon.colcon_core.environment:checking '/home/iarley/Documents/tcc/ratslam/microros_ws/install/micro_ros_agent/bin'
[72.802s] Level 1:colcon.colcon_core.environment:checking '/home/iarley/Documents/tcc/ratslam/microros_ws/install/micro_ros_agent/lib/pkgconfig/micro_ros_agent.pc'
[72.803s] Level 1:colcon.colcon_core.environment:checking '/home/iarley/Documents/tcc/ratslam/microros_ws/install/micro_ros_agent/lib/python3.10/site-packages'
[72.803s] Level 1:colcon.colcon_core.environment:checking '/home/iarley/Documents/tcc/ratslam/microros_ws/install/micro_ros_agent/bin'
[72.805s] INFO:colcon.colcon_core.shell:Creating package script '/home/iarley/Documents/tcc/ratslam/microros_ws/install/micro_ros_agent/share/micro_ros_agent/package.ps1'
[72.807s] INFO:colcon.colcon_core.shell:Creating package descriptor '/home/iarley/Documents/tcc/ratslam/microros_ws/install/micro_ros_agent/share/micro_ros_agent/package.dsv'
[72.808s] INFO:colcon.colcon_core.shell:Creating package script '/home/iarley/Documents/tcc/ratslam/microros_ws/install/micro_ros_agent/share/micro_ros_agent/package.sh'
[72.809s] INFO:colcon.colcon_core.shell:Creating package script '/home/iarley/Documents/tcc/ratslam/microros_ws/install/micro_ros_agent/share/micro_ros_agent/package.bash'
[72.810s] INFO:colcon.colcon_core.shell:Creating package script '/home/iarley/Documents/tcc/ratslam/microros_ws/install/micro_ros_agent/share/micro_ros_agent/package.zsh'
[72.811s] Level 1:colcon.colcon_core.environment:create_file_with_runtime_dependencies(/home/iarley/Documents/tcc/ratslam/microros_ws/install/micro_ros_agent/share/colcon-core/packages/micro_ros_agent)
[72.811s] DEBUG:colcon.colcon_parallel_executor.executor.parallel:closing loop
[72.811s] DEBUG:colcon.colcon_parallel_executor.executor.parallel:loop closed
[72.811s] DEBUG:colcon.colcon_parallel_executor.executor.parallel:run_until_complete finished with '0'
[72.811s] DEBUG:colcon.colcon_core.event_reactor:joining thread
[72.820s] INFO:colcon.colcon_core.plugin_system:Skipping extension 'colcon_notification.desktop_notification.terminal_notifier': Not used on non-Darwin systems
[72.820s] INFO:colcon.colcon_core.plugin_system:Skipping extension 'colcon_notification.desktop_notification.win32': Not used on non-Windows systems
[72.820s] INFO:colcon.colcon_notification.desktop_notification:Sending desktop notification using 'notify2'
[72.970s] DEBUG:colcon.colcon_core.event_reactor:joined thread
[72.971s] INFO:colcon.colcon_core.shell:Creating prefix script '/home/iarley/Documents/tcc/ratslam/microros_ws/install/local_setup.ps1'
[72.973s] INFO:colcon.colcon_core.shell:Creating prefix util module '/home/iarley/Documents/tcc/ratslam/microros_ws/install/_local_setup_util_ps1.py'
[72.975s] INFO:colcon.colcon_core.shell:Creating prefix chain script '/home/iarley/Documents/tcc/ratslam/microros_ws/install/setup.ps1'
[72.977s] INFO:colcon.colcon_core.shell:Creating prefix script '/home/iarley/Documents/tcc/ratslam/microros_ws/install/local_setup.sh'
[72.978s] INFO:colcon.colcon_core.shell:Creating prefix util module '/home/iarley/Documents/tcc/ratslam/microros_ws/install/_local_setup_util_sh.py'
[72.979s] INFO:colcon.colcon_core.shell:Creating prefix chain script '/home/iarley/Documents/tcc/ratslam/microros_ws/install/setup.sh'
[72.982s] INFO:colcon.colcon_core.shell:Creating prefix script '/home/iarley/Documents/tcc/ratslam/microros_ws/install/local_setup.bash'
[72.984s] INFO:colcon.colcon_core.shell:Creating prefix chain script '/home/iarley/Documents/tcc/ratslam/microros_ws/install/setup.bash'
[72.986s] INFO:colcon.colcon_core.shell:Creating prefix script '/home/iarley/Documents/tcc/ratslam/microros_ws/install/local_setup.zsh'
[72.987s] INFO:colcon.colcon_core.shell:Creating prefix chain script '/home/iarley/Documents/tcc/ratslam/microros_ws/install/setup.zsh'
