[0.022s] Invoking command in '/home/iarley/Documents/tcc/ratslam/microros_ws/build/micro_ros_msgs': CMAKE_PREFIX_PATH=/home/iarley/Documents/tcc/ratslam/microros_ws/install/micro_ros_agent:/home/iarley/Documents/tcc/ratslam/microros_ws/install/micro_ros_msgs:/home/iarley/Documents/tcc/ratslam/microros_ws/install/micro_ros_setup:/home/iarley/Documents/tcc/ratslam/ros2_ws/install/micro_ros_setup:/home/iarley/Documents/tcc/ratslam/ros2_ws/install/micro_ros_agent:/home/iarley/Documents/tcc/ratslam/ros2_ws/install/micro_ros_msgs:/home/iarley/ros2_ws/install/teste_morato:/home/iarley/ros2_ws/install/test_morato:/opt/ros/humble:/home/iarley/ros2_ws/install/rplidar_ros:/home/iarley/ros2_ws/install/my_pkg_cpp:/home/iarley/Documents/tcc/ratslam/ros2_ws/install/ratslam:/home/iarley/Documents/tcc/ratslam/ros2_ws/install/topological_msgs /usr/bin/cmake --build /home/iarley/Documents/tcc/ratslam/microros_ws/build/micro_ros_msgs -- -j8 -l8
[0.094s] [35m[1mConsolidate compiler generated dependencies of target micro_ros_msgs__rosidl_generator_c[0m
[0.115s] [ 10%] Built target micro_ros_msgs__rosidl_generator_c
[0.115s] [ 12%] Built target micro_ros_msgs__cpp
[0.143s] [ 12%] Built target ament_cmake_python_copy_micro_ros_msgs
[0.143s] [35m[1mConsolidate compiler generated dependencies of target micro_ros_msgs__rosidl_typesupport_fastrtps_cpp[0m
[0.143s] [35m[1mConsolidate compiler generated dependencies of target micro_ros_msgs__rosidl_typesupport_fastrtps_c[0m
[0.143s] [35m[1mConsolidate compiler generated dependencies of target micro_ros_msgs__rosidl_typesupport_introspection_c[0m
[0.143s] [35m[1mConsolidate compiler generated dependencies of target micro_ros_msgs__rosidl_typesupport_cpp[0m
[0.143s] [35m[1mConsolidate compiler generated dependencies of target micro_ros_msgs__rosidl_typesupport_c[0m
[0.146s] [35m[1mConsolidate compiler generated dependencies of target micro_ros_msgs__rosidl_typesupport_introspection_cpp[0m
[0.172s] [ 23%] Built target micro_ros_msgs__rosidl_typesupport_c
[0.177s] [ 34%] Built target micro_ros_msgs__rosidl_typesupport_fastrtps_c
[0.177s] [ 44%] Built target micro_ros_msgs__rosidl_typesupport_introspection_c
[0.179s] [ 55%] Built target micro_ros_msgs__rosidl_typesupport_cpp
[0.180s] [ 65%] Built target micro_ros_msgs__rosidl_typesupport_fastrtps_cpp
[0.185s] [ 76%] Built target micro_ros_msgs__rosidl_typesupport_introspection_cpp
[0.220s] [ 76%] Built target micro_ros_msgs
[0.262s] [ 78%] Built target micro_ros_msgs__py
[0.285s] [35m[1mConsolidate compiler generated dependencies of target micro_ros_msgs__rosidl_generator_py[0m
[0.316s] [ 87%] Built target micro_ros_msgs__rosidl_generator_py
[0.337s] [35m[1mConsolidate compiler generated dependencies of target micro_ros_msgs__rosidl_typesupport_fastrtps_c__pyext[0m
[0.338s] [35m[1mConsolidate compiler generated dependencies of target micro_ros_msgs__rosidl_typesupport_c__pyext[0m
[0.338s] [35m[1mConsolidate compiler generated dependencies of target micro_ros_msgs__rosidl_typesupport_introspection_c__pyext[0m
[0.361s] [ 95%] Built target micro_ros_msgs__rosidl_typesupport_fastrtps_c__pyext
[0.362s] [ 95%] Built target micro_ros_msgs__rosidl_typesupport_introspection_c__pyext
[0.363s] [100%] Built target micro_ros_msgs__rosidl_typesupport_c__pyext
[0.558s] running egg_info
[0.559s] writing micro_ros_msgs.egg-info/PKG-INFO
[0.559s] writing dependency_links to micro_ros_msgs.egg-info/dependency_links.txt
[0.559s] writing top-level names to micro_ros_msgs.egg-info/top_level.txt
[0.562s] reading manifest file 'micro_ros_msgs.egg-info/SOURCES.txt'
[0.563s] writing manifest file 'micro_ros_msgs.egg-info/SOURCES.txt'
[0.615s] [100%] Built target ament_cmake_python_build_micro_ros_msgs_egg
