[0.132s] DEBUG:colcon:Command line arguments: ['/usr/bin/colcon', 'build']
[0.132s] DEBUG:colcon:Parsed command line arguments: Namespace(log_base=None, log_level=None, verb_name='build', build_base='build', install_base='install', merge_install=False, symlink_install=False, test_result_base=None, continue_on_error=False, executor='parallel', parallel_workers=8, event_handlers=None, ignore_user_meta=False, metas=['./colcon.meta'], base_paths=['.'], packages_ignore=None, packages_ignore_regex=None, paths=None, packages_up_to=None, packages_up_to_regex=None, packages_above=None, packages_above_and_dependencies=None, packages_above_depth=None, packages_select_by_dep=None, packages_skip_by_dep=None, packages_skip_up_to=None, packages_select_build_failed=False, packages_skip_build_finished=False, packages_select_test_failures=False, packages_skip_test_passed=False, packages_select=None, packages_skip=None, packages_select_regex=None, packages_skip_regex=None, packages_start=None, packages_end=None, allow_overriding=[], cmake_args=None, cmake_target=None, cmake_target_skip_unavailable=False, cmake_clean_cache=False, cmake_clean_first=False, cmake_force_configure=False, ament_cmake_args=None, catkin_cmake_args=None, catkin_skip_building_tests=False, mixin_files=None, mixin=None, verb_parser=<colcon_mixin.mixin.mixin_argument.MixinArgumentDecorator object at 0x7ad57aa476a0>, verb_extension=<colcon_core.verb.build.BuildVerb object at 0x7ad57aa010c0>, main=<bound method BuildVerb.main of <colcon_core.verb.build.BuildVerb object at 0x7ad57aa010c0>>, mixin_verb=('build',))
[0.336s] Level 1:colcon.colcon_core.package_discovery:discover_packages(colcon_meta) check parameters
[0.336s] Level 1:colcon.colcon_core.package_discovery:discover_packages(recursive) check parameters
[0.336s] Level 1:colcon.colcon_core.package_discovery:discover_packages(ignore) check parameters
[0.336s] Level 1:colcon.colcon_core.package_discovery:discover_packages(path) check parameters
[0.336s] Level 1:colcon.colcon_core.package_discovery:discover_packages(colcon_meta) discover
[0.336s] Level 1:colcon.colcon_core.package_discovery:discover_packages(recursive) discover
[0.336s] INFO:colcon.colcon_core.package_discovery:Crawling recursively for packages in '/home/iarley/Documents/tcc/ratslam/microros_ws'
[0.336s] Level 1:colcon.colcon_core.package_identification:_identify(.) by extensions ['ignore', 'ignore_ament_install']
[0.336s] Level 1:colcon.colcon_core.package_identification:_identify(.) by extension 'ignore'
[0.336s] Level 1:colcon.colcon_core.package_identification:_identify(.) by extension 'ignore_ament_install'
[0.337s] Level 1:colcon.colcon_core.package_identification:_identify(.) by extensions ['colcon_pkg']
[0.337s] Level 1:colcon.colcon_core.package_identification:_identify(.) by extension 'colcon_pkg'
[0.337s] Level 1:colcon.colcon_core.package_identification:_identify(.) by extensions ['colcon_meta']
[0.337s] Level 1:colcon.colcon_core.package_identification:_identify(.) by extension 'colcon_meta'
[0.337s] Level 1:colcon.colcon_core.package_identification:_identify(.) by extensions ['ros']
[0.337s] Level 1:colcon.colcon_core.package_identification:_identify(.) by extension 'ros'
[0.349s] Level 1:colcon.colcon_core.package_identification:_identify(.) by extensions ['cmake', 'python']
[0.349s] Level 1:colcon.colcon_core.package_identification:_identify(.) by extension 'cmake'
[0.350s] Level 1:colcon.colcon_core.package_identification:_identify(.) by extension 'python'
[0.350s] Level 1:colcon.colcon_core.package_identification:_identify(.) by extensions ['python_setup_py']
[0.350s] Level 1:colcon.colcon_core.package_identification:_identify(.) by extension 'python_setup_py'
[0.350s] Level 1:colcon.colcon_core.package_identification:_identify(build) by extensions ['ignore', 'ignore_ament_install']
[0.350s] Level 1:colcon.colcon_core.package_identification:_identify(build) by extension 'ignore'
[0.350s] Level 1:colcon.colcon_core.package_identification:_identify(build) ignored
[0.350s] Level 1:colcon.colcon_core.package_identification:_identify(install) by extensions ['ignore', 'ignore_ament_install']
[0.350s] Level 1:colcon.colcon_core.package_identification:_identify(install) by extension 'ignore'
[0.350s] Level 1:colcon.colcon_core.package_identification:_identify(install) ignored
[0.351s] Level 1:colcon.colcon_core.package_identification:_identify(log) by extensions ['ignore', 'ignore_ament_install']
[0.351s] Level 1:colcon.colcon_core.package_identification:_identify(log) by extension 'ignore'
[0.351s] Level 1:colcon.colcon_core.package_identification:_identify(log) ignored
[0.351s] Level 1:colcon.colcon_core.package_identification:_identify(src) by extensions ['ignore', 'ignore_ament_install']
[0.351s] Level 1:colcon.colcon_core.package_identification:_identify(src) by extension 'ignore'
[0.351s] Level 1:colcon.colcon_core.package_identification:_identify(src) by extension 'ignore_ament_install'
[0.351s] Level 1:colcon.colcon_core.package_identification:_identify(src) by extensions ['colcon_pkg']
[0.351s] Level 1:colcon.colcon_core.package_identification:_identify(src) by extension 'colcon_pkg'
[0.351s] Level 1:colcon.colcon_core.package_identification:_identify(src) by extensions ['colcon_meta']
[0.351s] Level 1:colcon.colcon_core.package_identification:_identify(src) by extension 'colcon_meta'
[0.351s] Level 1:colcon.colcon_core.package_identification:_identify(src) by extensions ['ros']
[0.351s] Level 1:colcon.colcon_core.package_identification:_identify(src) by extension 'ros'
[0.352s] Level 1:colcon.colcon_core.package_identification:_identify(src) by extensions ['cmake', 'python']
[0.352s] Level 1:colcon.colcon_core.package_identification:_identify(src) by extension 'cmake'
[0.352s] Level 1:colcon.colcon_core.package_identification:_identify(src) by extension 'python'
[0.352s] Level 1:colcon.colcon_core.package_identification:_identify(src) by extensions ['python_setup_py']
[0.352s] Level 1:colcon.colcon_core.package_identification:_identify(src) by extension 'python_setup_py'
[0.352s] Level 1:colcon.colcon_core.package_identification:_identify(src/ESP32_sensors) by extensions ['ignore', 'ignore_ament_install']
[0.352s] Level 1:colcon.colcon_core.package_identification:_identify(src/ESP32_sensors) by extension 'ignore'
[0.352s] Level 1:colcon.colcon_core.package_identification:_identify(src/ESP32_sensors) by extension 'ignore_ament_install'
[0.352s] Level 1:colcon.colcon_core.package_identification:_identify(src/ESP32_sensors) by extensions ['colcon_pkg']
[0.352s] Level 1:colcon.colcon_core.package_identification:_identify(src/ESP32_sensors) by extension 'colcon_pkg'
[0.352s] Level 1:colcon.colcon_core.package_identification:_identify(src/ESP32_sensors) by extensions ['colcon_meta']
[0.352s] Level 1:colcon.colcon_core.package_identification:_identify(src/ESP32_sensors) by extension 'colcon_meta'
[0.353s] Level 1:colcon.colcon_core.package_identification:_identify(src/ESP32_sensors) by extensions ['ros']
[0.353s] Level 1:colcon.colcon_core.package_identification:_identify(src/ESP32_sensors) by extension 'ros'
[0.353s] Level 1:colcon.colcon_core.package_identification:_identify(src/ESP32_sensors) by extensions ['cmake', 'python']
[0.353s] Level 1:colcon.colcon_core.package_identification:_identify(src/ESP32_sensors) by extension 'cmake'
[0.353s] Level 1:colcon.colcon_core.package_identification:_identify(src/ESP32_sensors) by extension 'python'
[0.353s] Level 1:colcon.colcon_core.package_identification:_identify(src/ESP32_sensors) by extensions ['python_setup_py']
[0.353s] Level 1:colcon.colcon_core.package_identification:_identify(src/ESP32_sensors) by extension 'python_setup_py'
[0.353s] Level 1:colcon.colcon_core.package_identification:_identify(src/ESP32_sensors/include) by extensions ['ignore', 'ignore_ament_install']
[0.353s] Level 1:colcon.colcon_core.package_identification:_identify(src/ESP32_sensors/include) by extension 'ignore'
[0.353s] Level 1:colcon.colcon_core.package_identification:_identify(src/ESP32_sensors/include) by extension 'ignore_ament_install'
[0.353s] Level 1:colcon.colcon_core.package_identification:_identify(src/ESP32_sensors/include) by extensions ['colcon_pkg']
[0.353s] Level 1:colcon.colcon_core.package_identification:_identify(src/ESP32_sensors/include) by extension 'colcon_pkg'
[0.354s] Level 1:colcon.colcon_core.package_identification:_identify(src/ESP32_sensors/include) by extensions ['colcon_meta']
[0.354s] Level 1:colcon.colcon_core.package_identification:_identify(src/ESP32_sensors/include) by extension 'colcon_meta'
[0.354s] Level 1:colcon.colcon_core.package_identification:_identify(src/ESP32_sensors/include) by extensions ['ros']
[0.354s] Level 1:colcon.colcon_core.package_identification:_identify(src/ESP32_sensors/include) by extension 'ros'
[0.354s] Level 1:colcon.colcon_core.package_identification:_identify(src/ESP32_sensors/include) by extensions ['cmake', 'python']
[0.354s] Level 1:colcon.colcon_core.package_identification:_identify(src/ESP32_sensors/include) by extension 'cmake'
[0.354s] Level 1:colcon.colcon_core.package_identification:_identify(src/ESP32_sensors/include) by extension 'python'
[0.354s] Level 1:colcon.colcon_core.package_identification:_identify(src/ESP32_sensors/include) by extensions ['python_setup_py']
[0.354s] Level 1:colcon.colcon_core.package_identification:_identify(src/ESP32_sensors/include) by extension 'python_setup_py'
[0.354s] Level 1:colcon.colcon_core.package_identification:_identify(src/ESP32_sensors/libs) by extensions ['ignore', 'ignore_ament_install']
[0.354s] Level 1:colcon.colcon_core.package_identification:_identify(src/ESP32_sensors/libs) by extension 'ignore'
[0.355s] Level 1:colcon.colcon_core.package_identification:_identify(src/ESP32_sensors/libs) by extension 'ignore_ament_install'
[0.355s] Level 1:colcon.colcon_core.package_identification:_identify(src/ESP32_sensors/libs) by extensions ['colcon_pkg']
[0.355s] Level 1:colcon.colcon_core.package_identification:_identify(src/ESP32_sensors/libs) by extension 'colcon_pkg'
[0.355s] Level 1:colcon.colcon_core.package_identification:_identify(src/ESP32_sensors/libs) by extensions ['colcon_meta']
[0.355s] Level 1:colcon.colcon_core.package_identification:_identify(src/ESP32_sensors/libs) by extension 'colcon_meta'
[0.355s] Level 1:colcon.colcon_core.package_identification:_identify(src/ESP32_sensors/libs) by extensions ['ros']
[0.355s] Level 1:colcon.colcon_core.package_identification:_identify(src/ESP32_sensors/libs) by extension 'ros'
[0.355s] Level 1:colcon.colcon_core.package_identification:_identify(src/ESP32_sensors/libs) by extensions ['cmake', 'python']
[0.355s] Level 1:colcon.colcon_core.package_identification:_identify(src/ESP32_sensors/libs) by extension 'cmake'
[0.355s] Level 1:colcon.colcon_core.package_identification:_identify(src/ESP32_sensors/libs) by extension 'python'
[0.355s] Level 1:colcon.colcon_core.package_identification:_identify(src/ESP32_sensors/libs) by extensions ['python_setup_py']
[0.355s] Level 1:colcon.colcon_core.package_identification:_identify(src/ESP32_sensors/libs) by extension 'python_setup_py'
[0.355s] Level 1:colcon.colcon_core.package_identification:_identify(src/ESP32_sensors/libs/I2Cdev) by extensions ['ignore', 'ignore_ament_install']
[0.356s] Level 1:colcon.colcon_core.package_identification:_identify(src/ESP32_sensors/libs/I2Cdev) by extension 'ignore'
[0.356s] Level 1:colcon.colcon_core.package_identification:_identify(src/ESP32_sensors/libs/I2Cdev) by extension 'ignore_ament_install'
[0.356s] Level 1:colcon.colcon_core.package_identification:_identify(src/ESP32_sensors/libs/I2Cdev) by extensions ['colcon_pkg']
[0.356s] Level 1:colcon.colcon_core.package_identification:_identify(src/ESP32_sensors/libs/I2Cdev) by extension 'colcon_pkg'
[0.356s] Level 1:colcon.colcon_core.package_identification:_identify(src/ESP32_sensors/libs/I2Cdev) by extensions ['colcon_meta']
[0.356s] Level 1:colcon.colcon_core.package_identification:_identify(src/ESP32_sensors/libs/I2Cdev) by extension 'colcon_meta'
[0.356s] Level 1:colcon.colcon_core.package_identification:_identify(src/ESP32_sensors/libs/I2Cdev) by extensions ['ros']
[0.356s] Level 1:colcon.colcon_core.package_identification:_identify(src/ESP32_sensors/libs/I2Cdev) by extension 'ros'
[0.356s] Level 1:colcon.colcon_core.package_identification:_identify(src/ESP32_sensors/libs/I2Cdev) by extensions ['cmake', 'python']
[0.356s] Level 1:colcon.colcon_core.package_identification:_identify(src/ESP32_sensors/libs/I2Cdev) by extension 'cmake'
[0.356s] Level 1:colcon.colcon_core.package_identification:_identify(src/ESP32_sensors/libs/I2Cdev) by extension 'python'
[0.356s] Level 1:colcon.colcon_core.package_identification:_identify(src/ESP32_sensors/libs/I2Cdev) by extensions ['python_setup_py']
[0.356s] Level 1:colcon.colcon_core.package_identification:_identify(src/ESP32_sensors/libs/I2Cdev) by extension 'python_setup_py'
[0.357s] Level 1:colcon.colcon_core.package_identification:_identify(src/ESP32_sensors/libs/MPU6050) by extensions ['ignore', 'ignore_ament_install']
[0.357s] Level 1:colcon.colcon_core.package_identification:_identify(src/ESP32_sensors/libs/MPU6050) by extension 'ignore'
[0.357s] Level 1:colcon.colcon_core.package_identification:_identify(src/ESP32_sensors/libs/MPU6050) by extension 'ignore_ament_install'
[0.357s] Level 1:colcon.colcon_core.package_identification:_identify(src/ESP32_sensors/libs/MPU6050) by extensions ['colcon_pkg']
[0.357s] Level 1:colcon.colcon_core.package_identification:_identify(src/ESP32_sensors/libs/MPU6050) by extension 'colcon_pkg'
[0.357s] Level 1:colcon.colcon_core.package_identification:_identify(src/ESP32_sensors/libs/MPU6050) by extensions ['colcon_meta']
[0.357s] Level 1:colcon.colcon_core.package_identification:_identify(src/ESP32_sensors/libs/MPU6050) by extension 'colcon_meta'
[0.357s] Level 1:colcon.colcon_core.package_identification:_identify(src/ESP32_sensors/libs/MPU6050) by extensions ['ros']
[0.357s] Level 1:colcon.colcon_core.package_identification:_identify(src/ESP32_sensors/libs/MPU6050) by extension 'ros'
[0.357s] Level 1:colcon.colcon_core.package_identification:_identify(src/ESP32_sensors/libs/MPU6050) by extensions ['cmake', 'python']
[0.357s] Level 1:colcon.colcon_core.package_identification:_identify(src/ESP32_sensors/libs/MPU6050) by extension 'cmake'
[0.357s] Level 1:colcon.colcon_core.package_identification:_identify(src/ESP32_sensors/libs/MPU6050) by extension 'python'
[0.358s] Level 1:colcon.colcon_core.package_identification:_identify(src/ESP32_sensors/libs/MPU6050) by extensions ['python_setup_py']
[0.358s] Level 1:colcon.colcon_core.package_identification:_identify(src/ESP32_sensors/libs/MPU6050) by extension 'python_setup_py'
[0.358s] Level 1:colcon.colcon_core.package_identification:_identify(src/ESP32_sensors/libs/MPU6050/examples) by extensions ['ignore', 'ignore_ament_install']
[0.358s] Level 1:colcon.colcon_core.package_identification:_identify(src/ESP32_sensors/libs/MPU6050/examples) by extension 'ignore'
[0.358s] Level 1:colcon.colcon_core.package_identification:_identify(src/ESP32_sensors/libs/MPU6050/examples) by extension 'ignore_ament_install'
[0.358s] Level 1:colcon.colcon_core.package_identification:_identify(src/ESP32_sensors/libs/MPU6050/examples) by extensions ['colcon_pkg']
[0.358s] Level 1:colcon.colcon_core.package_identification:_identify(src/ESP32_sensors/libs/MPU6050/examples) by extension 'colcon_pkg'
[0.358s] Level 1:colcon.colcon_core.package_identification:_identify(src/ESP32_sensors/libs/MPU6050/examples) by extensions ['colcon_meta']
[0.358s] Level 1:colcon.colcon_core.package_identification:_identify(src/ESP32_sensors/libs/MPU6050/examples) by extension 'colcon_meta'
[0.358s] Level 1:colcon.colcon_core.package_identification:_identify(src/ESP32_sensors/libs/MPU6050/examples) by extensions ['ros']
[0.358s] Level 1:colcon.colcon_core.package_identification:_identify(src/ESP32_sensors/libs/MPU6050/examples) by extension 'ros'
[0.358s] Level 1:colcon.colcon_core.package_identification:_identify(src/ESP32_sensors/libs/MPU6050/examples) by extensions ['cmake', 'python']
[0.359s] Level 1:colcon.colcon_core.package_identification:_identify(src/ESP32_sensors/libs/MPU6050/examples) by extension 'cmake'
[0.359s] Level 1:colcon.colcon_core.package_identification:_identify(src/ESP32_sensors/libs/MPU6050/examples) by extension 'python'
[0.359s] Level 1:colcon.colcon_core.package_identification:_identify(src/ESP32_sensors/libs/MPU6050/examples) by extensions ['python_setup_py']
[0.359s] Level 1:colcon.colcon_core.package_identification:_identify(src/ESP32_sensors/libs/MPU6050/examples) by extension 'python_setup_py'
[0.359s] Level 1:colcon.colcon_core.package_identification:_identify(src/ESP32_sensors/libs/MPU6050/examples/IMU_Zero) by extensions ['ignore', 'ignore_ament_install']
[0.359s] Level 1:colcon.colcon_core.package_identification:_identify(src/ESP32_sensors/libs/MPU6050/examples/IMU_Zero) by extension 'ignore'
[0.359s] Level 1:colcon.colcon_core.package_identification:_identify(src/ESP32_sensors/libs/MPU6050/examples/IMU_Zero) by extension 'ignore_ament_install'
[0.359s] Level 1:colcon.colcon_core.package_identification:_identify(src/ESP32_sensors/libs/MPU6050/examples/IMU_Zero) by extensions ['colcon_pkg']
[0.359s] Level 1:colcon.colcon_core.package_identification:_identify(src/ESP32_sensors/libs/MPU6050/examples/IMU_Zero) by extension 'colcon_pkg'
[0.359s] Level 1:colcon.colcon_core.package_identification:_identify(src/ESP32_sensors/libs/MPU6050/examples/IMU_Zero) by extensions ['colcon_meta']
[0.359s] Level 1:colcon.colcon_core.package_identification:_identify(src/ESP32_sensors/libs/MPU6050/examples/IMU_Zero) by extension 'colcon_meta'
[0.360s] Level 1:colcon.colcon_core.package_identification:_identify(src/ESP32_sensors/libs/MPU6050/examples/IMU_Zero) by extensions ['ros']
[0.360s] Level 1:colcon.colcon_core.package_identification:_identify(src/ESP32_sensors/libs/MPU6050/examples/IMU_Zero) by extension 'ros'
[0.360s] Level 1:colcon.colcon_core.package_identification:_identify(src/ESP32_sensors/libs/MPU6050/examples/IMU_Zero) by extensions ['cmake', 'python']
[0.360s] Level 1:colcon.colcon_core.package_identification:_identify(src/ESP32_sensors/libs/MPU6050/examples/IMU_Zero) by extension 'cmake'
[0.360s] Level 1:colcon.colcon_core.package_identification:_identify(src/ESP32_sensors/libs/MPU6050/examples/IMU_Zero) by extension 'python'
[0.360s] Level 1:colcon.colcon_core.package_identification:_identify(src/ESP32_sensors/libs/MPU6050/examples/IMU_Zero) by extensions ['python_setup_py']
[0.360s] Level 1:colcon.colcon_core.package_identification:_identify(src/ESP32_sensors/libs/MPU6050/examples/IMU_Zero) by extension 'python_setup_py'
[0.360s] Level 1:colcon.colcon_core.package_identification:_identify(src/ESP32_sensors/libs/MPU6050/examples/MPU6050_DMP6) by extensions ['ignore', 'ignore_ament_install']
[0.360s] Level 1:colcon.colcon_core.package_identification:_identify(src/ESP32_sensors/libs/MPU6050/examples/MPU6050_DMP6) by extension 'ignore'
[0.360s] Level 1:colcon.colcon_core.package_identification:_identify(src/ESP32_sensors/libs/MPU6050/examples/MPU6050_DMP6) by extension 'ignore_ament_install'
[0.360s] Level 1:colcon.colcon_core.package_identification:_identify(src/ESP32_sensors/libs/MPU6050/examples/MPU6050_DMP6) by extensions ['colcon_pkg']
[0.360s] Level 1:colcon.colcon_core.package_identification:_identify(src/ESP32_sensors/libs/MPU6050/examples/MPU6050_DMP6) by extension 'colcon_pkg'
[0.361s] Level 1:colcon.colcon_core.package_identification:_identify(src/ESP32_sensors/libs/MPU6050/examples/MPU6050_DMP6) by extensions ['colcon_meta']
[0.361s] Level 1:colcon.colcon_core.package_identification:_identify(src/ESP32_sensors/libs/MPU6050/examples/MPU6050_DMP6) by extension 'colcon_meta'
[0.361s] Level 1:colcon.colcon_core.package_identification:_identify(src/ESP32_sensors/libs/MPU6050/examples/MPU6050_DMP6) by extensions ['ros']
[0.361s] Level 1:colcon.colcon_core.package_identification:_identify(src/ESP32_sensors/libs/MPU6050/examples/MPU6050_DMP6) by extension 'ros'
[0.361s] Level 1:colcon.colcon_core.package_identification:_identify(src/ESP32_sensors/libs/MPU6050/examples/MPU6050_DMP6) by extensions ['cmake', 'python']
[0.361s] Level 1:colcon.colcon_core.package_identification:_identify(src/ESP32_sensors/libs/MPU6050/examples/MPU6050_DMP6) by extension 'cmake'
[0.361s] Level 1:colcon.colcon_core.package_identification:_identify(src/ESP32_sensors/libs/MPU6050/examples/MPU6050_DMP6) by extension 'python'
[0.361s] Level 1:colcon.colcon_core.package_identification:_identify(src/ESP32_sensors/libs/MPU6050/examples/MPU6050_DMP6) by extensions ['python_setup_py']
[0.361s] Level 1:colcon.colcon_core.package_identification:_identify(src/ESP32_sensors/libs/MPU6050/examples/MPU6050_DMP6) by extension 'python_setup_py'
[0.361s] Level 1:colcon.colcon_core.package_identification:_identify(src/ESP32_sensors/libs/MPU6050/examples/MPU6050_DMP6/Processing) by extensions ['ignore', 'ignore_ament_install']
[0.361s] Level 1:colcon.colcon_core.package_identification:_identify(src/ESP32_sensors/libs/MPU6050/examples/MPU6050_DMP6/Processing) by extension 'ignore'
[0.362s] Level 1:colcon.colcon_core.package_identification:_identify(src/ESP32_sensors/libs/MPU6050/examples/MPU6050_DMP6/Processing) by extension 'ignore_ament_install'
[0.362s] Level 1:colcon.colcon_core.package_identification:_identify(src/ESP32_sensors/libs/MPU6050/examples/MPU6050_DMP6/Processing) by extensions ['colcon_pkg']
[0.362s] Level 1:colcon.colcon_core.package_identification:_identify(src/ESP32_sensors/libs/MPU6050/examples/MPU6050_DMP6/Processing) by extension 'colcon_pkg'
[0.362s] Level 1:colcon.colcon_core.package_identification:_identify(src/ESP32_sensors/libs/MPU6050/examples/MPU6050_DMP6/Processing) by extensions ['colcon_meta']
[0.362s] Level 1:colcon.colcon_core.package_identification:_identify(src/ESP32_sensors/libs/MPU6050/examples/MPU6050_DMP6/Processing) by extension 'colcon_meta'
[0.362s] Level 1:colcon.colcon_core.package_identification:_identify(src/ESP32_sensors/libs/MPU6050/examples/MPU6050_DMP6/Processing) by extensions ['ros']
[0.362s] Level 1:colcon.colcon_core.package_identification:_identify(src/ESP32_sensors/libs/MPU6050/examples/MPU6050_DMP6/Processing) by extension 'ros'
[0.362s] Level 1:colcon.colcon_core.package_identification:_identify(src/ESP32_sensors/libs/MPU6050/examples/MPU6050_DMP6/Processing) by extensions ['cmake', 'python']
[0.362s] Level 1:colcon.colcon_core.package_identification:_identify(src/ESP32_sensors/libs/MPU6050/examples/MPU6050_DMP6/Processing) by extension 'cmake'
[0.362s] Level 1:colcon.colcon_core.package_identification:_identify(src/ESP32_sensors/libs/MPU6050/examples/MPU6050_DMP6/Processing) by extension 'python'
[0.362s] Level 1:colcon.colcon_core.package_identification:_identify(src/ESP32_sensors/libs/MPU6050/examples/MPU6050_DMP6/Processing) by extensions ['python_setup_py']
[0.362s] Level 1:colcon.colcon_core.package_identification:_identify(src/ESP32_sensors/libs/MPU6050/examples/MPU6050_DMP6/Processing) by extension 'python_setup_py'
[0.363s] Level 1:colcon.colcon_core.package_identification:_identify(src/ESP32_sensors/libs/MPU6050/examples/MPU6050_DMP6/Processing/MPUTeapot) by extensions ['ignore', 'ignore_ament_install']
[0.363s] Level 1:colcon.colcon_core.package_identification:_identify(src/ESP32_sensors/libs/MPU6050/examples/MPU6050_DMP6/Processing/MPUTeapot) by extension 'ignore'
[0.363s] Level 1:colcon.colcon_core.package_identification:_identify(src/ESP32_sensors/libs/MPU6050/examples/MPU6050_DMP6/Processing/MPUTeapot) by extension 'ignore_ament_install'
[0.363s] Level 1:colcon.colcon_core.package_identification:_identify(src/ESP32_sensors/libs/MPU6050/examples/MPU6050_DMP6/Processing/MPUTeapot) by extensions ['colcon_pkg']
[0.363s] Level 1:colcon.colcon_core.package_identification:_identify(src/ESP32_sensors/libs/MPU6050/examples/MPU6050_DMP6/Processing/MPUTeapot) by extension 'colcon_pkg'
[0.363s] Level 1:colcon.colcon_core.package_identification:_identify(src/ESP32_sensors/libs/MPU6050/examples/MPU6050_DMP6/Processing/MPUTeapot) by extensions ['colcon_meta']
[0.363s] Level 1:colcon.colcon_core.package_identification:_identify(src/ESP32_sensors/libs/MPU6050/examples/MPU6050_DMP6/Processing/MPUTeapot) by extension 'colcon_meta'
[0.363s] Level 1:colcon.colcon_core.package_identification:_identify(src/ESP32_sensors/libs/MPU6050/examples/MPU6050_DMP6/Processing/MPUTeapot) by extensions ['ros']
[0.363s] Level 1:colcon.colcon_core.package_identification:_identify(src/ESP32_sensors/libs/MPU6050/examples/MPU6050_DMP6/Processing/MPUTeapot) by extension 'ros'
[0.363s] Level 1:colcon.colcon_core.package_identification:_identify(src/ESP32_sensors/libs/MPU6050/examples/MPU6050_DMP6/Processing/MPUTeapot) by extensions ['cmake', 'python']
[0.363s] Level 1:colcon.colcon_core.package_identification:_identify(src/ESP32_sensors/libs/MPU6050/examples/MPU6050_DMP6/Processing/MPUTeapot) by extension 'cmake'
[0.363s] Level 1:colcon.colcon_core.package_identification:_identify(src/ESP32_sensors/libs/MPU6050/examples/MPU6050_DMP6/Processing/MPUTeapot) by extension 'python'
[0.364s] Level 1:colcon.colcon_core.package_identification:_identify(src/ESP32_sensors/libs/MPU6050/examples/MPU6050_DMP6/Processing/MPUTeapot) by extensions ['python_setup_py']
[0.364s] Level 1:colcon.colcon_core.package_identification:_identify(src/ESP32_sensors/libs/MPU6050/examples/MPU6050_DMP6/Processing/MPUTeapot) by extension 'python_setup_py'
[0.364s] Level 1:colcon.colcon_core.package_identification:_identify(src/ESP32_sensors/libs/MPU6050/examples/MPU6050_DMP6_ESPWiFi) by extensions ['ignore', 'ignore_ament_install']
[0.364s] Level 1:colcon.colcon_core.package_identification:_identify(src/ESP32_sensors/libs/MPU6050/examples/MPU6050_DMP6_ESPWiFi) by extension 'ignore'
[0.364s] Level 1:colcon.colcon_core.package_identification:_identify(src/ESP32_sensors/libs/MPU6050/examples/MPU6050_DMP6_ESPWiFi) by extension 'ignore_ament_install'
[0.364s] Level 1:colcon.colcon_core.package_identification:_identify(src/ESP32_sensors/libs/MPU6050/examples/MPU6050_DMP6_ESPWiFi) by extensions ['colcon_pkg']
[0.364s] Level 1:colcon.colcon_core.package_identification:_identify(src/ESP32_sensors/libs/MPU6050/examples/MPU6050_DMP6_ESPWiFi) by extension 'colcon_pkg'
[0.364s] Level 1:colcon.colcon_core.package_identification:_identify(src/ESP32_sensors/libs/MPU6050/examples/MPU6050_DMP6_ESPWiFi) by extensions ['colcon_meta']
[0.364s] Level 1:colcon.colcon_core.package_identification:_identify(src/ESP32_sensors/libs/MPU6050/examples/MPU6050_DMP6_ESPWiFi) by extension 'colcon_meta'
[0.364s] Level 1:colcon.colcon_core.package_identification:_identify(src/ESP32_sensors/libs/MPU6050/examples/MPU6050_DMP6_ESPWiFi) by extensions ['ros']
[0.364s] Level 1:colcon.colcon_core.package_identification:_identify(src/ESP32_sensors/libs/MPU6050/examples/MPU6050_DMP6_ESPWiFi) by extension 'ros'
[0.365s] Level 1:colcon.colcon_core.package_identification:_identify(src/ESP32_sensors/libs/MPU6050/examples/MPU6050_DMP6_ESPWiFi) by extensions ['cmake', 'python']
[0.365s] Level 1:colcon.colcon_core.package_identification:_identify(src/ESP32_sensors/libs/MPU6050/examples/MPU6050_DMP6_ESPWiFi) by extension 'cmake'
[0.365s] Level 1:colcon.colcon_core.package_identification:_identify(src/ESP32_sensors/libs/MPU6050/examples/MPU6050_DMP6_ESPWiFi) by extension 'python'
[0.365s] Level 1:colcon.colcon_core.package_identification:_identify(src/ESP32_sensors/libs/MPU6050/examples/MPU6050_DMP6_ESPWiFi) by extensions ['python_setup_py']
[0.365s] Level 1:colcon.colcon_core.package_identification:_identify(src/ESP32_sensors/libs/MPU6050/examples/MPU6050_DMP6_ESPWiFi) by extension 'python_setup_py'
[0.365s] Level 1:colcon.colcon_core.package_identification:_identify(src/ESP32_sensors/libs/MPU6050/examples/MPU6050_DMP6_ESPWiFi/Processing) by extensions ['ignore', 'ignore_ament_install']
[0.365s] Level 1:colcon.colcon_core.package_identification:_identify(src/ESP32_sensors/libs/MPU6050/examples/MPU6050_DMP6_ESPWiFi/Processing) by extension 'ignore'
[0.365s] Level 1:colcon.colcon_core.package_identification:_identify(src/ESP32_sensors/libs/MPU6050/examples/MPU6050_DMP6_ESPWiFi/Processing) by extension 'ignore_ament_install'
[0.365s] Level 1:colcon.colcon_core.package_identification:_identify(src/ESP32_sensors/libs/MPU6050/examples/MPU6050_DMP6_ESPWiFi/Processing) by extensions ['colcon_pkg']
[0.365s] Level 1:colcon.colcon_core.package_identification:_identify(src/ESP32_sensors/libs/MPU6050/examples/MPU6050_DMP6_ESPWiFi/Processing) by extension 'colcon_pkg'
[0.365s] Level 1:colcon.colcon_core.package_identification:_identify(src/ESP32_sensors/libs/MPU6050/examples/MPU6050_DMP6_ESPWiFi/Processing) by extensions ['colcon_meta']
[0.365s] Level 1:colcon.colcon_core.package_identification:_identify(src/ESP32_sensors/libs/MPU6050/examples/MPU6050_DMP6_ESPWiFi/Processing) by extension 'colcon_meta'
[0.365s] Level 1:colcon.colcon_core.package_identification:_identify(src/ESP32_sensors/libs/MPU6050/examples/MPU6050_DMP6_ESPWiFi/Processing) by extensions ['ros']
[0.366s] Level 1:colcon.colcon_core.package_identification:_identify(src/ESP32_sensors/libs/MPU6050/examples/MPU6050_DMP6_ESPWiFi/Processing) by extension 'ros'
[0.366s] Level 1:colcon.colcon_core.package_identification:_identify(src/ESP32_sensors/libs/MPU6050/examples/MPU6050_DMP6_ESPWiFi/Processing) by extensions ['cmake', 'python']
[0.366s] Level 1:colcon.colcon_core.package_identification:_identify(src/ESP32_sensors/libs/MPU6050/examples/MPU6050_DMP6_ESPWiFi/Processing) by extension 'cmake'
[0.366s] Level 1:colcon.colcon_core.package_identification:_identify(src/ESP32_sensors/libs/MPU6050/examples/MPU6050_DMP6_ESPWiFi/Processing) by extension 'python'
[0.366s] Level 1:colcon.colcon_core.package_identification:_identify(src/ESP32_sensors/libs/MPU6050/examples/MPU6050_DMP6_ESPWiFi/Processing) by extensions ['python_setup_py']
[0.366s] Level 1:colcon.colcon_core.package_identification:_identify(src/ESP32_sensors/libs/MPU6050/examples/MPU6050_DMP6_ESPWiFi/Processing) by extension 'python_setup_py'
[0.366s] Level 1:colcon.colcon_core.package_identification:_identify(src/ESP32_sensors/libs/MPU6050/examples/MPU6050_DMP6_ESPWiFi/Processing/MPUOSCTeapot) by extensions ['ignore', 'ignore_ament_install']
[0.366s] Level 1:colcon.colcon_core.package_identification:_identify(src/ESP32_sensors/libs/MPU6050/examples/MPU6050_DMP6_ESPWiFi/Processing/MPUOSCTeapot) by extension 'ignore'
[0.366s] Level 1:colcon.colcon_core.package_identification:_identify(src/ESP32_sensors/libs/MPU6050/examples/MPU6050_DMP6_ESPWiFi/Processing/MPUOSCTeapot) by extension 'ignore_ament_install'
[0.366s] Level 1:colcon.colcon_core.package_identification:_identify(src/ESP32_sensors/libs/MPU6050/examples/MPU6050_DMP6_ESPWiFi/Processing/MPUOSCTeapot) by extensions ['colcon_pkg']
[0.366s] Level 1:colcon.colcon_core.package_identification:_identify(src/ESP32_sensors/libs/MPU6050/examples/MPU6050_DMP6_ESPWiFi/Processing/MPUOSCTeapot) by extension 'colcon_pkg'
[0.367s] Level 1:colcon.colcon_core.package_identification:_identify(src/ESP32_sensors/libs/MPU6050/examples/MPU6050_DMP6_ESPWiFi/Processing/MPUOSCTeapot) by extensions ['colcon_meta']
[0.367s] Level 1:colcon.colcon_core.package_identification:_identify(src/ESP32_sensors/libs/MPU6050/examples/MPU6050_DMP6_ESPWiFi/Processing/MPUOSCTeapot) by extension 'colcon_meta'
[0.367s] Level 1:colcon.colcon_core.package_identification:_identify(src/ESP32_sensors/libs/MPU6050/examples/MPU6050_DMP6_ESPWiFi/Processing/MPUOSCTeapot) by extensions ['ros']
[0.367s] Level 1:colcon.colcon_core.package_identification:_identify(src/ESP32_sensors/libs/MPU6050/examples/MPU6050_DMP6_ESPWiFi/Processing/MPUOSCTeapot) by extension 'ros'
[0.367s] Level 1:colcon.colcon_core.package_identification:_identify(src/ESP32_sensors/libs/MPU6050/examples/MPU6050_DMP6_ESPWiFi/Processing/MPUOSCTeapot) by extensions ['cmake', 'python']
[0.367s] Level 1:colcon.colcon_core.package_identification:_identify(src/ESP32_sensors/libs/MPU6050/examples/MPU6050_DMP6_ESPWiFi/Processing/MPUOSCTeapot) by extension 'cmake'
[0.367s] Level 1:colcon.colcon_core.package_identification:_identify(src/ESP32_sensors/libs/MPU6050/examples/MPU6050_DMP6_ESPWiFi/Processing/MPUOSCTeapot) by extension 'python'
[0.367s] Level 1:colcon.colcon_core.package_identification:_identify(src/ESP32_sensors/libs/MPU6050/examples/MPU6050_DMP6_ESPWiFi/Processing/MPUOSCTeapot) by extensions ['python_setup_py']
[0.367s] Level 1:colcon.colcon_core.package_identification:_identify(src/ESP32_sensors/libs/MPU6050/examples/MPU6050_DMP6_ESPWiFi/Processing/MPUOSCTeapot) by extension 'python_setup_py'
[0.367s] Level 1:colcon.colcon_core.package_identification:_identify(src/ESP32_sensors/libs/MPU6050/examples/MPU6050_DMP6_Ethernet) by extensions ['ignore', 'ignore_ament_install']
[0.367s] Level 1:colcon.colcon_core.package_identification:_identify(src/ESP32_sensors/libs/MPU6050/examples/MPU6050_DMP6_Ethernet) by extension 'ignore'
[0.367s] Level 1:colcon.colcon_core.package_identification:_identify(src/ESP32_sensors/libs/MPU6050/examples/MPU6050_DMP6_Ethernet) by extension 'ignore_ament_install'
[0.368s] Level 1:colcon.colcon_core.package_identification:_identify(src/ESP32_sensors/libs/MPU6050/examples/MPU6050_DMP6_Ethernet) by extensions ['colcon_pkg']
[0.368s] Level 1:colcon.colcon_core.package_identification:_identify(src/ESP32_sensors/libs/MPU6050/examples/MPU6050_DMP6_Ethernet) by extension 'colcon_pkg'
[0.368s] Level 1:colcon.colcon_core.package_identification:_identify(src/ESP32_sensors/libs/MPU6050/examples/MPU6050_DMP6_Ethernet) by extensions ['colcon_meta']
[0.368s] Level 1:colcon.colcon_core.package_identification:_identify(src/ESP32_sensors/libs/MPU6050/examples/MPU6050_DMP6_Ethernet) by extension 'colcon_meta'
[0.368s] Level 1:colcon.colcon_core.package_identification:_identify(src/ESP32_sensors/libs/MPU6050/examples/MPU6050_DMP6_Ethernet) by extensions ['ros']
[0.368s] Level 1:colcon.colcon_core.package_identification:_identify(src/ESP32_sensors/libs/MPU6050/examples/MPU6050_DMP6_Ethernet) by extension 'ros'
[0.368s] Level 1:colcon.colcon_core.package_identification:_identify(src/ESP32_sensors/libs/MPU6050/examples/MPU6050_DMP6_Ethernet) by extensions ['cmake', 'python']
[0.368s] Level 1:colcon.colcon_core.package_identification:_identify(src/ESP32_sensors/libs/MPU6050/examples/MPU6050_DMP6_Ethernet) by extension 'cmake'
[0.368s] Level 1:colcon.colcon_core.package_identification:_identify(src/ESP32_sensors/libs/MPU6050/examples/MPU6050_DMP6_Ethernet) by extension 'python'
[0.368s] Level 1:colcon.colcon_core.package_identification:_identify(src/ESP32_sensors/libs/MPU6050/examples/MPU6050_DMP6_Ethernet) by extensions ['python_setup_py']
[0.368s] Level 1:colcon.colcon_core.package_identification:_identify(src/ESP32_sensors/libs/MPU6050/examples/MPU6050_DMP6_Ethernet) by extension 'python_setup_py'
[0.368s] Level 1:colcon.colcon_core.package_identification:_identify(src/ESP32_sensors/libs/MPU6050/examples/MPU6050_DMP6_using_DMP_V6.12) by extensions ['ignore', 'ignore_ament_install']
[0.369s] Level 1:colcon.colcon_core.package_identification:_identify(src/ESP32_sensors/libs/MPU6050/examples/MPU6050_DMP6_using_DMP_V6.12) by extension 'ignore'
[0.369s] Level 1:colcon.colcon_core.package_identification:_identify(src/ESP32_sensors/libs/MPU6050/examples/MPU6050_DMP6_using_DMP_V6.12) by extension 'ignore_ament_install'
[0.369s] Level 1:colcon.colcon_core.package_identification:_identify(src/ESP32_sensors/libs/MPU6050/examples/MPU6050_DMP6_using_DMP_V6.12) by extensions ['colcon_pkg']
[0.369s] Level 1:colcon.colcon_core.package_identification:_identify(src/ESP32_sensors/libs/MPU6050/examples/MPU6050_DMP6_using_DMP_V6.12) by extension 'colcon_pkg'
[0.369s] Level 1:colcon.colcon_core.package_identification:_identify(src/ESP32_sensors/libs/MPU6050/examples/MPU6050_DMP6_using_DMP_V6.12) by extensions ['colcon_meta']
[0.369s] Level 1:colcon.colcon_core.package_identification:_identify(src/ESP32_sensors/libs/MPU6050/examples/MPU6050_DMP6_using_DMP_V6.12) by extension 'colcon_meta'
[0.369s] Level 1:colcon.colcon_core.package_identification:_identify(src/ESP32_sensors/libs/MPU6050/examples/MPU6050_DMP6_using_DMP_V6.12) by extensions ['ros']
[0.369s] Level 1:colcon.colcon_core.package_identification:_identify(src/ESP32_sensors/libs/MPU6050/examples/MPU6050_DMP6_using_DMP_V6.12) by extension 'ros'
[0.369s] Level 1:colcon.colcon_core.package_identification:_identify(src/ESP32_sensors/libs/MPU6050/examples/MPU6050_DMP6_using_DMP_V6.12) by extensions ['cmake', 'python']
[0.369s] Level 1:colcon.colcon_core.package_identification:_identify(src/ESP32_sensors/libs/MPU6050/examples/MPU6050_DMP6_using_DMP_V6.12) by extension 'cmake'
[0.369s] Level 1:colcon.colcon_core.package_identification:_identify(src/ESP32_sensors/libs/MPU6050/examples/MPU6050_DMP6_using_DMP_V6.12) by extension 'python'
[0.369s] Level 1:colcon.colcon_core.package_identification:_identify(src/ESP32_sensors/libs/MPU6050/examples/MPU6050_DMP6_using_DMP_V6.12) by extensions ['python_setup_py']
[0.369s] Level 1:colcon.colcon_core.package_identification:_identify(src/ESP32_sensors/libs/MPU6050/examples/MPU6050_DMP6_using_DMP_V6.12) by extension 'python_setup_py'
[0.370s] Level 1:colcon.colcon_core.package_identification:_identify(src/ESP32_sensors/libs/MPU6050/examples/MPU6050_DMP6_using_DMP_V6.12/MPUplane) by extensions ['ignore', 'ignore_ament_install']
[0.370s] Level 1:colcon.colcon_core.package_identification:_identify(src/ESP32_sensors/libs/MPU6050/examples/MPU6050_DMP6_using_DMP_V6.12/MPUplane) by extension 'ignore'
[0.370s] Level 1:colcon.colcon_core.package_identification:_identify(src/ESP32_sensors/libs/MPU6050/examples/MPU6050_DMP6_using_DMP_V6.12/MPUplane) by extension 'ignore_ament_install'
[0.370s] Level 1:colcon.colcon_core.package_identification:_identify(src/ESP32_sensors/libs/MPU6050/examples/MPU6050_DMP6_using_DMP_V6.12/MPUplane) by extensions ['colcon_pkg']
[0.370s] Level 1:colcon.colcon_core.package_identification:_identify(src/ESP32_sensors/libs/MPU6050/examples/MPU6050_DMP6_using_DMP_V6.12/MPUplane) by extension 'colcon_pkg'
[0.370s] Level 1:colcon.colcon_core.package_identification:_identify(src/ESP32_sensors/libs/MPU6050/examples/MPU6050_DMP6_using_DMP_V6.12/MPUplane) by extensions ['colcon_meta']
[0.370s] Level 1:colcon.colcon_core.package_identification:_identify(src/ESP32_sensors/libs/MPU6050/examples/MPU6050_DMP6_using_DMP_V6.12/MPUplane) by extension 'colcon_meta'
[0.370s] Level 1:colcon.colcon_core.package_identification:_identify(src/ESP32_sensors/libs/MPU6050/examples/MPU6050_DMP6_using_DMP_V6.12/MPUplane) by extensions ['ros']
[0.370s] Level 1:colcon.colcon_core.package_identification:_identify(src/ESP32_sensors/libs/MPU6050/examples/MPU6050_DMP6_using_DMP_V6.12/MPUplane) by extension 'ros'
[0.370s] Level 1:colcon.colcon_core.package_identification:_identify(src/ESP32_sensors/libs/MPU6050/examples/MPU6050_DMP6_using_DMP_V6.12/MPUplane) by extensions ['cmake', 'python']
[0.370s] Level 1:colcon.colcon_core.package_identification:_identify(src/ESP32_sensors/libs/MPU6050/examples/MPU6050_DMP6_using_DMP_V6.12/MPUplane) by extension 'cmake'
[0.370s] Level 1:colcon.colcon_core.package_identification:_identify(src/ESP32_sensors/libs/MPU6050/examples/MPU6050_DMP6_using_DMP_V6.12/MPUplane) by extension 'python'
[0.371s] Level 1:colcon.colcon_core.package_identification:_identify(src/ESP32_sensors/libs/MPU6050/examples/MPU6050_DMP6_using_DMP_V6.12/MPUplane) by extensions ['python_setup_py']
[0.371s] Level 1:colcon.colcon_core.package_identification:_identify(src/ESP32_sensors/libs/MPU6050/examples/MPU6050_DMP6_using_DMP_V6.12/MPUplane) by extension 'python_setup_py'
[0.371s] Level 1:colcon.colcon_core.package_identification:_identify(src/ESP32_sensors/libs/MPU6050/examples/MPU6050_DMP6_using_DMP_V6.12/MPUplane/data) by extensions ['ignore', 'ignore_ament_install']
[0.371s] Level 1:colcon.colcon_core.package_identification:_identify(src/ESP32_sensors/libs/MPU6050/examples/MPU6050_DMP6_using_DMP_V6.12/MPUplane/data) by extension 'ignore'
[0.371s] Level 1:colcon.colcon_core.package_identification:_identify(src/ESP32_sensors/libs/MPU6050/examples/MPU6050_DMP6_using_DMP_V6.12/MPUplane/data) by extension 'ignore_ament_install'
[0.371s] Level 1:colcon.colcon_core.package_identification:_identify(src/ESP32_sensors/libs/MPU6050/examples/MPU6050_DMP6_using_DMP_V6.12/MPUplane/data) by extensions ['colcon_pkg']
[0.371s] Level 1:colcon.colcon_core.package_identification:_identify(src/ESP32_sensors/libs/MPU6050/examples/MPU6050_DMP6_using_DMP_V6.12/MPUplane/data) by extension 'colcon_pkg'
[0.371s] Level 1:colcon.colcon_core.package_identification:_identify(src/ESP32_sensors/libs/MPU6050/examples/MPU6050_DMP6_using_DMP_V6.12/MPUplane/data) by extensions ['colcon_meta']
[0.371s] Level 1:colcon.colcon_core.package_identification:_identify(src/ESP32_sensors/libs/MPU6050/examples/MPU6050_DMP6_using_DMP_V6.12/MPUplane/data) by extension 'colcon_meta'
[0.371s] Level 1:colcon.colcon_core.package_identification:_identify(src/ESP32_sensors/libs/MPU6050/examples/MPU6050_DMP6_using_DMP_V6.12/MPUplane/data) by extensions ['ros']
[0.371s] Level 1:colcon.colcon_core.package_identification:_identify(src/ESP32_sensors/libs/MPU6050/examples/MPU6050_DMP6_using_DMP_V6.12/MPUplane/data) by extension 'ros'
[0.372s] Level 1:colcon.colcon_core.package_identification:_identify(src/ESP32_sensors/libs/MPU6050/examples/MPU6050_DMP6_using_DMP_V6.12/MPUplane/data) by extensions ['cmake', 'python']
[0.372s] Level 1:colcon.colcon_core.package_identification:_identify(src/ESP32_sensors/libs/MPU6050/examples/MPU6050_DMP6_using_DMP_V6.12/MPUplane/data) by extension 'cmake'
[0.372s] Level 1:colcon.colcon_core.package_identification:_identify(src/ESP32_sensors/libs/MPU6050/examples/MPU6050_DMP6_using_DMP_V6.12/MPUplane/data) by extension 'python'
[0.372s] Level 1:colcon.colcon_core.package_identification:_identify(src/ESP32_sensors/libs/MPU6050/examples/MPU6050_DMP6_using_DMP_V6.12/MPUplane/data) by extensions ['python_setup_py']
[0.372s] Level 1:colcon.colcon_core.package_identification:_identify(src/ESP32_sensors/libs/MPU6050/examples/MPU6050_DMP6_using_DMP_V6.12/MPUplane/data) by extension 'python_setup_py'
[0.372s] Level 1:colcon.colcon_core.package_identification:_identify(src/ESP32_sensors/libs/MPU6050/examples/MPU6050_raw) by extensions ['ignore', 'ignore_ament_install']
[0.372s] Level 1:colcon.colcon_core.package_identification:_identify(src/ESP32_sensors/libs/MPU6050/examples/MPU6050_raw) by extension 'ignore'
[0.372s] Level 1:colcon.colcon_core.package_identification:_identify(src/ESP32_sensors/libs/MPU6050/examples/MPU6050_raw) by extension 'ignore_ament_install'
[0.372s] Level 1:colcon.colcon_core.package_identification:_identify(src/ESP32_sensors/libs/MPU6050/examples/MPU6050_raw) by extensions ['colcon_pkg']
[0.372s] Level 1:colcon.colcon_core.package_identification:_identify(src/ESP32_sensors/libs/MPU6050/examples/MPU6050_raw) by extension 'colcon_pkg'
[0.372s] Level 1:colcon.colcon_core.package_identification:_identify(src/ESP32_sensors/libs/MPU6050/examples/MPU6050_raw) by extensions ['colcon_meta']
[0.372s] Level 1:colcon.colcon_core.package_identification:_identify(src/ESP32_sensors/libs/MPU6050/examples/MPU6050_raw) by extension 'colcon_meta'
[0.372s] Level 1:colcon.colcon_core.package_identification:_identify(src/ESP32_sensors/libs/MPU6050/examples/MPU6050_raw) by extensions ['ros']
[0.373s] Level 1:colcon.colcon_core.package_identification:_identify(src/ESP32_sensors/libs/MPU6050/examples/MPU6050_raw) by extension 'ros'
[0.373s] Level 1:colcon.colcon_core.package_identification:_identify(src/ESP32_sensors/libs/MPU6050/examples/MPU6050_raw) by extensions ['cmake', 'python']
[0.373s] Level 1:colcon.colcon_core.package_identification:_identify(src/ESP32_sensors/libs/MPU6050/examples/MPU6050_raw) by extension 'cmake'
[0.373s] Level 1:colcon.colcon_core.package_identification:_identify(src/ESP32_sensors/libs/MPU6050/examples/MPU6050_raw) by extension 'python'
[0.373s] Level 1:colcon.colcon_core.package_identification:_identify(src/ESP32_sensors/libs/MPU6050/examples/MPU6050_raw) by extensions ['python_setup_py']
[0.373s] Level 1:colcon.colcon_core.package_identification:_identify(src/ESP32_sensors/libs/MPU6050/examples/MPU6050_raw) by extension 'python_setup_py'
[0.373s] Level 1:colcon.colcon_core.package_identification:_identify(src/ESP32_sensors/libs/MPU6050_Morato) by extensions ['ignore', 'ignore_ament_install']
[0.373s] Level 1:colcon.colcon_core.package_identification:_identify(src/ESP32_sensors/libs/MPU6050_Morato) by extension 'ignore'
[0.373s] Level 1:colcon.colcon_core.package_identification:_identify(src/ESP32_sensors/libs/MPU6050_Morato) by extension 'ignore_ament_install'
[0.373s] Level 1:colcon.colcon_core.package_identification:_identify(src/ESP32_sensors/libs/MPU6050_Morato) by extensions ['colcon_pkg']
[0.373s] Level 1:colcon.colcon_core.package_identification:_identify(src/ESP32_sensors/libs/MPU6050_Morato) by extension 'colcon_pkg'
[0.373s] Level 1:colcon.colcon_core.package_identification:_identify(src/ESP32_sensors/libs/MPU6050_Morato) by extensions ['colcon_meta']
[0.374s] Level 1:colcon.colcon_core.package_identification:_identify(src/ESP32_sensors/libs/MPU6050_Morato) by extension 'colcon_meta'
[0.374s] Level 1:colcon.colcon_core.package_identification:_identify(src/ESP32_sensors/libs/MPU6050_Morato) by extensions ['ros']
[0.374s] Level 1:colcon.colcon_core.package_identification:_identify(src/ESP32_sensors/libs/MPU6050_Morato) by extension 'ros'
[0.374s] Level 1:colcon.colcon_core.package_identification:_identify(src/ESP32_sensors/libs/MPU6050_Morato) by extensions ['cmake', 'python']
[0.374s] Level 1:colcon.colcon_core.package_identification:_identify(src/ESP32_sensors/libs/MPU6050_Morato) by extension 'cmake'
[0.374s] Level 1:colcon.colcon_core.package_identification:_identify(src/ESP32_sensors/libs/MPU6050_Morato) by extension 'python'
[0.374s] Level 1:colcon.colcon_core.package_identification:_identify(src/ESP32_sensors/libs/MPU6050_Morato) by extensions ['python_setup_py']
[0.374s] Level 1:colcon.colcon_core.package_identification:_identify(src/ESP32_sensors/libs/MPU6050_Morato) by extension 'python_setup_py'
[0.374s] Level 1:colcon.colcon_core.package_identification:_identify(src/ESP32_sensors/src) by extensions ['ignore', 'ignore_ament_install']
[0.374s] Level 1:colcon.colcon_core.package_identification:_identify(src/ESP32_sensors/src) by extension 'ignore'
[0.374s] Level 1:colcon.colcon_core.package_identification:_identify(src/ESP32_sensors/src) by extension 'ignore_ament_install'
[0.374s] Level 1:colcon.colcon_core.package_identification:_identify(src/ESP32_sensors/src) by extensions ['colcon_pkg']
[0.374s] Level 1:colcon.colcon_core.package_identification:_identify(src/ESP32_sensors/src) by extension 'colcon_pkg'
[0.375s] Level 1:colcon.colcon_core.package_identification:_identify(src/ESP32_sensors/src) by extensions ['colcon_meta']
[0.375s] Level 1:colcon.colcon_core.package_identification:_identify(src/ESP32_sensors/src) by extension 'colcon_meta'
[0.375s] Level 1:colcon.colcon_core.package_identification:_identify(src/ESP32_sensors/src) by extensions ['ros']
[0.375s] Level 1:colcon.colcon_core.package_identification:_identify(src/ESP32_sensors/src) by extension 'ros'
[0.375s] Level 1:colcon.colcon_core.package_identification:_identify(src/ESP32_sensors/src) by extensions ['cmake', 'python']
[0.375s] Level 1:colcon.colcon_core.package_identification:_identify(src/ESP32_sensors/src) by extension 'cmake'
[0.375s] Level 1:colcon.colcon_core.package_identification:_identify(src/ESP32_sensors/src) by extension 'python'
[0.375s] Level 1:colcon.colcon_core.package_identification:_identify(src/ESP32_sensors/src) by extensions ['python_setup_py']
[0.375s] Level 1:colcon.colcon_core.package_identification:_identify(src/ESP32_sensors/src) by extension 'python_setup_py'
[0.375s] Level 1:colcon.colcon_core.package_identification:_identify(src/ESP32_sensors/test) by extensions ['ignore', 'ignore_ament_install']
[0.375s] Level 1:colcon.colcon_core.package_identification:_identify(src/ESP32_sensors/test) by extension 'ignore'
[0.375s] Level 1:colcon.colcon_core.package_identification:_identify(src/ESP32_sensors/test) by extension 'ignore_ament_install'
[0.376s] Level 1:colcon.colcon_core.package_identification:_identify(src/ESP32_sensors/test) by extensions ['colcon_pkg']
[0.376s] Level 1:colcon.colcon_core.package_identification:_identify(src/ESP32_sensors/test) by extension 'colcon_pkg'
[0.376s] Level 1:colcon.colcon_core.package_identification:_identify(src/ESP32_sensors/test) by extensions ['colcon_meta']
[0.376s] Level 1:colcon.colcon_core.package_identification:_identify(src/ESP32_sensors/test) by extension 'colcon_meta'
[0.376s] Level 1:colcon.colcon_core.package_identification:_identify(src/ESP32_sensors/test) by extensions ['ros']
[0.376s] Level 1:colcon.colcon_core.package_identification:_identify(src/ESP32_sensors/test) by extension 'ros'
[0.376s] Level 1:colcon.colcon_core.package_identification:_identify(src/ESP32_sensors/test) by extensions ['cmake', 'python']
[0.376s] Level 1:colcon.colcon_core.package_identification:_identify(src/ESP32_sensors/test) by extension 'cmake'
[0.376s] Level 1:colcon.colcon_core.package_identification:_identify(src/ESP32_sensors/test) by extension 'python'
[0.376s] Level 1:colcon.colcon_core.package_identification:_identify(src/ESP32_sensors/test) by extensions ['python_setup_py']
[0.376s] Level 1:colcon.colcon_core.package_identification:_identify(src/ESP32_sensors/test) by extension 'python_setup_py'
[0.376s] Level 1:colcon.colcon_core.package_identification:_identify(src/micro_ros_setup) by extensions ['ignore', 'ignore_ament_install']
[0.376s] Level 1:colcon.colcon_core.package_identification:_identify(src/micro_ros_setup) by extension 'ignore'
[0.377s] Level 1:colcon.colcon_core.package_identification:_identify(src/micro_ros_setup) by extension 'ignore_ament_install'
[0.377s] Level 1:colcon.colcon_core.package_identification:_identify(src/micro_ros_setup) by extensions ['colcon_pkg']
[0.377s] Level 1:colcon.colcon_core.package_identification:_identify(src/micro_ros_setup) by extension 'colcon_pkg'
[0.377s] Level 1:colcon.colcon_core.package_identification:_identify(src/micro_ros_setup) by extensions ['colcon_meta']
[0.377s] Level 1:colcon.colcon_core.package_identification:_identify(src/micro_ros_setup) by extension 'colcon_meta'
[0.377s] Level 1:colcon.colcon_core.package_identification:_identify(src/micro_ros_setup) by extensions ['ros']
[0.377s] Level 1:colcon.colcon_core.package_identification:_identify(src/micro_ros_setup) by extension 'ros'
[0.380s] DEBUG:colcon.colcon_core.package_identification:Package 'src/micro_ros_setup' with type 'ros.ament_cmake' and name 'micro_ros_setup'
[0.381s] Level 1:colcon.colcon_core.package_identification:_identify(src/uros) by extensions ['ignore', 'ignore_ament_install']
[0.381s] Level 1:colcon.colcon_core.package_identification:_identify(src/uros) by extension 'ignore'
[0.381s] Level 1:colcon.colcon_core.package_identification:_identify(src/uros) by extension 'ignore_ament_install'
[0.381s] Level 1:colcon.colcon_core.package_identification:_identify(src/uros) by extensions ['colcon_pkg']
[0.381s] Level 1:colcon.colcon_core.package_identification:_identify(src/uros) by extension 'colcon_pkg'
[0.381s] Level 1:colcon.colcon_core.package_identification:_identify(src/uros) by extensions ['colcon_meta']
[0.381s] Level 1:colcon.colcon_core.package_identification:_identify(src/uros) by extension 'colcon_meta'
[0.381s] Level 1:colcon.colcon_core.package_identification:_identify(src/uros) by extensions ['ros']
[0.381s] Level 1:colcon.colcon_core.package_identification:_identify(src/uros) by extension 'ros'
[0.381s] Level 1:colcon.colcon_core.package_identification:_identify(src/uros) by extensions ['cmake', 'python']
[0.381s] Level 1:colcon.colcon_core.package_identification:_identify(src/uros) by extension 'cmake'
[0.381s] Level 1:colcon.colcon_core.package_identification:_identify(src/uros) by extension 'python'
[0.381s] Level 1:colcon.colcon_core.package_identification:_identify(src/uros) by extensions ['python_setup_py']
[0.381s] Level 1:colcon.colcon_core.package_identification:_identify(src/uros) by extension 'python_setup_py'
[0.382s] Level 1:colcon.colcon_core.package_identification:_identify(src/uros/micro-ROS-Agent) by extensions ['ignore', 'ignore_ament_install']
[0.382s] Level 1:colcon.colcon_core.package_identification:_identify(src/uros/micro-ROS-Agent) by extension 'ignore'
[0.382s] Level 1:colcon.colcon_core.package_identification:_identify(src/uros/micro-ROS-Agent) by extension 'ignore_ament_install'
[0.382s] Level 1:colcon.colcon_core.package_identification:_identify(src/uros/micro-ROS-Agent) by extensions ['colcon_pkg']
[0.382s] Level 1:colcon.colcon_core.package_identification:_identify(src/uros/micro-ROS-Agent) by extension 'colcon_pkg'
[0.382s] Level 1:colcon.colcon_core.package_identification:_identify(src/uros/micro-ROS-Agent) by extensions ['colcon_meta']
[0.382s] Level 1:colcon.colcon_core.package_identification:_identify(src/uros/micro-ROS-Agent) by extension 'colcon_meta'
[0.382s] Level 1:colcon.colcon_core.package_identification:_identify(src/uros/micro-ROS-Agent) by extensions ['ros']
[0.382s] Level 1:colcon.colcon_core.package_identification:_identify(src/uros/micro-ROS-Agent) by extension 'ros'
[0.382s] Level 1:colcon.colcon_core.package_identification:_identify(src/uros/micro-ROS-Agent) by extensions ['cmake', 'python']
[0.382s] Level 1:colcon.colcon_core.package_identification:_identify(src/uros/micro-ROS-Agent) by extension 'cmake'
[0.382s] Level 1:colcon.colcon_core.package_identification:_identify(src/uros/micro-ROS-Agent) by extension 'python'
[0.383s] Level 1:colcon.colcon_core.package_identification:_identify(src/uros/micro-ROS-Agent) by extensions ['python_setup_py']
[0.383s] Level 1:colcon.colcon_core.package_identification:_identify(src/uros/micro-ROS-Agent) by extension 'python_setup_py'
[0.383s] Level 1:colcon.colcon_core.package_identification:_identify(src/uros/micro-ROS-Agent/micro_ros_agent) by extensions ['ignore', 'ignore_ament_install']
[0.383s] Level 1:colcon.colcon_core.package_identification:_identify(src/uros/micro-ROS-Agent/micro_ros_agent) by extension 'ignore'
[0.383s] Level 1:colcon.colcon_core.package_identification:_identify(src/uros/micro-ROS-Agent/micro_ros_agent) by extension 'ignore_ament_install'
[0.383s] Level 1:colcon.colcon_core.package_identification:_identify(src/uros/micro-ROS-Agent/micro_ros_agent) by extensions ['colcon_pkg']
[0.383s] Level 1:colcon.colcon_core.package_identification:_identify(src/uros/micro-ROS-Agent/micro_ros_agent) by extension 'colcon_pkg'
[0.383s] Level 1:colcon.colcon_core.package_identification:_identify(src/uros/micro-ROS-Agent/micro_ros_agent) by extensions ['colcon_meta']
[0.383s] Level 1:colcon.colcon_core.package_identification:_identify(src/uros/micro-ROS-Agent/micro_ros_agent) by extension 'colcon_meta'
[0.383s] Level 1:colcon.colcon_core.package_identification:_identify(src/uros/micro-ROS-Agent/micro_ros_agent) by extensions ['ros']
[0.383s] Level 1:colcon.colcon_core.package_identification:_identify(src/uros/micro-ROS-Agent/micro_ros_agent) by extension 'ros'
[0.385s] DEBUG:colcon.colcon_core.package_identification:Package 'src/uros/micro-ROS-Agent/micro_ros_agent' with type 'ros.ament_cmake' and name 'micro_ros_agent'
[0.385s] Level 1:colcon.colcon_core.package_identification:_identify(src/uros/micro-ROS-Agent/snap) by extensions ['ignore', 'ignore_ament_install']
[0.385s] Level 1:colcon.colcon_core.package_identification:_identify(src/uros/micro-ROS-Agent/snap) by extension 'ignore'
[0.385s] Level 1:colcon.colcon_core.package_identification:_identify(src/uros/micro-ROS-Agent/snap) by extension 'ignore_ament_install'
[0.385s] Level 1:colcon.colcon_core.package_identification:_identify(src/uros/micro-ROS-Agent/snap) by extensions ['colcon_pkg']
[0.385s] Level 1:colcon.colcon_core.package_identification:_identify(src/uros/micro-ROS-Agent/snap) by extension 'colcon_pkg'
[0.385s] Level 1:colcon.colcon_core.package_identification:_identify(src/uros/micro-ROS-Agent/snap) by extensions ['colcon_meta']
[0.385s] Level 1:colcon.colcon_core.package_identification:_identify(src/uros/micro-ROS-Agent/snap) by extension 'colcon_meta'
[0.385s] Level 1:colcon.colcon_core.package_identification:_identify(src/uros/micro-ROS-Agent/snap) by extensions ['ros']
[0.385s] Level 1:colcon.colcon_core.package_identification:_identify(src/uros/micro-ROS-Agent/snap) by extension 'ros'
[0.386s] Level 1:colcon.colcon_core.package_identification:_identify(src/uros/micro-ROS-Agent/snap) by extensions ['cmake', 'python']
[0.386s] Level 1:colcon.colcon_core.package_identification:_identify(src/uros/micro-ROS-Agent/snap) by extension 'cmake'
[0.386s] Level 1:colcon.colcon_core.package_identification:_identify(src/uros/micro-ROS-Agent/snap) by extension 'python'
[0.386s] Level 1:colcon.colcon_core.package_identification:_identify(src/uros/micro-ROS-Agent/snap) by extensions ['python_setup_py']
[0.386s] Level 1:colcon.colcon_core.package_identification:_identify(src/uros/micro-ROS-Agent/snap) by extension 'python_setup_py'
[0.386s] Level 1:colcon.colcon_core.package_identification:_identify(src/uros/micro-ROS-Agent/snap/hooks) by extensions ['ignore', 'ignore_ament_install']
[0.386s] Level 1:colcon.colcon_core.package_identification:_identify(src/uros/micro-ROS-Agent/snap/hooks) by extension 'ignore'
[0.386s] Level 1:colcon.colcon_core.package_identification:_identify(src/uros/micro-ROS-Agent/snap/hooks) by extension 'ignore_ament_install'
[0.386s] Level 1:colcon.colcon_core.package_identification:_identify(src/uros/micro-ROS-Agent/snap/hooks) by extensions ['colcon_pkg']
[0.386s] Level 1:colcon.colcon_core.package_identification:_identify(src/uros/micro-ROS-Agent/snap/hooks) by extension 'colcon_pkg'
[0.386s] Level 1:colcon.colcon_core.package_identification:_identify(src/uros/micro-ROS-Agent/snap/hooks) by extensions ['colcon_meta']
[0.386s] Level 1:colcon.colcon_core.package_identification:_identify(src/uros/micro-ROS-Agent/snap/hooks) by extension 'colcon_meta'
[0.387s] Level 1:colcon.colcon_core.package_identification:_identify(src/uros/micro-ROS-Agent/snap/hooks) by extensions ['ros']
[0.387s] Level 1:colcon.colcon_core.package_identification:_identify(src/uros/micro-ROS-Agent/snap/hooks) by extension 'ros'
[0.387s] Level 1:colcon.colcon_core.package_identification:_identify(src/uros/micro-ROS-Agent/snap/hooks) by extensions ['cmake', 'python']
[0.387s] Level 1:colcon.colcon_core.package_identification:_identify(src/uros/micro-ROS-Agent/snap/hooks) by extension 'cmake'
[0.387s] Level 1:colcon.colcon_core.package_identification:_identify(src/uros/micro-ROS-Agent/snap/hooks) by extension 'python'
[0.387s] Level 1:colcon.colcon_core.package_identification:_identify(src/uros/micro-ROS-Agent/snap/hooks) by extensions ['python_setup_py']
[0.387s] Level 1:colcon.colcon_core.package_identification:_identify(src/uros/micro-ROS-Agent/snap/hooks) by extension 'python_setup_py'
[0.387s] Level 1:colcon.colcon_core.package_identification:_identify(src/uros/micro-ROS-Agent/snap/local) by extensions ['ignore', 'ignore_ament_install']
[0.387s] Level 1:colcon.colcon_core.package_identification:_identify(src/uros/micro-ROS-Agent/snap/local) by extension 'ignore'
[0.387s] Level 1:colcon.colcon_core.package_identification:_identify(src/uros/micro-ROS-Agent/snap/local) by extension 'ignore_ament_install'
[0.387s] Level 1:colcon.colcon_core.package_identification:_identify(src/uros/micro-ROS-Agent/snap/local) by extensions ['colcon_pkg']
[0.387s] Level 1:colcon.colcon_core.package_identification:_identify(src/uros/micro-ROS-Agent/snap/local) by extension 'colcon_pkg'
[0.387s] Level 1:colcon.colcon_core.package_identification:_identify(src/uros/micro-ROS-Agent/snap/local) by extensions ['colcon_meta']
[0.387s] Level 1:colcon.colcon_core.package_identification:_identify(src/uros/micro-ROS-Agent/snap/local) by extension 'colcon_meta'
[0.388s] Level 1:colcon.colcon_core.package_identification:_identify(src/uros/micro-ROS-Agent/snap/local) by extensions ['ros']
[0.388s] Level 1:colcon.colcon_core.package_identification:_identify(src/uros/micro-ROS-Agent/snap/local) by extension 'ros'
[0.388s] Level 1:colcon.colcon_core.package_identification:_identify(src/uros/micro-ROS-Agent/snap/local) by extensions ['cmake', 'python']
[0.388s] Level 1:colcon.colcon_core.package_identification:_identify(src/uros/micro-ROS-Agent/snap/local) by extension 'cmake'
[0.388s] Level 1:colcon.colcon_core.package_identification:_identify(src/uros/micro-ROS-Agent/snap/local) by extension 'python'
[0.388s] Level 1:colcon.colcon_core.package_identification:_identify(src/uros/micro-ROS-Agent/snap/local) by extensions ['python_setup_py']
[0.388s] Level 1:colcon.colcon_core.package_identification:_identify(src/uros/micro-ROS-Agent/snap/local) by extension 'python_setup_py'
[0.388s] Level 1:colcon.colcon_core.package_identification:_identify(src/uros/micro_ros_msgs) by extensions ['ignore', 'ignore_ament_install']
[0.388s] Level 1:colcon.colcon_core.package_identification:_identify(src/uros/micro_ros_msgs) by extension 'ignore'
[0.388s] Level 1:colcon.colcon_core.package_identification:_identify(src/uros/micro_ros_msgs) by extension 'ignore_ament_install'
[0.388s] Level 1:colcon.colcon_core.package_identification:_identify(src/uros/micro_ros_msgs) by extensions ['colcon_pkg']
[0.388s] Level 1:colcon.colcon_core.package_identification:_identify(src/uros/micro_ros_msgs) by extension 'colcon_pkg'
[0.389s] Level 1:colcon.colcon_core.package_identification:_identify(src/uros/micro_ros_msgs) by extensions ['colcon_meta']
[0.389s] Level 1:colcon.colcon_core.package_identification:_identify(src/uros/micro_ros_msgs) by extension 'colcon_meta'
[0.389s] Level 1:colcon.colcon_core.package_identification:_identify(src/uros/micro_ros_msgs) by extensions ['ros']
[0.389s] Level 1:colcon.colcon_core.package_identification:_identify(src/uros/micro_ros_msgs) by extension 'ros'
[0.389s] DEBUG:colcon.colcon_core.package_identification:Package 'src/uros/micro_ros_msgs' with type 'ros.ament_cmake' and name 'micro_ros_msgs'
[0.390s] Level 1:colcon.colcon_core.package_discovery:discover_packages(recursive) using defaults
[0.390s] Level 1:colcon.colcon_core.package_discovery:discover_packages(ignore) discover
[0.390s] Level 1:colcon.colcon_core.package_discovery:discover_packages(ignore) using defaults
[0.390s] Level 1:colcon.colcon_core.package_discovery:discover_packages(path) discover
[0.390s] Level 1:colcon.colcon_core.package_discovery:discover_packages(path) using defaults
[0.433s] Level 1:colcon.colcon_core.package_discovery:discover_packages(prefix_path) check parameters
[0.433s] Level 1:colcon.colcon_core.package_discovery:discover_packages(prefix_path) discover
[0.434s] WARNING:colcon.colcon_ros.prefix_path.ament:The path '/home/iarley/Documents/tcc/ratslam/ros2_ws/install/micro_ros_setup' in the environment variable AMENT_PREFIX_PATH doesn't exist
[0.434s] WARNING:colcon.colcon_ros.prefix_path.ament:The path '/home/iarley/Documents/tcc/ratslam/ros2_ws/install/micro_ros_agent' in the environment variable AMENT_PREFIX_PATH doesn't exist
[0.434s] WARNING:colcon.colcon_ros.prefix_path.ament:The path '/home/iarley/Documents/tcc/ratslam/ros2_ws/install/micro_ros_msgs' in the environment variable AMENT_PREFIX_PATH doesn't exist
[0.435s] WARNING:colcon.colcon_ros.prefix_path.catkin:The path '/home/iarley/Documents/tcc/ratslam/ros2_ws/install/micro_ros_setup' in the environment variable CMAKE_PREFIX_PATH doesn't exist
[0.435s] WARNING:colcon.colcon_ros.prefix_path.catkin:The path '/home/iarley/Documents/tcc/ratslam/ros2_ws/install/micro_ros_agent' in the environment variable CMAKE_PREFIX_PATH doesn't exist
[0.435s] WARNING:colcon.colcon_ros.prefix_path.catkin:The path '/home/iarley/Documents/tcc/ratslam/ros2_ws/install/micro_ros_msgs' in the environment variable CMAKE_PREFIX_PATH doesn't exist
[0.436s] DEBUG:colcon.colcon_installed_package_information.package_discovery:Found 3 installed packages in /home/iarley/Documents/tcc/ratslam/microros_ws/install
[0.436s] DEBUG:colcon.colcon_installed_package_information.package_discovery:Found 2 installed packages in /home/iarley/Documents/tcc/ratslam/ros2_ws/install
[0.437s] DEBUG:colcon.colcon_installed_package_information.package_discovery:Found 4 installed packages in /home/iarley/ros2_ws/install
[0.439s] DEBUG:colcon.colcon_installed_package_information.package_discovery:Found 271 installed packages in /opt/ros/humble
[0.440s] Level 1:colcon.colcon_core.package_discovery:discover_packages(prefix_path) using defaults
[0.486s] Level 5:colcon.colcon_core.verb:set package 'micro_ros_msgs' build argument 'cmake_args' from command line to 'None'
[0.486s] Level 5:colcon.colcon_core.verb:set package 'micro_ros_msgs' build argument 'cmake_target' from command line to 'None'
[0.486s] Level 5:colcon.colcon_core.verb:set package 'micro_ros_msgs' build argument 'cmake_target_skip_unavailable' from command line to 'False'
[0.486s] Level 5:colcon.colcon_core.verb:set package 'micro_ros_msgs' build argument 'cmake_clean_cache' from command line to 'False'
[0.486s] Level 5:colcon.colcon_core.verb:set package 'micro_ros_msgs' build argument 'cmake_clean_first' from command line to 'False'
[0.486s] Level 5:colcon.colcon_core.verb:set package 'micro_ros_msgs' build argument 'cmake_force_configure' from command line to 'False'
[0.486s] Level 5:colcon.colcon_core.verb:set package 'micro_ros_msgs' build argument 'ament_cmake_args' from command line to 'None'
[0.486s] Level 5:colcon.colcon_core.verb:set package 'micro_ros_msgs' build argument 'catkin_cmake_args' from command line to 'None'
[0.486s] Level 5:colcon.colcon_core.verb:set package 'micro_ros_msgs' build argument 'catkin_skip_building_tests' from command line to 'False'
[0.486s] DEBUG:colcon.colcon_core.verb:Building package 'micro_ros_msgs' with the following arguments: {'ament_cmake_args': None, 'build_base': '/home/iarley/Documents/tcc/ratslam/microros_ws/build/micro_ros_msgs', 'catkin_cmake_args': None, 'catkin_skip_building_tests': False, 'cmake_args': None, 'cmake_clean_cache': False, 'cmake_clean_first': False, 'cmake_force_configure': False, 'cmake_target': None, 'cmake_target_skip_unavailable': False, 'install_base': '/home/iarley/Documents/tcc/ratslam/microros_ws/install/micro_ros_msgs', 'merge_install': False, 'path': '/home/iarley/Documents/tcc/ratslam/microros_ws/src/uros/micro_ros_msgs', 'symlink_install': False, 'test_result_base': None}
[0.487s] Level 5:colcon.colcon_core.verb:set package 'micro_ros_setup' build argument 'cmake_args' from command line to 'None'
[0.487s] Level 5:colcon.colcon_core.verb:set package 'micro_ros_setup' build argument 'cmake_target' from command line to 'None'
[0.487s] Level 5:colcon.colcon_core.verb:set package 'micro_ros_setup' build argument 'cmake_target_skip_unavailable' from command line to 'False'
[0.487s] Level 5:colcon.colcon_core.verb:set package 'micro_ros_setup' build argument 'cmake_clean_cache' from command line to 'False'
[0.487s] Level 5:colcon.colcon_core.verb:set package 'micro_ros_setup' build argument 'cmake_clean_first' from command line to 'False'
[0.487s] Level 5:colcon.colcon_core.verb:set package 'micro_ros_setup' build argument 'cmake_force_configure' from command line to 'False'
[0.487s] Level 5:colcon.colcon_core.verb:set package 'micro_ros_setup' build argument 'ament_cmake_args' from command line to 'None'
[0.487s] Level 5:colcon.colcon_core.verb:set package 'micro_ros_setup' build argument 'catkin_cmake_args' from command line to 'None'
[0.487s] Level 5:colcon.colcon_core.verb:set package 'micro_ros_setup' build argument 'catkin_skip_building_tests' from command line to 'False'
[0.487s] DEBUG:colcon.colcon_core.verb:Building package 'micro_ros_setup' with the following arguments: {'ament_cmake_args': None, 'build_base': '/home/iarley/Documents/tcc/ratslam/microros_ws/build/micro_ros_setup', 'catkin_cmake_args': None, 'catkin_skip_building_tests': False, 'cmake_args': None, 'cmake_clean_cache': False, 'cmake_clean_first': False, 'cmake_force_configure': False, 'cmake_target': None, 'cmake_target_skip_unavailable': False, 'install_base': '/home/iarley/Documents/tcc/ratslam/microros_ws/install/micro_ros_setup', 'merge_install': False, 'path': '/home/iarley/Documents/tcc/ratslam/microros_ws/src/micro_ros_setup', 'symlink_install': False, 'test_result_base': None}
[0.487s] Level 5:colcon.colcon_core.verb:set package 'micro_ros_agent' build argument 'cmake_args' from command line to 'None'
[0.487s] Level 5:colcon.colcon_core.verb:set package 'micro_ros_agent' build argument 'cmake_target' from command line to 'None'
[0.487s] Level 5:colcon.colcon_core.verb:set package 'micro_ros_agent' build argument 'cmake_target_skip_unavailable' from command line to 'False'
[0.487s] Level 5:colcon.colcon_core.verb:set package 'micro_ros_agent' build argument 'cmake_clean_cache' from command line to 'False'
[0.487s] Level 5:colcon.colcon_core.verb:set package 'micro_ros_agent' build argument 'cmake_clean_first' from command line to 'False'
[0.487s] Level 5:colcon.colcon_core.verb:set package 'micro_ros_agent' build argument 'cmake_force_configure' from command line to 'False'
[0.488s] Level 5:colcon.colcon_core.verb:set package 'micro_ros_agent' build argument 'ament_cmake_args' from command line to 'None'
[0.488s] Level 5:colcon.colcon_core.verb:set package 'micro_ros_agent' build argument 'catkin_cmake_args' from command line to 'None'
[0.488s] Level 5:colcon.colcon_core.verb:set package 'micro_ros_agent' build argument 'catkin_skip_building_tests' from command line to 'False'
[0.488s] DEBUG:colcon.colcon_core.verb:Building package 'micro_ros_agent' with the following arguments: {'ament_cmake_args': None, 'build_base': '/home/iarley/Documents/tcc/ratslam/microros_ws/build/micro_ros_agent', 'catkin_cmake_args': None, 'catkin_skip_building_tests': False, 'cmake_args': None, 'cmake_clean_cache': False, 'cmake_clean_first': False, 'cmake_force_configure': False, 'cmake_target': None, 'cmake_target_skip_unavailable': False, 'install_base': '/home/iarley/Documents/tcc/ratslam/microros_ws/install/micro_ros_agent', 'merge_install': False, 'path': '/home/iarley/Documents/tcc/ratslam/microros_ws/src/uros/micro-ROS-Agent/micro_ros_agent', 'symlink_install': False, 'test_result_base': None}
[0.488s] INFO:colcon.colcon_core.executor:Executing jobs using 'parallel' executor
[0.489s] DEBUG:colcon.colcon_parallel_executor.executor.parallel:run_until_complete
[0.489s] INFO:colcon.colcon_ros.task.ament_cmake.build:Building ROS package in '/home/iarley/Documents/tcc/ratslam/microros_ws/src/uros/micro_ros_msgs' with build type 'ament_cmake'
[0.489s] INFO:colcon.colcon_cmake.task.cmake.build:Building CMake package in '/home/iarley/Documents/tcc/ratslam/microros_ws/src/uros/micro_ros_msgs'
[0.493s] INFO:colcon.colcon_core.plugin_system:Skipping extension 'colcon_core.shell.bat': Not used on non-Windows systems
[0.493s] INFO:colcon.colcon_core.shell:Skip shell extension 'powershell' for command environment: Not usable outside of PowerShell
[0.493s] DEBUG:colcon.colcon_core.shell:Skip shell extension 'dsv' for command environment
[0.500s] INFO:colcon.colcon_ros.task.ament_cmake.build:Building ROS package in '/home/iarley/Documents/tcc/ratslam/microros_ws/src/micro_ros_setup' with build type 'ament_cmake'
[0.500s] INFO:colcon.colcon_cmake.task.cmake.build:Building CMake package in '/home/iarley/Documents/tcc/ratslam/microros_ws/src/micro_ros_setup'
[0.501s] INFO:colcon.colcon_core.shell:Skip shell extension 'powershell' for command environment: Not usable outside of PowerShell
[0.501s] DEBUG:colcon.colcon_core.shell:Skip shell extension 'dsv' for command environment
[0.515s] DEBUG:colcon.colcon_core.event_handler.log_command:Invoking command in '/home/iarley/Documents/tcc/ratslam/microros_ws/build/micro_ros_msgs': CMAKE_PREFIX_PATH=/home/iarley/Documents/tcc/ratslam/microros_ws/install/micro_ros_agent:/home/iarley/Documents/tcc/ratslam/microros_ws/install/micro_ros_msgs:/home/iarley/Documents/tcc/ratslam/microros_ws/install/micro_ros_setup:/home/iarley/Documents/tcc/ratslam/ros2_ws/install/micro_ros_setup:/home/iarley/Documents/tcc/ratslam/ros2_ws/install/micro_ros_agent:/home/iarley/Documents/tcc/ratslam/ros2_ws/install/micro_ros_msgs:/home/iarley/ros2_ws/install/teste_morato:/home/iarley/ros2_ws/install/test_morato:/opt/ros/humble:/home/iarley/ros2_ws/install/rplidar_ros:/home/iarley/ros2_ws/install/my_pkg_cpp:/home/iarley/Documents/tcc/ratslam/ros2_ws/install/ratslam:/home/iarley/Documents/tcc/ratslam/ros2_ws/install/topological_msgs /usr/bin/cmake /home/iarley/Documents/tcc/ratslam/microros_ws/src/uros/micro_ros_msgs -DCMAKE_INSTALL_PREFIX=/home/iarley/Documents/tcc/ratslam/microros_ws/install/micro_ros_msgs
[0.527s] DEBUG:colcon.colcon_core.event_handler.log_command:Invoking command in '/home/iarley/Documents/tcc/ratslam/microros_ws/build/micro_ros_setup': CMAKE_PREFIX_PATH=/home/iarley/Documents/tcc/ratslam/microros_ws/install/micro_ros_agent:/home/iarley/Documents/tcc/ratslam/microros_ws/install/micro_ros_msgs:/home/iarley/Documents/tcc/ratslam/microros_ws/install/micro_ros_setup:/home/iarley/Documents/tcc/ratslam/ros2_ws/install/micro_ros_setup:/home/iarley/Documents/tcc/ratslam/ros2_ws/install/micro_ros_agent:/home/iarley/Documents/tcc/ratslam/ros2_ws/install/micro_ros_msgs:/home/iarley/ros2_ws/install/teste_morato:/home/iarley/ros2_ws/install/test_morato:/opt/ros/humble:/home/iarley/ros2_ws/install/rplidar_ros:/home/iarley/ros2_ws/install/my_pkg_cpp:/home/iarley/Documents/tcc/ratslam/ros2_ws/install/ratslam:/home/iarley/Documents/tcc/ratslam/ros2_ws/install/topological_msgs /usr/bin/cmake --build /home/iarley/Documents/tcc/ratslam/microros_ws/build/micro_ros_setup -- -j8 -l8
[0.564s] DEBUG:colcon.colcon_core.event_handler.log_command:Invoked command in '/home/iarley/Documents/tcc/ratslam/microros_ws/build/micro_ros_setup' returned '2': CMAKE_PREFIX_PATH=/home/iarley/Documents/tcc/ratslam/microros_ws/install/micro_ros_agent:/home/iarley/Documents/tcc/ratslam/microros_ws/install/micro_ros_msgs:/home/iarley/Documents/tcc/ratslam/microros_ws/install/micro_ros_setup:/home/iarley/Documents/tcc/ratslam/ros2_ws/install/micro_ros_setup:/home/iarley/Documents/tcc/ratslam/ros2_ws/install/micro_ros_agent:/home/iarley/Documents/tcc/ratslam/ros2_ws/install/micro_ros_msgs:/home/iarley/ros2_ws/install/teste_morato:/home/iarley/ros2_ws/install/test_morato:/opt/ros/humble:/home/iarley/ros2_ws/install/rplidar_ros:/home/iarley/ros2_ws/install/my_pkg_cpp:/home/iarley/Documents/tcc/ratslam/ros2_ws/install/ratslam:/home/iarley/Documents/tcc/ratslam/ros2_ws/install/topological_msgs /usr/bin/cmake --build /home/iarley/Documents/tcc/ratslam/microros_ws/build/micro_ros_setup -- -j8 -l8
[0.565s] Level 1:colcon.colcon_core.environment:create_environment_scripts_only(micro_ros_setup)
[0.569s] Level 1:colcon.colcon_core.environment:checking '/home/iarley/Documents/tcc/ratslam/microros_ws/install/micro_ros_setup' for CMake module files
[0.570s] Level 1:colcon.colcon_core.environment:checking '/home/iarley/Documents/tcc/ratslam/microros_ws/install/micro_ros_setup' for CMake config files
[0.571s] Level 1:colcon.colcon_core.shell:create_environment_hook('micro_ros_setup', 'cmake_prefix_path')
[0.571s] INFO:colcon.colcon_core.shell:Creating environment hook '/home/iarley/Documents/tcc/ratslam/microros_ws/install/micro_ros_setup/share/micro_ros_setup/hook/cmake_prefix_path.ps1'
[0.572s] INFO:colcon.colcon_core.shell:Creating environment descriptor '/home/iarley/Documents/tcc/ratslam/microros_ws/install/micro_ros_setup/share/micro_ros_setup/hook/cmake_prefix_path.dsv'
[0.573s] INFO:colcon.colcon_core.shell:Creating environment hook '/home/iarley/Documents/tcc/ratslam/microros_ws/install/micro_ros_setup/share/micro_ros_setup/hook/cmake_prefix_path.sh'
[0.574s] Level 1:colcon.colcon_core.environment:checking '/home/iarley/Documents/tcc/ratslam/microros_ws/install/micro_ros_setup/lib'
[0.574s] Level 1:colcon.colcon_core.environment:checking '/home/iarley/Documents/tcc/ratslam/microros_ws/install/micro_ros_setup/bin'
[0.575s] Level 1:colcon.colcon_core.environment:checking '/home/iarley/Documents/tcc/ratslam/microros_ws/install/micro_ros_setup/lib/pkgconfig/micro_ros_setup.pc'
[0.575s] Level 1:colcon.colcon_core.environment:checking '/home/iarley/Documents/tcc/ratslam/microros_ws/install/micro_ros_setup/lib/python3.10/site-packages'
[0.575s] Level 1:colcon.colcon_core.environment:checking '/home/iarley/Documents/tcc/ratslam/microros_ws/install/micro_ros_setup/bin'
[0.576s] INFO:colcon.colcon_core.shell:Creating package script '/home/iarley/Documents/tcc/ratslam/microros_ws/install/micro_ros_setup/share/micro_ros_setup/package.ps1'
[0.577s] INFO:colcon.colcon_core.shell:Creating package descriptor '/home/iarley/Documents/tcc/ratslam/microros_ws/install/micro_ros_setup/share/micro_ros_setup/package.dsv'
[0.578s] INFO:colcon.colcon_core.shell:Creating package script '/home/iarley/Documents/tcc/ratslam/microros_ws/install/micro_ros_setup/share/micro_ros_setup/package.sh'
[0.579s] INFO:colcon.colcon_core.shell:Creating package script '/home/iarley/Documents/tcc/ratslam/microros_ws/install/micro_ros_setup/share/micro_ros_setup/package.bash'
[0.581s] INFO:colcon.colcon_core.shell:Creating package script '/home/iarley/Documents/tcc/ratslam/microros_ws/install/micro_ros_setup/share/micro_ros_setup/package.zsh'
[0.582s] Level 1:colcon.colcon_core.environment:create_file_with_runtime_dependencies(/home/iarley/Documents/tcc/ratslam/microros_ws/install/micro_ros_setup/share/colcon-core/packages/micro_ros_setup)
[2.100s] DEBUG:colcon.colcon_parallel_executor.executor.parallel:closing loop
[2.100s] DEBUG:colcon.colcon_parallel_executor.executor.parallel:loop closed
[2.100s] DEBUG:colcon.colcon_parallel_executor.executor.parallel:run_until_complete finished with '2'
[2.101s] DEBUG:colcon.colcon_core.event_reactor:joining thread
[2.114s] INFO:colcon.colcon_core.plugin_system:Skipping extension 'colcon_notification.desktop_notification.terminal_notifier': Not used on non-Darwin systems
[2.114s] INFO:colcon.colcon_core.plugin_system:Skipping extension 'colcon_notification.desktop_notification.win32': Not used on non-Windows systems
[2.114s] INFO:colcon.colcon_notification.desktop_notification:Sending desktop notification using 'notify2'
[2.131s] DEBUG:colcon.colcon_core.event_reactor:joined thread
[2.132s] INFO:colcon.colcon_core.shell:Creating prefix script '/home/iarley/Documents/tcc/ratslam/microros_ws/install/local_setup.ps1'
[2.133s] INFO:colcon.colcon_core.shell:Creating prefix util module '/home/iarley/Documents/tcc/ratslam/microros_ws/install/_local_setup_util_ps1.py'
[2.136s] INFO:colcon.colcon_core.shell:Creating prefix chain script '/home/iarley/Documents/tcc/ratslam/microros_ws/install/setup.ps1'
[2.139s] INFO:colcon.colcon_core.shell:Creating prefix script '/home/iarley/Documents/tcc/ratslam/microros_ws/install/local_setup.sh'
[2.140s] INFO:colcon.colcon_core.shell:Creating prefix util module '/home/iarley/Documents/tcc/ratslam/microros_ws/install/_local_setup_util_sh.py'
[2.141s] INFO:colcon.colcon_core.shell:Creating prefix chain script '/home/iarley/Documents/tcc/ratslam/microros_ws/install/setup.sh'
[2.143s] INFO:colcon.colcon_core.shell:Creating prefix script '/home/iarley/Documents/tcc/ratslam/microros_ws/install/local_setup.bash'
[2.144s] INFO:colcon.colcon_core.shell:Creating prefix chain script '/home/iarley/Documents/tcc/ratslam/microros_ws/install/setup.bash'
[2.147s] INFO:colcon.colcon_core.shell:Creating prefix script '/home/iarley/Documents/tcc/ratslam/microros_ws/install/local_setup.zsh'
[2.149s] INFO:colcon.colcon_core.shell:Creating prefix chain script '/home/iarley/Documents/tcc/ratslam/microros_ws/install/setup.zsh'
