[0.177s] DEBUG:colcon:Command line arguments: ['/usr/bin/colcon', 'build']
[0.177s] DEBUG:colcon:Parsed command line arguments: Namespace(log_base=None, log_level=None, verb_name='build', build_base='build', install_base='install', merge_install=False, symlink_install=False, test_result_base=None, continue_on_error=False, executor='parallel', parallel_workers=8, event_handlers=None, ignore_user_meta=False, metas=['./colcon.meta'], base_paths=['.'], packages_ignore=None, packages_ignore_regex=None, paths=None, packages_up_to=None, packages_up_to_regex=None, packages_above=None, packages_above_and_dependencies=None, packages_above_depth=None, packages_select_by_dep=None, packages_skip_by_dep=None, packages_skip_up_to=None, packages_select_build_failed=False, packages_skip_build_finished=False, packages_select_test_failures=False, packages_skip_test_passed=False, packages_select=None, packages_skip=None, packages_select_regex=None, packages_skip_regex=None, packages_start=None, packages_end=None, allow_overriding=[], cmake_args=None, cmake_target=None, cmake_target_skip_unavailable=False, cmake_clean_cache=False, cmake_clean_first=False, cmake_force_configure=False, ament_cmake_args=None, catkin_cmake_args=None, catkin_skip_building_tests=False, mixin_files=None, mixin=None, verb_parser=<colcon_mixin.mixin.mixin_argument.MixinArgumentDecorator object at 0x748c81c4b370>, verb_extension=<colcon_core.verb.build.BuildVerb object at 0x748c81c04d90>, main=<bound method BuildVerb.main of <colcon_core.verb.build.BuildVerb object at 0x748c81c04d90>>, mixin_verb=('build',))
[0.500s] Level 1:colcon.colcon_core.package_discovery:discover_packages(colcon_meta) check parameters
[0.500s] Level 1:colcon.colcon_core.package_discovery:discover_packages(recursive) check parameters
[0.500s] Level 1:colcon.colcon_core.package_discovery:discover_packages(ignore) check parameters
[0.500s] Level 1:colcon.colcon_core.package_discovery:discover_packages(path) check parameters
[0.501s] Level 1:colcon.colcon_core.package_discovery:discover_packages(colcon_meta) discover
[0.501s] Level 1:colcon.colcon_core.package_discovery:discover_packages(recursive) discover
[0.501s] INFO:colcon.colcon_core.package_discovery:Crawling recursively for packages in '/home/iarley/Documents/tcc/ratslam/microros_ws'
[0.501s] Level 1:colcon.colcon_core.package_identification:_identify(.) by extensions ['ignore', 'ignore_ament_install']
[0.501s] Level 1:colcon.colcon_core.package_identification:_identify(.) by extension 'ignore'
[0.501s] Level 1:colcon.colcon_core.package_identification:_identify(.) by extension 'ignore_ament_install'
[0.501s] Level 1:colcon.colcon_core.package_identification:_identify(.) by extensions ['colcon_pkg']
[0.501s] Level 1:colcon.colcon_core.package_identification:_identify(.) by extension 'colcon_pkg'
[0.501s] Level 1:colcon.colcon_core.package_identification:_identify(.) by extensions ['colcon_meta']
[0.501s] Level 1:colcon.colcon_core.package_identification:_identify(.) by extension 'colcon_meta'
[0.501s] Level 1:colcon.colcon_core.package_identification:_identify(.) by extensions ['ros']
[0.501s] Level 1:colcon.colcon_core.package_identification:_identify(.) by extension 'ros'
[0.514s] Level 1:colcon.colcon_core.package_identification:_identify(.) by extensions ['cmake', 'python']
[0.514s] Level 1:colcon.colcon_core.package_identification:_identify(.) by extension 'cmake'
[0.514s] Level 1:colcon.colcon_core.package_identification:_identify(.) by extension 'python'
[0.514s] Level 1:colcon.colcon_core.package_identification:_identify(.) by extensions ['python_setup_py']
[0.514s] Level 1:colcon.colcon_core.package_identification:_identify(.) by extension 'python_setup_py'
[0.514s] Level 1:colcon.colcon_core.package_identification:_identify(build) by extensions ['ignore', 'ignore_ament_install']
[0.514s] Level 1:colcon.colcon_core.package_identification:_identify(build) by extension 'ignore'
[0.514s] Level 1:colcon.colcon_core.package_identification:_identify(build) ignored
[0.514s] Level 1:colcon.colcon_core.package_identification:_identify(install) by extensions ['ignore', 'ignore_ament_install']
[0.515s] Level 1:colcon.colcon_core.package_identification:_identify(install) by extension 'ignore'
[0.515s] Level 1:colcon.colcon_core.package_identification:_identify(install) ignored
[0.515s] Level 1:colcon.colcon_core.package_identification:_identify(log) by extensions ['ignore', 'ignore_ament_install']
[0.515s] Level 1:colcon.colcon_core.package_identification:_identify(log) by extension 'ignore'
[0.515s] Level 1:colcon.colcon_core.package_identification:_identify(log) ignored
[0.515s] Level 1:colcon.colcon_core.package_identification:_identify(src) by extensions ['ignore', 'ignore_ament_install']
[0.515s] Level 1:colcon.colcon_core.package_identification:_identify(src) by extension 'ignore'
[0.515s] Level 1:colcon.colcon_core.package_identification:_identify(src) by extension 'ignore_ament_install'
[0.515s] Level 1:colcon.colcon_core.package_identification:_identify(src) by extensions ['colcon_pkg']
[0.515s] Level 1:colcon.colcon_core.package_identification:_identify(src) by extension 'colcon_pkg'
[0.515s] Level 1:colcon.colcon_core.package_identification:_identify(src) by extensions ['colcon_meta']
[0.515s] Level 1:colcon.colcon_core.package_identification:_identify(src) by extension 'colcon_meta'
[0.515s] Level 1:colcon.colcon_core.package_identification:_identify(src) by extensions ['ros']
[0.515s] Level 1:colcon.colcon_core.package_identification:_identify(src) by extension 'ros'
[0.515s] Level 1:colcon.colcon_core.package_identification:_identify(src) by extensions ['cmake', 'python']
[0.515s] Level 1:colcon.colcon_core.package_identification:_identify(src) by extension 'cmake'
[0.516s] Level 1:colcon.colcon_core.package_identification:_identify(src) by extension 'python'
[0.516s] Level 1:colcon.colcon_core.package_identification:_identify(src) by extensions ['python_setup_py']
[0.516s] Level 1:colcon.colcon_core.package_identification:_identify(src) by extension 'python_setup_py'
[0.516s] Level 1:colcon.colcon_core.package_identification:_identify(src/micro_ros_setup) by extensions ['ignore', 'ignore_ament_install']
[0.516s] Level 1:colcon.colcon_core.package_identification:_identify(src/micro_ros_setup) by extension 'ignore'
[0.516s] Level 1:colcon.colcon_core.package_identification:_identify(src/micro_ros_setup) by extension 'ignore_ament_install'
[0.516s] Level 1:colcon.colcon_core.package_identification:_identify(src/micro_ros_setup) by extensions ['colcon_pkg']
[0.516s] Level 1:colcon.colcon_core.package_identification:_identify(src/micro_ros_setup) by extension 'colcon_pkg'
[0.516s] Level 1:colcon.colcon_core.package_identification:_identify(src/micro_ros_setup) by extensions ['colcon_meta']
[0.516s] Level 1:colcon.colcon_core.package_identification:_identify(src/micro_ros_setup) by extension 'colcon_meta'
[0.516s] Level 1:colcon.colcon_core.package_identification:_identify(src/micro_ros_setup) by extensions ['ros']
[0.517s] Level 1:colcon.colcon_core.package_identification:_identify(src/micro_ros_setup) by extension 'ros'
[0.521s] DEBUG:colcon.colcon_core.package_identification:Package 'src/micro_ros_setup' with type 'ros.ament_cmake' and name 'micro_ros_setup'
[0.521s] Level 1:colcon.colcon_core.package_identification:_identify(src/uros) by extensions ['ignore', 'ignore_ament_install']
[0.521s] Level 1:colcon.colcon_core.package_identification:_identify(src/uros) by extension 'ignore'
[0.521s] Level 1:colcon.colcon_core.package_identification:_identify(src/uros) by extension 'ignore_ament_install'
[0.521s] Level 1:colcon.colcon_core.package_identification:_identify(src/uros) by extensions ['colcon_pkg']
[0.521s] Level 1:colcon.colcon_core.package_identification:_identify(src/uros) by extension 'colcon_pkg'
[0.521s] Level 1:colcon.colcon_core.package_identification:_identify(src/uros) by extensions ['colcon_meta']
[0.521s] Level 1:colcon.colcon_core.package_identification:_identify(src/uros) by extension 'colcon_meta'
[0.521s] Level 1:colcon.colcon_core.package_identification:_identify(src/uros) by extensions ['ros']
[0.521s] Level 1:colcon.colcon_core.package_identification:_identify(src/uros) by extension 'ros'
[0.521s] Level 1:colcon.colcon_core.package_identification:_identify(src/uros) by extensions ['cmake', 'python']
[0.521s] Level 1:colcon.colcon_core.package_identification:_identify(src/uros) by extension 'cmake'
[0.521s] Level 1:colcon.colcon_core.package_identification:_identify(src/uros) by extension 'python'
[0.521s] Level 1:colcon.colcon_core.package_identification:_identify(src/uros) by extensions ['python_setup_py']
[0.522s] Level 1:colcon.colcon_core.package_identification:_identify(src/uros) by extension 'python_setup_py'
[0.522s] Level 1:colcon.colcon_core.package_identification:_identify(src/uros/micro-ROS-Agent) by extensions ['ignore', 'ignore_ament_install']
[0.522s] Level 1:colcon.colcon_core.package_identification:_identify(src/uros/micro-ROS-Agent) by extension 'ignore'
[0.522s] Level 1:colcon.colcon_core.package_identification:_identify(src/uros/micro-ROS-Agent) by extension 'ignore_ament_install'
[0.522s] Level 1:colcon.colcon_core.package_identification:_identify(src/uros/micro-ROS-Agent) by extensions ['colcon_pkg']
[0.522s] Level 1:colcon.colcon_core.package_identification:_identify(src/uros/micro-ROS-Agent) by extension 'colcon_pkg'
[0.522s] Level 1:colcon.colcon_core.package_identification:_identify(src/uros/micro-ROS-Agent) by extensions ['colcon_meta']
[0.522s] Level 1:colcon.colcon_core.package_identification:_identify(src/uros/micro-ROS-Agent) by extension 'colcon_meta'
[0.522s] Level 1:colcon.colcon_core.package_identification:_identify(src/uros/micro-ROS-Agent) by extensions ['ros']
[0.522s] Level 1:colcon.colcon_core.package_identification:_identify(src/uros/micro-ROS-Agent) by extension 'ros'
[0.522s] Level 1:colcon.colcon_core.package_identification:_identify(src/uros/micro-ROS-Agent) by extensions ['cmake', 'python']
[0.522s] Level 1:colcon.colcon_core.package_identification:_identify(src/uros/micro-ROS-Agent) by extension 'cmake'
[0.522s] Level 1:colcon.colcon_core.package_identification:_identify(src/uros/micro-ROS-Agent) by extension 'python'
[0.522s] Level 1:colcon.colcon_core.package_identification:_identify(src/uros/micro-ROS-Agent) by extensions ['python_setup_py']
[0.522s] Level 1:colcon.colcon_core.package_identification:_identify(src/uros/micro-ROS-Agent) by extension 'python_setup_py'
[0.522s] Level 1:colcon.colcon_core.package_identification:_identify(src/uros/micro-ROS-Agent/micro_ros_agent) by extensions ['ignore', 'ignore_ament_install']
[0.523s] Level 1:colcon.colcon_core.package_identification:_identify(src/uros/micro-ROS-Agent/micro_ros_agent) by extension 'ignore'
[0.523s] Level 1:colcon.colcon_core.package_identification:_identify(src/uros/micro-ROS-Agent/micro_ros_agent) by extension 'ignore_ament_install'
[0.523s] Level 1:colcon.colcon_core.package_identification:_identify(src/uros/micro-ROS-Agent/micro_ros_agent) by extensions ['colcon_pkg']
[0.523s] Level 1:colcon.colcon_core.package_identification:_identify(src/uros/micro-ROS-Agent/micro_ros_agent) by extension 'colcon_pkg'
[0.523s] Level 1:colcon.colcon_core.package_identification:_identify(src/uros/micro-ROS-Agent/micro_ros_agent) by extensions ['colcon_meta']
[0.523s] Level 1:colcon.colcon_core.package_identification:_identify(src/uros/micro-ROS-Agent/micro_ros_agent) by extension 'colcon_meta'
[0.523s] Level 1:colcon.colcon_core.package_identification:_identify(src/uros/micro-ROS-Agent/micro_ros_agent) by extensions ['ros']
[0.523s] Level 1:colcon.colcon_core.package_identification:_identify(src/uros/micro-ROS-Agent/micro_ros_agent) by extension 'ros'
[0.524s] DEBUG:colcon.colcon_core.package_identification:Package 'src/uros/micro-ROS-Agent/micro_ros_agent' with type 'ros.ament_cmake' and name 'micro_ros_agent'
[0.524s] Level 1:colcon.colcon_core.package_identification:_identify(src/uros/micro-ROS-Agent/snap) by extensions ['ignore', 'ignore_ament_install']
[0.524s] Level 1:colcon.colcon_core.package_identification:_identify(src/uros/micro-ROS-Agent/snap) by extension 'ignore'
[0.525s] Level 1:colcon.colcon_core.package_identification:_identify(src/uros/micro-ROS-Agent/snap) by extension 'ignore_ament_install'
[0.525s] Level 1:colcon.colcon_core.package_identification:_identify(src/uros/micro-ROS-Agent/snap) by extensions ['colcon_pkg']
[0.525s] Level 1:colcon.colcon_core.package_identification:_identify(src/uros/micro-ROS-Agent/snap) by extension 'colcon_pkg'
[0.525s] Level 1:colcon.colcon_core.package_identification:_identify(src/uros/micro-ROS-Agent/snap) by extensions ['colcon_meta']
[0.525s] Level 1:colcon.colcon_core.package_identification:_identify(src/uros/micro-ROS-Agent/snap) by extension 'colcon_meta'
[0.525s] Level 1:colcon.colcon_core.package_identification:_identify(src/uros/micro-ROS-Agent/snap) by extensions ['ros']
[0.525s] Level 1:colcon.colcon_core.package_identification:_identify(src/uros/micro-ROS-Agent/snap) by extension 'ros'
[0.525s] Level 1:colcon.colcon_core.package_identification:_identify(src/uros/micro-ROS-Agent/snap) by extensions ['cmake', 'python']
[0.525s] Level 1:colcon.colcon_core.package_identification:_identify(src/uros/micro-ROS-Agent/snap) by extension 'cmake'
[0.525s] Level 1:colcon.colcon_core.package_identification:_identify(src/uros/micro-ROS-Agent/snap) by extension 'python'
[0.525s] Level 1:colcon.colcon_core.package_identification:_identify(src/uros/micro-ROS-Agent/snap) by extensions ['python_setup_py']
[0.525s] Level 1:colcon.colcon_core.package_identification:_identify(src/uros/micro-ROS-Agent/snap) by extension 'python_setup_py'
[0.525s] Level 1:colcon.colcon_core.package_identification:_identify(src/uros/micro-ROS-Agent/snap/hooks) by extensions ['ignore', 'ignore_ament_install']
[0.525s] Level 1:colcon.colcon_core.package_identification:_identify(src/uros/micro-ROS-Agent/snap/hooks) by extension 'ignore'
[0.525s] Level 1:colcon.colcon_core.package_identification:_identify(src/uros/micro-ROS-Agent/snap/hooks) by extension 'ignore_ament_install'
[0.525s] Level 1:colcon.colcon_core.package_identification:_identify(src/uros/micro-ROS-Agent/snap/hooks) by extensions ['colcon_pkg']
[0.525s] Level 1:colcon.colcon_core.package_identification:_identify(src/uros/micro-ROS-Agent/snap/hooks) by extension 'colcon_pkg'
[0.526s] Level 1:colcon.colcon_core.package_identification:_identify(src/uros/micro-ROS-Agent/snap/hooks) by extensions ['colcon_meta']
[0.526s] Level 1:colcon.colcon_core.package_identification:_identify(src/uros/micro-ROS-Agent/snap/hooks) by extension 'colcon_meta'
[0.526s] Level 1:colcon.colcon_core.package_identification:_identify(src/uros/micro-ROS-Agent/snap/hooks) by extensions ['ros']
[0.526s] Level 1:colcon.colcon_core.package_identification:_identify(src/uros/micro-ROS-Agent/snap/hooks) by extension 'ros'
[0.526s] Level 1:colcon.colcon_core.package_identification:_identify(src/uros/micro-ROS-Agent/snap/hooks) by extensions ['cmake', 'python']
[0.526s] Level 1:colcon.colcon_core.package_identification:_identify(src/uros/micro-ROS-Agent/snap/hooks) by extension 'cmake'
[0.526s] Level 1:colcon.colcon_core.package_identification:_identify(src/uros/micro-ROS-Agent/snap/hooks) by extension 'python'
[0.526s] Level 1:colcon.colcon_core.package_identification:_identify(src/uros/micro-ROS-Agent/snap/hooks) by extensions ['python_setup_py']
[0.526s] Level 1:colcon.colcon_core.package_identification:_identify(src/uros/micro-ROS-Agent/snap/hooks) by extension 'python_setup_py'
[0.526s] Level 1:colcon.colcon_core.package_identification:_identify(src/uros/micro-ROS-Agent/snap/local) by extensions ['ignore', 'ignore_ament_install']
[0.526s] Level 1:colcon.colcon_core.package_identification:_identify(src/uros/micro-ROS-Agent/snap/local) by extension 'ignore'
[0.526s] Level 1:colcon.colcon_core.package_identification:_identify(src/uros/micro-ROS-Agent/snap/local) by extension 'ignore_ament_install'
[0.526s] Level 1:colcon.colcon_core.package_identification:_identify(src/uros/micro-ROS-Agent/snap/local) by extensions ['colcon_pkg']
[0.526s] Level 1:colcon.colcon_core.package_identification:_identify(src/uros/micro-ROS-Agent/snap/local) by extension 'colcon_pkg'
[0.526s] Level 1:colcon.colcon_core.package_identification:_identify(src/uros/micro-ROS-Agent/snap/local) by extensions ['colcon_meta']
[0.526s] Level 1:colcon.colcon_core.package_identification:_identify(src/uros/micro-ROS-Agent/snap/local) by extension 'colcon_meta'
[0.526s] Level 1:colcon.colcon_core.package_identification:_identify(src/uros/micro-ROS-Agent/snap/local) by extensions ['ros']
[0.526s] Level 1:colcon.colcon_core.package_identification:_identify(src/uros/micro-ROS-Agent/snap/local) by extension 'ros'
[0.527s] Level 1:colcon.colcon_core.package_identification:_identify(src/uros/micro-ROS-Agent/snap/local) by extensions ['cmake', 'python']
[0.527s] Level 1:colcon.colcon_core.package_identification:_identify(src/uros/micro-ROS-Agent/snap/local) by extension 'cmake'
[0.527s] Level 1:colcon.colcon_core.package_identification:_identify(src/uros/micro-ROS-Agent/snap/local) by extension 'python'
[0.527s] Level 1:colcon.colcon_core.package_identification:_identify(src/uros/micro-ROS-Agent/snap/local) by extensions ['python_setup_py']
[0.527s] Level 1:colcon.colcon_core.package_identification:_identify(src/uros/micro-ROS-Agent/snap/local) by extension 'python_setup_py'
[0.527s] Level 1:colcon.colcon_core.package_identification:_identify(src/uros/micro_ros_msgs) by extensions ['ignore', 'ignore_ament_install']
[0.527s] Level 1:colcon.colcon_core.package_identification:_identify(src/uros/micro_ros_msgs) by extension 'ignore'
[0.527s] Level 1:colcon.colcon_core.package_identification:_identify(src/uros/micro_ros_msgs) by extension 'ignore_ament_install'
[0.527s] Level 1:colcon.colcon_core.package_identification:_identify(src/uros/micro_ros_msgs) by extensions ['colcon_pkg']
[0.527s] Level 1:colcon.colcon_core.package_identification:_identify(src/uros/micro_ros_msgs) by extension 'colcon_pkg'
[0.527s] Level 1:colcon.colcon_core.package_identification:_identify(src/uros/micro_ros_msgs) by extensions ['colcon_meta']
[0.527s] Level 1:colcon.colcon_core.package_identification:_identify(src/uros/micro_ros_msgs) by extension 'colcon_meta'
[0.527s] Level 1:colcon.colcon_core.package_identification:_identify(src/uros/micro_ros_msgs) by extensions ['ros']
[0.527s] Level 1:colcon.colcon_core.package_identification:_identify(src/uros/micro_ros_msgs) by extension 'ros'
[0.528s] DEBUG:colcon.colcon_core.package_identification:Package 'src/uros/micro_ros_msgs' with type 'ros.ament_cmake' and name 'micro_ros_msgs'
[0.528s] Level 1:colcon.colcon_core.package_discovery:discover_packages(recursive) using defaults
[0.528s] Level 1:colcon.colcon_core.package_discovery:discover_packages(ignore) discover
[0.528s] Level 1:colcon.colcon_core.package_discovery:discover_packages(ignore) using defaults
[0.529s] Level 1:colcon.colcon_core.package_discovery:discover_packages(path) discover
[0.529s] Level 1:colcon.colcon_core.package_discovery:discover_packages(path) using defaults
[0.585s] Level 1:colcon.colcon_core.package_discovery:discover_packages(prefix_path) check parameters
[0.585s] Level 1:colcon.colcon_core.package_discovery:discover_packages(prefix_path) discover
[0.590s] DEBUG:colcon.colcon_installed_package_information.package_discovery:Found 3 installed packages in /home/iarley/Documents/tcc/ratslam/microros_ws/install
[0.591s] DEBUG:colcon.colcon_installed_package_information.package_discovery:Found 2 installed packages in /home/iarley/Documents/tcc/ratslam/ros2_ws/install
[0.592s] DEBUG:colcon.colcon_installed_package_information.package_discovery:Found 4 installed packages in /home/iarley/ros2_ws/install
[0.595s] DEBUG:colcon.colcon_installed_package_information.package_discovery:Found 271 installed packages in /opt/ros/humble
[0.597s] Level 1:colcon.colcon_core.package_discovery:discover_packages(prefix_path) using defaults
[0.672s] Level 5:colcon.colcon_core.verb:set package 'micro_ros_msgs' build argument 'cmake_args' from command line to 'None'
[0.672s] Level 5:colcon.colcon_core.verb:set package 'micro_ros_msgs' build argument 'cmake_target' from command line to 'None'
[0.672s] Level 5:colcon.colcon_core.verb:set package 'micro_ros_msgs' build argument 'cmake_target_skip_unavailable' from command line to 'False'
[0.672s] Level 5:colcon.colcon_core.verb:set package 'micro_ros_msgs' build argument 'cmake_clean_cache' from command line to 'False'
[0.672s] Level 5:colcon.colcon_core.verb:set package 'micro_ros_msgs' build argument 'cmake_clean_first' from command line to 'False'
[0.672s] Level 5:colcon.colcon_core.verb:set package 'micro_ros_msgs' build argument 'cmake_force_configure' from command line to 'False'
[0.672s] Level 5:colcon.colcon_core.verb:set package 'micro_ros_msgs' build argument 'ament_cmake_args' from command line to 'None'
[0.673s] Level 5:colcon.colcon_core.verb:set package 'micro_ros_msgs' build argument 'catkin_cmake_args' from command line to 'None'
[0.673s] Level 5:colcon.colcon_core.verb:set package 'micro_ros_msgs' build argument 'catkin_skip_building_tests' from command line to 'False'
[0.673s] DEBUG:colcon.colcon_core.verb:Building package 'micro_ros_msgs' with the following arguments: {'ament_cmake_args': None, 'build_base': '/home/iarley/Documents/tcc/ratslam/microros_ws/build/micro_ros_msgs', 'catkin_cmake_args': None, 'catkin_skip_building_tests': False, 'cmake_args': None, 'cmake_clean_cache': False, 'cmake_clean_first': False, 'cmake_force_configure': False, 'cmake_target': None, 'cmake_target_skip_unavailable': False, 'install_base': '/home/iarley/Documents/tcc/ratslam/microros_ws/install/micro_ros_msgs', 'merge_install': False, 'path': '/home/iarley/Documents/tcc/ratslam/microros_ws/src/uros/micro_ros_msgs', 'symlink_install': False, 'test_result_base': None}
[0.673s] Level 5:colcon.colcon_core.verb:set package 'micro_ros_setup' build argument 'cmake_args' from command line to 'None'
[0.673s] Level 5:colcon.colcon_core.verb:set package 'micro_ros_setup' build argument 'cmake_target' from command line to 'None'
[0.673s] Level 5:colcon.colcon_core.verb:set package 'micro_ros_setup' build argument 'cmake_target_skip_unavailable' from command line to 'False'
[0.673s] Level 5:colcon.colcon_core.verb:set package 'micro_ros_setup' build argument 'cmake_clean_cache' from command line to 'False'
[0.673s] Level 5:colcon.colcon_core.verb:set package 'micro_ros_setup' build argument 'cmake_clean_first' from command line to 'False'
[0.673s] Level 5:colcon.colcon_core.verb:set package 'micro_ros_setup' build argument 'cmake_force_configure' from command line to 'False'
[0.673s] Level 5:colcon.colcon_core.verb:set package 'micro_ros_setup' build argument 'ament_cmake_args' from command line to 'None'
[0.673s] Level 5:colcon.colcon_core.verb:set package 'micro_ros_setup' build argument 'catkin_cmake_args' from command line to 'None'
[0.673s] Level 5:colcon.colcon_core.verb:set package 'micro_ros_setup' build argument 'catkin_skip_building_tests' from command line to 'False'
[0.674s] DEBUG:colcon.colcon_core.verb:Building package 'micro_ros_setup' with the following arguments: {'ament_cmake_args': None, 'build_base': '/home/iarley/Documents/tcc/ratslam/microros_ws/build/micro_ros_setup', 'catkin_cmake_args': None, 'catkin_skip_building_tests': False, 'cmake_args': None, 'cmake_clean_cache': False, 'cmake_clean_first': False, 'cmake_force_configure': False, 'cmake_target': None, 'cmake_target_skip_unavailable': False, 'install_base': '/home/iarley/Documents/tcc/ratslam/microros_ws/install/micro_ros_setup', 'merge_install': False, 'path': '/home/iarley/Documents/tcc/ratslam/microros_ws/src/micro_ros_setup', 'symlink_install': False, 'test_result_base': None}
[0.674s] Level 5:colcon.colcon_core.verb:set package 'micro_ros_agent' build argument 'cmake_args' from command line to 'None'
[0.674s] Level 5:colcon.colcon_core.verb:set package 'micro_ros_agent' build argument 'cmake_target' from command line to 'None'
[0.674s] Level 5:colcon.colcon_core.verb:set package 'micro_ros_agent' build argument 'cmake_target_skip_unavailable' from command line to 'False'
[0.674s] Level 5:colcon.colcon_core.verb:set package 'micro_ros_agent' build argument 'cmake_clean_cache' from command line to 'False'
[0.674s] Level 5:colcon.colcon_core.verb:set package 'micro_ros_agent' build argument 'cmake_clean_first' from command line to 'False'
[0.675s] Level 5:colcon.colcon_core.verb:set package 'micro_ros_agent' build argument 'cmake_force_configure' from command line to 'False'
[0.675s] Level 5:colcon.colcon_core.verb:set package 'micro_ros_agent' build argument 'ament_cmake_args' from command line to 'None'
[0.675s] Level 5:colcon.colcon_core.verb:set package 'micro_ros_agent' build argument 'catkin_cmake_args' from command line to 'None'
[0.675s] Level 5:colcon.colcon_core.verb:set package 'micro_ros_agent' build argument 'catkin_skip_building_tests' from command line to 'False'
[0.675s] DEBUG:colcon.colcon_core.verb:Building package 'micro_ros_agent' with the following arguments: {'ament_cmake_args': None, 'build_base': '/home/iarley/Documents/tcc/ratslam/microros_ws/build/micro_ros_agent', 'catkin_cmake_args': None, 'catkin_skip_building_tests': False, 'cmake_args': None, 'cmake_clean_cache': False, 'cmake_clean_first': False, 'cmake_force_configure': False, 'cmake_target': None, 'cmake_target_skip_unavailable': False, 'install_base': '/home/iarley/Documents/tcc/ratslam/microros_ws/install/micro_ros_agent', 'merge_install': False, 'path': '/home/iarley/Documents/tcc/ratslam/microros_ws/src/uros/micro-ROS-Agent/micro_ros_agent', 'symlink_install': False, 'test_result_base': None}
[0.675s] INFO:colcon.colcon_core.executor:Executing jobs using 'parallel' executor
[0.677s] DEBUG:colcon.colcon_parallel_executor.executor.parallel:run_until_complete
[0.677s] INFO:colcon.colcon_ros.task.ament_cmake.build:Building ROS package in '/home/iarley/Documents/tcc/ratslam/microros_ws/src/uros/micro_ros_msgs' with build type 'ament_cmake'
[0.677s] INFO:colcon.colcon_cmake.task.cmake.build:Building CMake package in '/home/iarley/Documents/tcc/ratslam/microros_ws/src/uros/micro_ros_msgs'
[0.683s] INFO:colcon.colcon_core.plugin_system:Skipping extension 'colcon_core.shell.bat': Not used on non-Windows systems
[0.684s] INFO:colcon.colcon_core.shell:Skip shell extension 'powershell' for command environment: Not usable outside of PowerShell
[0.684s] DEBUG:colcon.colcon_core.shell:Skip shell extension 'dsv' for command environment
[0.692s] INFO:colcon.colcon_ros.task.ament_cmake.build:Building ROS package in '/home/iarley/Documents/tcc/ratslam/microros_ws/src/micro_ros_setup' with build type 'ament_cmake'
[0.692s] INFO:colcon.colcon_cmake.task.cmake.build:Building CMake package in '/home/iarley/Documents/tcc/ratslam/microros_ws/src/micro_ros_setup'
[0.693s] INFO:colcon.colcon_core.shell:Skip shell extension 'powershell' for command environment: Not usable outside of PowerShell
[0.693s] DEBUG:colcon.colcon_core.shell:Skip shell extension 'dsv' for command environment
[0.708s] DEBUG:colcon.colcon_core.event_handler.log_command:Invoking command in '/home/iarley/Documents/tcc/ratslam/microros_ws/build/micro_ros_msgs': CMAKE_PREFIX_PATH=/home/iarley/Documents/tcc/ratslam/microros_ws/install/micro_ros_setup:/home/iarley/Documents/tcc/ratslam/microros_ws/install/micro_ros_agent:/home/iarley/Documents/tcc/ratslam/microros_ws/install/micro_ros_msgs:/home/iarley/ros2_ws/install/teste_morato:/home/iarley/ros2_ws/install/test_morato:/opt/ros/humble:/home/iarley/ros2_ws/install/rplidar_ros:/home/iarley/ros2_ws/install/my_pkg_cpp:/home/iarley/Documents/tcc/ratslam/ros2_ws/install/ratslam:/home/iarley/Documents/tcc/ratslam/ros2_ws/install/topological_msgs /usr/bin/cmake --build /home/iarley/Documents/tcc/ratslam/microros_ws/build/micro_ros_msgs -- -j8 -l8
[0.716s] DEBUG:colcon.colcon_core.event_handler.log_command:Invoking command in '/home/iarley/Documents/tcc/ratslam/microros_ws/build/micro_ros_setup': CMAKE_PREFIX_PATH=/home/iarley/Documents/tcc/ratslam/microros_ws/install/micro_ros_setup:/home/iarley/Documents/tcc/ratslam/microros_ws/install/micro_ros_agent:/home/iarley/Documents/tcc/ratslam/microros_ws/install/micro_ros_msgs:/home/iarley/ros2_ws/install/teste_morato:/home/iarley/ros2_ws/install/test_morato:/opt/ros/humble:/home/iarley/ros2_ws/install/rplidar_ros:/home/iarley/ros2_ws/install/my_pkg_cpp:/home/iarley/Documents/tcc/ratslam/ros2_ws/install/ratslam:/home/iarley/Documents/tcc/ratslam/ros2_ws/install/topological_msgs /usr/bin/cmake --build /home/iarley/Documents/tcc/ratslam/microros_ws/build/micro_ros_setup -- -j8 -l8
[0.780s] DEBUG:colcon.colcon_core.event_handler.log_command:Invoked command in '/home/iarley/Documents/tcc/ratslam/microros_ws/build/micro_ros_setup' returned '0': CMAKE_PREFIX_PATH=/home/iarley/Documents/tcc/ratslam/microros_ws/install/micro_ros_setup:/home/iarley/Documents/tcc/ratslam/microros_ws/install/micro_ros_agent:/home/iarley/Documents/tcc/ratslam/microros_ws/install/micro_ros_msgs:/home/iarley/ros2_ws/install/teste_morato:/home/iarley/ros2_ws/install/test_morato:/opt/ros/humble:/home/iarley/ros2_ws/install/rplidar_ros:/home/iarley/ros2_ws/install/my_pkg_cpp:/home/iarley/Documents/tcc/ratslam/ros2_ws/install/ratslam:/home/iarley/Documents/tcc/ratslam/ros2_ws/install/topological_msgs /usr/bin/cmake --build /home/iarley/Documents/tcc/ratslam/microros_ws/build/micro_ros_setup -- -j8 -l8
[0.799s] DEBUG:colcon.colcon_core.event_handler.log_command:Invoking command in '/home/iarley/Documents/tcc/ratslam/microros_ws/build/micro_ros_setup': CMAKE_PREFIX_PATH=/home/iarley/Documents/tcc/ratslam/microros_ws/install/micro_ros_setup:/home/iarley/Documents/tcc/ratslam/microros_ws/install/micro_ros_agent:/home/iarley/Documents/tcc/ratslam/microros_ws/install/micro_ros_msgs:/home/iarley/ros2_ws/install/teste_morato:/home/iarley/ros2_ws/install/test_morato:/opt/ros/humble:/home/iarley/ros2_ws/install/rplidar_ros:/home/iarley/ros2_ws/install/my_pkg_cpp:/home/iarley/Documents/tcc/ratslam/ros2_ws/install/ratslam:/home/iarley/Documents/tcc/ratslam/ros2_ws/install/topological_msgs /usr/bin/cmake --install /home/iarley/Documents/tcc/ratslam/microros_ws/build/micro_ros_setup
[0.845s] Level 1:colcon.colcon_core.environment:create_environment_scripts_only(micro_ros_setup)
[0.860s] Level 1:colcon.colcon_core.environment:checking '/home/iarley/Documents/tcc/ratslam/microros_ws/install/micro_ros_setup' for CMake module files
[0.864s] Level 1:colcon.colcon_core.environment:checking '/home/iarley/Documents/tcc/ratslam/microros_ws/install/micro_ros_setup' for CMake config files
[0.865s] Level 1:colcon.colcon_core.shell:create_environment_hook('micro_ros_setup', 'cmake_prefix_path')
[0.866s] INFO:colcon.colcon_core.shell:Creating environment hook '/home/iarley/Documents/tcc/ratslam/microros_ws/install/micro_ros_setup/share/micro_ros_setup/hook/cmake_prefix_path.ps1'
[0.870s] INFO:colcon.colcon_core.shell:Creating environment descriptor '/home/iarley/Documents/tcc/ratslam/microros_ws/install/micro_ros_setup/share/micro_ros_setup/hook/cmake_prefix_path.dsv'
[0.872s] INFO:colcon.colcon_core.shell:Creating environment hook '/home/iarley/Documents/tcc/ratslam/microros_ws/install/micro_ros_setup/share/micro_ros_setup/hook/cmake_prefix_path.sh'
[0.875s] Level 1:colcon.colcon_core.environment:checking '/home/iarley/Documents/tcc/ratslam/microros_ws/install/micro_ros_setup/lib'
[0.875s] Level 1:colcon.colcon_core.environment:checking '/home/iarley/Documents/tcc/ratslam/microros_ws/install/micro_ros_setup/bin'
[0.876s] Level 1:colcon.colcon_core.environment:checking '/home/iarley/Documents/tcc/ratslam/microros_ws/install/micro_ros_setup/lib/pkgconfig/micro_ros_setup.pc'
[0.876s] Level 1:colcon.colcon_core.environment:checking '/home/iarley/Documents/tcc/ratslam/microros_ws/install/micro_ros_setup/lib/python3.10/site-packages'
[0.881s] Level 1:colcon.colcon_core.environment:checking '/home/iarley/Documents/tcc/ratslam/microros_ws/install/micro_ros_setup/bin'
[0.882s] INFO:colcon.colcon_core.shell:Creating package script '/home/iarley/Documents/tcc/ratslam/microros_ws/install/micro_ros_setup/share/micro_ros_setup/package.ps1'
[0.887s] DEBUG:colcon.colcon_core.event_handler.log_command:Invoked command in '/home/iarley/Documents/tcc/ratslam/microros_ws/build/micro_ros_setup' returned '0': CMAKE_PREFIX_PATH=/home/iarley/Documents/tcc/ratslam/microros_ws/install/micro_ros_setup:/home/iarley/Documents/tcc/ratslam/microros_ws/install/micro_ros_agent:/home/iarley/Documents/tcc/ratslam/microros_ws/install/micro_ros_msgs:/home/iarley/ros2_ws/install/teste_morato:/home/iarley/ros2_ws/install/test_morato:/opt/ros/humble:/home/iarley/ros2_ws/install/rplidar_ros:/home/iarley/ros2_ws/install/my_pkg_cpp:/home/iarley/Documents/tcc/ratslam/ros2_ws/install/ratslam:/home/iarley/Documents/tcc/ratslam/ros2_ws/install/topological_msgs /usr/bin/cmake --install /home/iarley/Documents/tcc/ratslam/microros_ws/build/micro_ros_setup
[0.887s] INFO:colcon.colcon_core.shell:Creating package descriptor '/home/iarley/Documents/tcc/ratslam/microros_ws/install/micro_ros_setup/share/micro_ros_setup/package.dsv'
[0.892s] INFO:colcon.colcon_core.shell:Creating package script '/home/iarley/Documents/tcc/ratslam/microros_ws/install/micro_ros_setup/share/micro_ros_setup/package.sh'
[0.894s] INFO:colcon.colcon_core.shell:Creating package script '/home/iarley/Documents/tcc/ratslam/microros_ws/install/micro_ros_setup/share/micro_ros_setup/package.bash'
[0.896s] INFO:colcon.colcon_core.shell:Creating package script '/home/iarley/Documents/tcc/ratslam/microros_ws/install/micro_ros_setup/share/micro_ros_setup/package.zsh'
[0.898s] Level 1:colcon.colcon_core.environment:create_file_with_runtime_dependencies(/home/iarley/Documents/tcc/ratslam/microros_ws/install/micro_ros_setup/share/colcon-core/packages/micro_ros_setup)
[0.899s] Level 1:colcon.colcon_core.environment:create_environment_scripts_only(micro_ros_setup)
[0.900s] Level 1:colcon.colcon_core.environment:checking '/home/iarley/Documents/tcc/ratslam/microros_ws/install/micro_ros_setup' for CMake module files
[0.901s] Level 1:colcon.colcon_core.environment:checking '/home/iarley/Documents/tcc/ratslam/microros_ws/install/micro_ros_setup' for CMake config files
[0.901s] Level 1:colcon.colcon_core.shell:create_environment_hook('micro_ros_setup', 'cmake_prefix_path')
[0.902s] INFO:colcon.colcon_core.shell:Creating environment hook '/home/iarley/Documents/tcc/ratslam/microros_ws/install/micro_ros_setup/share/micro_ros_setup/hook/cmake_prefix_path.ps1'
[0.903s] INFO:colcon.colcon_core.shell:Creating environment descriptor '/home/iarley/Documents/tcc/ratslam/microros_ws/install/micro_ros_setup/share/micro_ros_setup/hook/cmake_prefix_path.dsv'
[0.904s] INFO:colcon.colcon_core.shell:Creating environment hook '/home/iarley/Documents/tcc/ratslam/microros_ws/install/micro_ros_setup/share/micro_ros_setup/hook/cmake_prefix_path.sh'
[0.905s] Level 1:colcon.colcon_core.environment:checking '/home/iarley/Documents/tcc/ratslam/microros_ws/install/micro_ros_setup/lib'
[0.906s] Level 1:colcon.colcon_core.environment:checking '/home/iarley/Documents/tcc/ratslam/microros_ws/install/micro_ros_setup/bin'
[0.906s] Level 1:colcon.colcon_core.environment:checking '/home/iarley/Documents/tcc/ratslam/microros_ws/install/micro_ros_setup/lib/pkgconfig/micro_ros_setup.pc'
[0.906s] Level 1:colcon.colcon_core.environment:checking '/home/iarley/Documents/tcc/ratslam/microros_ws/install/micro_ros_setup/lib/python3.10/site-packages'
[0.907s] Level 1:colcon.colcon_core.environment:checking '/home/iarley/Documents/tcc/ratslam/microros_ws/install/micro_ros_setup/bin'
[0.908s] INFO:colcon.colcon_core.shell:Creating package script '/home/iarley/Documents/tcc/ratslam/microros_ws/install/micro_ros_setup/share/micro_ros_setup/package.ps1'
[0.909s] INFO:colcon.colcon_core.shell:Creating package descriptor '/home/iarley/Documents/tcc/ratslam/microros_ws/install/micro_ros_setup/share/micro_ros_setup/package.dsv'
[0.911s] INFO:colcon.colcon_core.shell:Creating package script '/home/iarley/Documents/tcc/ratslam/microros_ws/install/micro_ros_setup/share/micro_ros_setup/package.sh'
[0.912s] INFO:colcon.colcon_core.shell:Creating package script '/home/iarley/Documents/tcc/ratslam/microros_ws/install/micro_ros_setup/share/micro_ros_setup/package.bash'
[0.913s] INFO:colcon.colcon_core.shell:Creating package script '/home/iarley/Documents/tcc/ratslam/microros_ws/install/micro_ros_setup/share/micro_ros_setup/package.zsh'
[0.914s] Level 1:colcon.colcon_core.environment:create_file_with_runtime_dependencies(/home/iarley/Documents/tcc/ratslam/microros_ws/install/micro_ros_setup/share/colcon-core/packages/micro_ros_setup)
[1.408s] DEBUG:colcon.colcon_core.event_handler.log_command:Invoked command in '/home/iarley/Documents/tcc/ratslam/microros_ws/build/micro_ros_msgs' returned '0': CMAKE_PREFIX_PATH=/home/iarley/Documents/tcc/ratslam/microros_ws/install/micro_ros_setup:/home/iarley/Documents/tcc/ratslam/microros_ws/install/micro_ros_agent:/home/iarley/Documents/tcc/ratslam/microros_ws/install/micro_ros_msgs:/home/iarley/ros2_ws/install/teste_morato:/home/iarley/ros2_ws/install/test_morato:/opt/ros/humble:/home/iarley/ros2_ws/install/rplidar_ros:/home/iarley/ros2_ws/install/my_pkg_cpp:/home/iarley/Documents/tcc/ratslam/ros2_ws/install/ratslam:/home/iarley/Documents/tcc/ratslam/ros2_ws/install/topological_msgs /usr/bin/cmake --build /home/iarley/Documents/tcc/ratslam/microros_ws/build/micro_ros_msgs -- -j8 -l8
[1.413s] DEBUG:colcon.colcon_core.event_handler.log_command:Invoking command in '/home/iarley/Documents/tcc/ratslam/microros_ws/build/micro_ros_msgs': CMAKE_PREFIX_PATH=/home/iarley/Documents/tcc/ratslam/microros_ws/install/micro_ros_setup:/home/iarley/Documents/tcc/ratslam/microros_ws/install/micro_ros_agent:/home/iarley/Documents/tcc/ratslam/microros_ws/install/micro_ros_msgs:/home/iarley/ros2_ws/install/teste_morato:/home/iarley/ros2_ws/install/test_morato:/opt/ros/humble:/home/iarley/ros2_ws/install/rplidar_ros:/home/iarley/ros2_ws/install/my_pkg_cpp:/home/iarley/Documents/tcc/ratslam/ros2_ws/install/ratslam:/home/iarley/Documents/tcc/ratslam/ros2_ws/install/topological_msgs /usr/bin/cmake --install /home/iarley/Documents/tcc/ratslam/microros_ws/build/micro_ros_msgs
[1.534s] Level 1:colcon.colcon_core.environment:create_environment_scripts_only(micro_ros_msgs)
[1.535s] Level 1:colcon.colcon_core.environment:checking '/home/iarley/Documents/tcc/ratslam/microros_ws/install/micro_ros_msgs' for CMake module files
[1.536s] DEBUG:colcon.colcon_core.event_handler.log_command:Invoked command in '/home/iarley/Documents/tcc/ratslam/microros_ws/build/micro_ros_msgs' returned '0': CMAKE_PREFIX_PATH=/home/iarley/Documents/tcc/ratslam/microros_ws/install/micro_ros_setup:/home/iarley/Documents/tcc/ratslam/microros_ws/install/micro_ros_agent:/home/iarley/Documents/tcc/ratslam/microros_ws/install/micro_ros_msgs:/home/iarley/ros2_ws/install/teste_morato:/home/iarley/ros2_ws/install/test_morato:/opt/ros/humble:/home/iarley/ros2_ws/install/rplidar_ros:/home/iarley/ros2_ws/install/my_pkg_cpp:/home/iarley/Documents/tcc/ratslam/ros2_ws/install/ratslam:/home/iarley/Documents/tcc/ratslam/ros2_ws/install/topological_msgs /usr/bin/cmake --install /home/iarley/Documents/tcc/ratslam/microros_ws/build/micro_ros_msgs
[1.538s] Level 1:colcon.colcon_core.environment:checking '/home/iarley/Documents/tcc/ratslam/microros_ws/install/micro_ros_msgs' for CMake config files
[1.539s] Level 1:colcon.colcon_core.shell:create_environment_hook('micro_ros_msgs', 'cmake_prefix_path')
[1.540s] INFO:colcon.colcon_core.shell:Creating environment hook '/home/iarley/Documents/tcc/ratslam/microros_ws/install/micro_ros_msgs/share/micro_ros_msgs/hook/cmake_prefix_path.ps1'
[1.541s] INFO:colcon.colcon_core.shell:Creating environment descriptor '/home/iarley/Documents/tcc/ratslam/microros_ws/install/micro_ros_msgs/share/micro_ros_msgs/hook/cmake_prefix_path.dsv'
[1.542s] INFO:colcon.colcon_core.shell:Creating environment hook '/home/iarley/Documents/tcc/ratslam/microros_ws/install/micro_ros_msgs/share/micro_ros_msgs/hook/cmake_prefix_path.sh'
[1.543s] Level 1:colcon.colcon_core.environment:checking '/home/iarley/Documents/tcc/ratslam/microros_ws/install/micro_ros_msgs/lib'
[1.544s] Level 1:colcon.colcon_core.shell:create_environment_hook('micro_ros_msgs', 'ld_library_path_lib')
[1.544s] INFO:colcon.colcon_core.shell:Creating environment hook '/home/iarley/Documents/tcc/ratslam/microros_ws/install/micro_ros_msgs/share/micro_ros_msgs/hook/ld_library_path_lib.ps1'
[1.545s] INFO:colcon.colcon_core.shell:Creating environment descriptor '/home/iarley/Documents/tcc/ratslam/microros_ws/install/micro_ros_msgs/share/micro_ros_msgs/hook/ld_library_path_lib.dsv'
[1.546s] INFO:colcon.colcon_core.shell:Creating environment hook '/home/iarley/Documents/tcc/ratslam/microros_ws/install/micro_ros_msgs/share/micro_ros_msgs/hook/ld_library_path_lib.sh'
[1.546s] Level 1:colcon.colcon_core.environment:checking '/home/iarley/Documents/tcc/ratslam/microros_ws/install/micro_ros_msgs/bin'
[1.546s] Level 1:colcon.colcon_core.environment:checking '/home/iarley/Documents/tcc/ratslam/microros_ws/install/micro_ros_msgs/lib/pkgconfig/micro_ros_msgs.pc'
[1.547s] Level 1:colcon.colcon_core.environment:checking '/home/iarley/Documents/tcc/ratslam/microros_ws/install/micro_ros_msgs/lib/python3.10/site-packages'
[1.547s] Level 1:colcon.colcon_core.environment:checking '/home/iarley/Documents/tcc/ratslam/microros_ws/install/micro_ros_msgs/bin'
[1.548s] INFO:colcon.colcon_core.shell:Creating package script '/home/iarley/Documents/tcc/ratslam/microros_ws/install/micro_ros_msgs/share/micro_ros_msgs/package.ps1'
[1.549s] INFO:colcon.colcon_core.shell:Creating package descriptor '/home/iarley/Documents/tcc/ratslam/microros_ws/install/micro_ros_msgs/share/micro_ros_msgs/package.dsv'
[1.550s] INFO:colcon.colcon_core.shell:Creating package script '/home/iarley/Documents/tcc/ratslam/microros_ws/install/micro_ros_msgs/share/micro_ros_msgs/package.sh'
[1.551s] INFO:colcon.colcon_core.shell:Creating package script '/home/iarley/Documents/tcc/ratslam/microros_ws/install/micro_ros_msgs/share/micro_ros_msgs/package.bash'
[1.551s] INFO:colcon.colcon_core.shell:Creating package script '/home/iarley/Documents/tcc/ratslam/microros_ws/install/micro_ros_msgs/share/micro_ros_msgs/package.zsh'
[1.552s] Level 1:colcon.colcon_core.environment:create_file_with_runtime_dependencies(/home/iarley/Documents/tcc/ratslam/microros_ws/install/micro_ros_msgs/share/colcon-core/packages/micro_ros_msgs)
[1.553s] Level 1:colcon.colcon_core.environment:create_environment_scripts_only(micro_ros_msgs)
[1.554s] Level 1:colcon.colcon_core.environment:checking '/home/iarley/Documents/tcc/ratslam/microros_ws/install/micro_ros_msgs' for CMake module files
[1.555s] Level 1:colcon.colcon_core.environment:checking '/home/iarley/Documents/tcc/ratslam/microros_ws/install/micro_ros_msgs' for CMake config files
[1.556s] Level 1:colcon.colcon_core.shell:create_environment_hook('micro_ros_msgs', 'cmake_prefix_path')
[1.557s] INFO:colcon.colcon_core.shell:Creating environment hook '/home/iarley/Documents/tcc/ratslam/microros_ws/install/micro_ros_msgs/share/micro_ros_msgs/hook/cmake_prefix_path.ps1'
[1.558s] INFO:colcon.colcon_core.shell:Creating environment descriptor '/home/iarley/Documents/tcc/ratslam/microros_ws/install/micro_ros_msgs/share/micro_ros_msgs/hook/cmake_prefix_path.dsv'
[1.558s] INFO:colcon.colcon_core.shell:Creating environment hook '/home/iarley/Documents/tcc/ratslam/microros_ws/install/micro_ros_msgs/share/micro_ros_msgs/hook/cmake_prefix_path.sh'
[1.559s] Level 1:colcon.colcon_core.environment:checking '/home/iarley/Documents/tcc/ratslam/microros_ws/install/micro_ros_msgs/lib'
[1.560s] Level 1:colcon.colcon_core.shell:create_environment_hook('micro_ros_msgs', 'ld_library_path_lib')
[1.560s] INFO:colcon.colcon_core.shell:Creating environment hook '/home/iarley/Documents/tcc/ratslam/microros_ws/install/micro_ros_msgs/share/micro_ros_msgs/hook/ld_library_path_lib.ps1'
[1.561s] INFO:colcon.colcon_core.shell:Creating environment descriptor '/home/iarley/Documents/tcc/ratslam/microros_ws/install/micro_ros_msgs/share/micro_ros_msgs/hook/ld_library_path_lib.dsv'
[1.561s] INFO:colcon.colcon_core.shell:Creating environment hook '/home/iarley/Documents/tcc/ratslam/microros_ws/install/micro_ros_msgs/share/micro_ros_msgs/hook/ld_library_path_lib.sh'
[1.562s] Level 1:colcon.colcon_core.environment:checking '/home/iarley/Documents/tcc/ratslam/microros_ws/install/micro_ros_msgs/bin'
[1.562s] Level 1:colcon.colcon_core.environment:checking '/home/iarley/Documents/tcc/ratslam/microros_ws/install/micro_ros_msgs/lib/pkgconfig/micro_ros_msgs.pc'
[1.563s] Level 1:colcon.colcon_core.environment:checking '/home/iarley/Documents/tcc/ratslam/microros_ws/install/micro_ros_msgs/lib/python3.10/site-packages'
[1.563s] Level 1:colcon.colcon_core.environment:checking '/home/iarley/Documents/tcc/ratslam/microros_ws/install/micro_ros_msgs/bin'
[1.564s] INFO:colcon.colcon_core.shell:Creating package script '/home/iarley/Documents/tcc/ratslam/microros_ws/install/micro_ros_msgs/share/micro_ros_msgs/package.ps1'
[1.565s] INFO:colcon.colcon_core.shell:Creating package descriptor '/home/iarley/Documents/tcc/ratslam/microros_ws/install/micro_ros_msgs/share/micro_ros_msgs/package.dsv'
[1.566s] INFO:colcon.colcon_core.shell:Creating package script '/home/iarley/Documents/tcc/ratslam/microros_ws/install/micro_ros_msgs/share/micro_ros_msgs/package.sh'
[1.567s] INFO:colcon.colcon_core.shell:Creating package script '/home/iarley/Documents/tcc/ratslam/microros_ws/install/micro_ros_msgs/share/micro_ros_msgs/package.bash'
[1.568s] INFO:colcon.colcon_core.shell:Creating package script '/home/iarley/Documents/tcc/ratslam/microros_ws/install/micro_ros_msgs/share/micro_ros_msgs/package.zsh'
[1.569s] Level 1:colcon.colcon_core.environment:create_file_with_runtime_dependencies(/home/iarley/Documents/tcc/ratslam/microros_ws/install/micro_ros_msgs/share/colcon-core/packages/micro_ros_msgs)
[1.570s] INFO:colcon.colcon_ros.task.ament_cmake.build:Building ROS package in '/home/iarley/Documents/tcc/ratslam/microros_ws/src/uros/micro-ROS-Agent/micro_ros_agent' with build type 'ament_cmake'
[1.570s] INFO:colcon.colcon_cmake.task.cmake.build:Building CMake package in '/home/iarley/Documents/tcc/ratslam/microros_ws/src/uros/micro-ROS-Agent/micro_ros_agent'
[1.571s] INFO:colcon.colcon_core.shell:Skip shell extension 'powershell' for command environment: Not usable outside of PowerShell
[1.571s] DEBUG:colcon.colcon_core.shell:Skip shell extension 'dsv' for command environment
[1.595s] DEBUG:colcon.colcon_core.event_handler.log_command:Invoking command in '/home/iarley/Documents/tcc/ratslam/microros_ws/build/micro_ros_agent': CMAKE_PREFIX_PATH=/home/iarley/Documents/tcc/ratslam/microros_ws/install/micro_ros_msgs:/home/iarley/Documents/tcc/ratslam/microros_ws/install/micro_ros_setup:/home/iarley/Documents/tcc/ratslam/microros_ws/install/micro_ros_agent:/home/iarley/ros2_ws/install/teste_morato:/home/iarley/ros2_ws/install/test_morato:/opt/ros/humble:/home/iarley/ros2_ws/install/rplidar_ros:/home/iarley/ros2_ws/install/my_pkg_cpp:/home/iarley/Documents/tcc/ratslam/ros2_ws/install/ratslam:/home/iarley/Documents/tcc/ratslam/ros2_ws/install/topological_msgs LD_LIBRARY_PATH=/home/iarley/Documents/tcc/ratslam/microros_ws/install/micro_ros_msgs/lib:/home/iarley/Documents/tcc/ratslam/microros_ws/install/micro_ros_agent/lib:/home/iarley/Documents/tcc/ratslam/ros2_ws/install/topological_msgs/lib:/opt/ros/humble/opt/rviz_ogre_vendor/lib:/opt/ros/humble/lib/x86_64-linux-gnu:/opt/ros/humble/lib /usr/bin/cmake --build /home/iarley/Documents/tcc/ratslam/microros_ws/build/micro_ros_agent -- -j8 -l8
[1.749s] DEBUG:colcon.colcon_core.event_handler.log_command:Invoked command in '/home/iarley/Documents/tcc/ratslam/microros_ws/build/micro_ros_agent' returned '0': CMAKE_PREFIX_PATH=/home/iarley/Documents/tcc/ratslam/microros_ws/install/micro_ros_msgs:/home/iarley/Documents/tcc/ratslam/microros_ws/install/micro_ros_setup:/home/iarley/Documents/tcc/ratslam/microros_ws/install/micro_ros_agent:/home/iarley/ros2_ws/install/teste_morato:/home/iarley/ros2_ws/install/test_morato:/opt/ros/humble:/home/iarley/ros2_ws/install/rplidar_ros:/home/iarley/ros2_ws/install/my_pkg_cpp:/home/iarley/Documents/tcc/ratslam/ros2_ws/install/ratslam:/home/iarley/Documents/tcc/ratslam/ros2_ws/install/topological_msgs LD_LIBRARY_PATH=/home/iarley/Documents/tcc/ratslam/microros_ws/install/micro_ros_msgs/lib:/home/iarley/Documents/tcc/ratslam/microros_ws/install/micro_ros_agent/lib:/home/iarley/Documents/tcc/ratslam/ros2_ws/install/topological_msgs/lib:/opt/ros/humble/opt/rviz_ogre_vendor/lib:/opt/ros/humble/lib/x86_64-linux-gnu:/opt/ros/humble/lib /usr/bin/cmake --build /home/iarley/Documents/tcc/ratslam/microros_ws/build/micro_ros_agent -- -j8 -l8
[1.751s] DEBUG:colcon.colcon_core.event_handler.log_command:Invoking command in '/home/iarley/Documents/tcc/ratslam/microros_ws/build/micro_ros_agent': CMAKE_PREFIX_PATH=/home/iarley/Documents/tcc/ratslam/microros_ws/install/micro_ros_msgs:/home/iarley/Documents/tcc/ratslam/microros_ws/install/micro_ros_setup:/home/iarley/Documents/tcc/ratslam/microros_ws/install/micro_ros_agent:/home/iarley/ros2_ws/install/teste_morato:/home/iarley/ros2_ws/install/test_morato:/opt/ros/humble:/home/iarley/ros2_ws/install/rplidar_ros:/home/iarley/ros2_ws/install/my_pkg_cpp:/home/iarley/Documents/tcc/ratslam/ros2_ws/install/ratslam:/home/iarley/Documents/tcc/ratslam/ros2_ws/install/topological_msgs LD_LIBRARY_PATH=/home/iarley/Documents/tcc/ratslam/microros_ws/install/micro_ros_msgs/lib:/home/iarley/Documents/tcc/ratslam/microros_ws/install/micro_ros_agent/lib:/home/iarley/Documents/tcc/ratslam/ros2_ws/install/topological_msgs/lib:/opt/ros/humble/opt/rviz_ogre_vendor/lib:/opt/ros/humble/lib/x86_64-linux-gnu:/opt/ros/humble/lib /usr/bin/cmake --install /home/iarley/Documents/tcc/ratslam/microros_ws/build/micro_ros_agent
[1.769s] Level 1:colcon.colcon_core.environment:create_environment_scripts_only(micro_ros_agent)
[1.770s] Level 1:colcon.colcon_core.environment:checking '/home/iarley/Documents/tcc/ratslam/microros_ws/install/micro_ros_agent' for CMake module files
[1.771s] DEBUG:colcon.colcon_core.event_handler.log_command:Invoked command in '/home/iarley/Documents/tcc/ratslam/microros_ws/build/micro_ros_agent' returned '0': CMAKE_PREFIX_PATH=/home/iarley/Documents/tcc/ratslam/microros_ws/install/micro_ros_msgs:/home/iarley/Documents/tcc/ratslam/microros_ws/install/micro_ros_setup:/home/iarley/Documents/tcc/ratslam/microros_ws/install/micro_ros_agent:/home/iarley/ros2_ws/install/teste_morato:/home/iarley/ros2_ws/install/test_morato:/opt/ros/humble:/home/iarley/ros2_ws/install/rplidar_ros:/home/iarley/ros2_ws/install/my_pkg_cpp:/home/iarley/Documents/tcc/ratslam/ros2_ws/install/ratslam:/home/iarley/Documents/tcc/ratslam/ros2_ws/install/topological_msgs LD_LIBRARY_PATH=/home/iarley/Documents/tcc/ratslam/microros_ws/install/micro_ros_msgs/lib:/home/iarley/Documents/tcc/ratslam/microros_ws/install/micro_ros_agent/lib:/home/iarley/Documents/tcc/ratslam/ros2_ws/install/topological_msgs/lib:/opt/ros/humble/opt/rviz_ogre_vendor/lib:/opt/ros/humble/lib/x86_64-linux-gnu:/opt/ros/humble/lib /usr/bin/cmake --install /home/iarley/Documents/tcc/ratslam/microros_ws/build/micro_ros_agent
[1.771s] Level 1:colcon.colcon_core.environment:checking '/home/iarley/Documents/tcc/ratslam/microros_ws/install/micro_ros_agent' for CMake config files
[1.774s] Level 1:colcon.colcon_core.shell:create_environment_hook('micro_ros_agent', 'cmake_prefix_path')
[1.775s] INFO:colcon.colcon_core.shell:Creating environment hook '/home/iarley/Documents/tcc/ratslam/microros_ws/install/micro_ros_agent/share/micro_ros_agent/hook/cmake_prefix_path.ps1'
[1.776s] INFO:colcon.colcon_core.shell:Creating environment descriptor '/home/iarley/Documents/tcc/ratslam/microros_ws/install/micro_ros_agent/share/micro_ros_agent/hook/cmake_prefix_path.dsv'
[1.776s] INFO:colcon.colcon_core.shell:Creating environment hook '/home/iarley/Documents/tcc/ratslam/microros_ws/install/micro_ros_agent/share/micro_ros_agent/hook/cmake_prefix_path.sh'
[1.777s] Level 1:colcon.colcon_core.environment:checking '/home/iarley/Documents/tcc/ratslam/microros_ws/install/micro_ros_agent/lib'
[1.778s] Level 1:colcon.colcon_core.shell:create_environment_hook('micro_ros_agent', 'ld_library_path_lib')
[1.778s] INFO:colcon.colcon_core.shell:Creating environment hook '/home/iarley/Documents/tcc/ratslam/microros_ws/install/micro_ros_agent/share/micro_ros_agent/hook/ld_library_path_lib.ps1'
[1.779s] INFO:colcon.colcon_core.shell:Creating environment descriptor '/home/iarley/Documents/tcc/ratslam/microros_ws/install/micro_ros_agent/share/micro_ros_agent/hook/ld_library_path_lib.dsv'
[1.780s] INFO:colcon.colcon_core.shell:Creating environment hook '/home/iarley/Documents/tcc/ratslam/microros_ws/install/micro_ros_agent/share/micro_ros_agent/hook/ld_library_path_lib.sh'
[1.781s] Level 1:colcon.colcon_core.environment:checking '/home/iarley/Documents/tcc/ratslam/microros_ws/install/micro_ros_agent/bin'
[1.781s] Level 1:colcon.colcon_core.environment:checking '/home/iarley/Documents/tcc/ratslam/microros_ws/install/micro_ros_agent/lib/pkgconfig/micro_ros_agent.pc'
[1.781s] Level 1:colcon.colcon_core.environment:checking '/home/iarley/Documents/tcc/ratslam/microros_ws/install/micro_ros_agent/lib/python3.10/site-packages'
[1.782s] Level 1:colcon.colcon_core.environment:checking '/home/iarley/Documents/tcc/ratslam/microros_ws/install/micro_ros_agent/bin'
[1.782s] INFO:colcon.colcon_core.shell:Creating package script '/home/iarley/Documents/tcc/ratslam/microros_ws/install/micro_ros_agent/share/micro_ros_agent/package.ps1'
[1.783s] INFO:colcon.colcon_core.shell:Creating package descriptor '/home/iarley/Documents/tcc/ratslam/microros_ws/install/micro_ros_agent/share/micro_ros_agent/package.dsv'
[1.784s] INFO:colcon.colcon_core.shell:Creating package script '/home/iarley/Documents/tcc/ratslam/microros_ws/install/micro_ros_agent/share/micro_ros_agent/package.sh'
[1.785s] INFO:colcon.colcon_core.shell:Creating package script '/home/iarley/Documents/tcc/ratslam/microros_ws/install/micro_ros_agent/share/micro_ros_agent/package.bash'
[1.786s] INFO:colcon.colcon_core.shell:Creating package script '/home/iarley/Documents/tcc/ratslam/microros_ws/install/micro_ros_agent/share/micro_ros_agent/package.zsh'
[1.787s] Level 1:colcon.colcon_core.environment:create_file_with_runtime_dependencies(/home/iarley/Documents/tcc/ratslam/microros_ws/install/micro_ros_agent/share/colcon-core/packages/micro_ros_agent)
[1.788s] Level 1:colcon.colcon_core.environment:create_environment_scripts_only(micro_ros_agent)
[1.788s] Level 1:colcon.colcon_core.environment:checking '/home/iarley/Documents/tcc/ratslam/microros_ws/install/micro_ros_agent' for CMake module files
[1.789s] Level 1:colcon.colcon_core.environment:checking '/home/iarley/Documents/tcc/ratslam/microros_ws/install/micro_ros_agent' for CMake config files
[1.791s] Level 1:colcon.colcon_core.shell:create_environment_hook('micro_ros_agent', 'cmake_prefix_path')
[1.792s] INFO:colcon.colcon_core.shell:Creating environment hook '/home/iarley/Documents/tcc/ratslam/microros_ws/install/micro_ros_agent/share/micro_ros_agent/hook/cmake_prefix_path.ps1'
[1.793s] INFO:colcon.colcon_core.shell:Creating environment descriptor '/home/iarley/Documents/tcc/ratslam/microros_ws/install/micro_ros_agent/share/micro_ros_agent/hook/cmake_prefix_path.dsv'
[1.794s] INFO:colcon.colcon_core.shell:Creating environment hook '/home/iarley/Documents/tcc/ratslam/microros_ws/install/micro_ros_agent/share/micro_ros_agent/hook/cmake_prefix_path.sh'
[1.795s] Level 1:colcon.colcon_core.environment:checking '/home/iarley/Documents/tcc/ratslam/microros_ws/install/micro_ros_agent/lib'
[1.795s] Level 1:colcon.colcon_core.shell:create_environment_hook('micro_ros_agent', 'ld_library_path_lib')
[1.796s] INFO:colcon.colcon_core.shell:Creating environment hook '/home/iarley/Documents/tcc/ratslam/microros_ws/install/micro_ros_agent/share/micro_ros_agent/hook/ld_library_path_lib.ps1'
[1.797s] INFO:colcon.colcon_core.shell:Creating environment descriptor '/home/iarley/Documents/tcc/ratslam/microros_ws/install/micro_ros_agent/share/micro_ros_agent/hook/ld_library_path_lib.dsv'
[1.797s] INFO:colcon.colcon_core.shell:Creating environment hook '/home/iarley/Documents/tcc/ratslam/microros_ws/install/micro_ros_agent/share/micro_ros_agent/hook/ld_library_path_lib.sh'
[1.798s] Level 1:colcon.colcon_core.environment:checking '/home/iarley/Documents/tcc/ratslam/microros_ws/install/micro_ros_agent/bin'
[1.798s] Level 1:colcon.colcon_core.environment:checking '/home/iarley/Documents/tcc/ratslam/microros_ws/install/micro_ros_agent/lib/pkgconfig/micro_ros_agent.pc'
[1.799s] Level 1:colcon.colcon_core.environment:checking '/home/iarley/Documents/tcc/ratslam/microros_ws/install/micro_ros_agent/lib/python3.10/site-packages'
[1.799s] Level 1:colcon.colcon_core.environment:checking '/home/iarley/Documents/tcc/ratslam/microros_ws/install/micro_ros_agent/bin'
[1.800s] INFO:colcon.colcon_core.shell:Creating package script '/home/iarley/Documents/tcc/ratslam/microros_ws/install/micro_ros_agent/share/micro_ros_agent/package.ps1'
[1.801s] INFO:colcon.colcon_core.shell:Creating package descriptor '/home/iarley/Documents/tcc/ratslam/microros_ws/install/micro_ros_agent/share/micro_ros_agent/package.dsv'
[1.802s] INFO:colcon.colcon_core.shell:Creating package script '/home/iarley/Documents/tcc/ratslam/microros_ws/install/micro_ros_agent/share/micro_ros_agent/package.sh'
[1.803s] INFO:colcon.colcon_core.shell:Creating package script '/home/iarley/Documents/tcc/ratslam/microros_ws/install/micro_ros_agent/share/micro_ros_agent/package.bash'
[1.804s] INFO:colcon.colcon_core.shell:Creating package script '/home/iarley/Documents/tcc/ratslam/microros_ws/install/micro_ros_agent/share/micro_ros_agent/package.zsh'
[1.805s] Level 1:colcon.colcon_core.environment:create_file_with_runtime_dependencies(/home/iarley/Documents/tcc/ratslam/microros_ws/install/micro_ros_agent/share/colcon-core/packages/micro_ros_agent)
[1.806s] DEBUG:colcon.colcon_parallel_executor.executor.parallel:closing loop
[1.806s] DEBUG:colcon.colcon_parallel_executor.executor.parallel:loop closed
[1.807s] DEBUG:colcon.colcon_parallel_executor.executor.parallel:run_until_complete finished with '0'
[1.808s] DEBUG:colcon.colcon_core.event_reactor:joining thread
[1.819s] INFO:colcon.colcon_core.plugin_system:Skipping extension 'colcon_notification.desktop_notification.terminal_notifier': Not used on non-Darwin systems
[1.819s] INFO:colcon.colcon_core.plugin_system:Skipping extension 'colcon_notification.desktop_notification.win32': Not used on non-Windows systems
[1.819s] INFO:colcon.colcon_notification.desktop_notification:Sending desktop notification using 'notify2'
[1.841s] DEBUG:colcon.colcon_core.event_reactor:joined thread
[1.841s] INFO:colcon.colcon_core.shell:Creating prefix script '/home/iarley/Documents/tcc/ratslam/microros_ws/install/local_setup.ps1'
[1.843s] INFO:colcon.colcon_core.shell:Creating prefix util module '/home/iarley/Documents/tcc/ratslam/microros_ws/install/_local_setup_util_ps1.py'
[1.847s] INFO:colcon.colcon_core.shell:Creating prefix chain script '/home/iarley/Documents/tcc/ratslam/microros_ws/install/setup.ps1'
[1.850s] INFO:colcon.colcon_core.shell:Creating prefix script '/home/iarley/Documents/tcc/ratslam/microros_ws/install/local_setup.sh'
[1.851s] INFO:colcon.colcon_core.shell:Creating prefix util module '/home/iarley/Documents/tcc/ratslam/microros_ws/install/_local_setup_util_sh.py'
[1.852s] INFO:colcon.colcon_core.shell:Creating prefix chain script '/home/iarley/Documents/tcc/ratslam/microros_ws/install/setup.sh'
[1.855s] INFO:colcon.colcon_core.shell:Creating prefix script '/home/iarley/Documents/tcc/ratslam/microros_ws/install/local_setup.bash'
[1.856s] INFO:colcon.colcon_core.shell:Creating prefix chain script '/home/iarley/Documents/tcc/ratslam/microros_ws/install/setup.bash'
[1.859s] INFO:colcon.colcon_core.shell:Creating prefix script '/home/iarley/Documents/tcc/ratslam/microros_ws/install/local_setup.zsh'
[1.860s] INFO:colcon.colcon_core.shell:Creating prefix chain script '/home/iarley/Documents/tcc/ratslam/microros_ws/install/setup.zsh'
