[0.126s] DEBUG:colcon:Command line arguments: ['/usr/bin/colcon', 'build']
[0.126s] DEBUG:colcon:Parsed command line arguments: Namespace(log_base=None, log_level=None, verb_name='build', build_base='build', install_base='install', merge_install=False, symlink_install=False, test_result_base=None, continue_on_error=False, executor='parallel', parallel_workers=8, event_handlers=None, ignore_user_meta=False, metas=['./colcon.meta'], base_paths=['.'], packages_ignore=None, packages_ignore_regex=None, paths=None, packages_up_to=None, packages_up_to_regex=None, packages_above=None, packages_above_and_dependencies=None, packages_above_depth=None, packages_select_by_dep=None, packages_skip_by_dep=None, packages_skip_up_to=None, packages_select_build_failed=False, packages_skip_build_finished=False, packages_select_test_failures=False, packages_skip_test_passed=False, packages_select=None, packages_skip=None, packages_select_regex=None, packages_skip_regex=None, packages_start=None, packages_end=None, allow_overriding=[], cmake_args=None, cmake_target=None, cmake_target_skip_unavailable=False, cmake_clean_cache=False, cmake_clean_first=False, cmake_force_configure=False, ament_cmake_args=None, catkin_cmake_args=None, catkin_skip_building_tests=False, mixin_files=None, mixin=None, verb_parser=<colcon_mixin.mixin.mixin_argument.MixinArgumentDecorator object at 0x71d15ad53430>, verb_extension=<colcon_core.verb.build.BuildVerb object at 0x71d15ad0ce50>, main=<bound method BuildVerb.main of <colcon_core.verb.build.BuildVerb object at 0x71d15ad0ce50>>, mixin_verb=('build',))
[0.317s] Level 1:colcon.colcon_core.package_discovery:discover_packages(colcon_meta) check parameters
[0.317s] Level 1:colcon.colcon_core.package_discovery:discover_packages(recursive) check parameters
[0.317s] Level 1:colcon.colcon_core.package_discovery:discover_packages(ignore) check parameters
[0.317s] Level 1:colcon.colcon_core.package_discovery:discover_packages(path) check parameters
[0.317s] Level 1:colcon.colcon_core.package_discovery:discover_packages(colcon_meta) discover
[0.317s] Level 1:colcon.colcon_core.package_discovery:discover_packages(recursive) discover
[0.317s] INFO:colcon.colcon_core.package_discovery:Crawling recursively for packages in '/home/iarley/Documents/tcc/ratslam/microros_ws'
[0.317s] Level 1:colcon.colcon_core.package_identification:_identify(.) by extensions ['ignore', 'ignore_ament_install']
[0.317s] Level 1:colcon.colcon_core.package_identification:_identify(.) by extension 'ignore'
[0.317s] Level 1:colcon.colcon_core.package_identification:_identify(.) by extension 'ignore_ament_install'
[0.317s] Level 1:colcon.colcon_core.package_identification:_identify(.) by extensions ['colcon_pkg']
[0.317s] Level 1:colcon.colcon_core.package_identification:_identify(.) by extension 'colcon_pkg'
[0.317s] Level 1:colcon.colcon_core.package_identification:_identify(.) by extensions ['colcon_meta']
[0.317s] Level 1:colcon.colcon_core.package_identification:_identify(.) by extension 'colcon_meta'
[0.317s] Level 1:colcon.colcon_core.package_identification:_identify(.) by extensions ['ros']
[0.317s] Level 1:colcon.colcon_core.package_identification:_identify(.) by extension 'ros'
[0.329s] Level 1:colcon.colcon_core.package_identification:_identify(.) by extensions ['cmake', 'python']
[0.329s] Level 1:colcon.colcon_core.package_identification:_identify(.) by extension 'cmake'
[0.329s] Level 1:colcon.colcon_core.package_identification:_identify(.) by extension 'python'
[0.329s] Level 1:colcon.colcon_core.package_identification:_identify(.) by extensions ['python_setup_py']
[0.329s] Level 1:colcon.colcon_core.package_identification:_identify(.) by extension 'python_setup_py'
[0.329s] Level 1:colcon.colcon_core.package_identification:_identify(build) by extensions ['ignore', 'ignore_ament_install']
[0.329s] Level 1:colcon.colcon_core.package_identification:_identify(build) by extension 'ignore'
[0.329s] Level 1:colcon.colcon_core.package_identification:_identify(build) ignored
[0.329s] Level 1:colcon.colcon_core.package_identification:_identify(install) by extensions ['ignore', 'ignore_ament_install']
[0.329s] Level 1:colcon.colcon_core.package_identification:_identify(install) by extension 'ignore'
[0.329s] Level 1:colcon.colcon_core.package_identification:_identify(install) ignored
[0.330s] Level 1:colcon.colcon_core.package_identification:_identify(log) by extensions ['ignore', 'ignore_ament_install']
[0.330s] Level 1:colcon.colcon_core.package_identification:_identify(log) by extension 'ignore'
[0.330s] Level 1:colcon.colcon_core.package_identification:_identify(log) ignored
[0.330s] Level 1:colcon.colcon_core.package_identification:_identify(src) by extensions ['ignore', 'ignore_ament_install']
[0.330s] Level 1:colcon.colcon_core.package_identification:_identify(src) by extension 'ignore'
[0.330s] Level 1:colcon.colcon_core.package_identification:_identify(src) by extension 'ignore_ament_install'
[0.330s] Level 1:colcon.colcon_core.package_identification:_identify(src) by extensions ['colcon_pkg']
[0.330s] Level 1:colcon.colcon_core.package_identification:_identify(src) by extension 'colcon_pkg'
[0.330s] Level 1:colcon.colcon_core.package_identification:_identify(src) by extensions ['colcon_meta']
[0.330s] Level 1:colcon.colcon_core.package_identification:_identify(src) by extension 'colcon_meta'
[0.330s] Level 1:colcon.colcon_core.package_identification:_identify(src) by extensions ['ros']
[0.330s] Level 1:colcon.colcon_core.package_identification:_identify(src) by extension 'ros'
[0.330s] Level 1:colcon.colcon_core.package_identification:_identify(src) by extensions ['cmake', 'python']
[0.330s] Level 1:colcon.colcon_core.package_identification:_identify(src) by extension 'cmake'
[0.330s] Level 1:colcon.colcon_core.package_identification:_identify(src) by extension 'python'
[0.330s] Level 1:colcon.colcon_core.package_identification:_identify(src) by extensions ['python_setup_py']
[0.330s] Level 1:colcon.colcon_core.package_identification:_identify(src) by extension 'python_setup_py'
[0.330s] Level 1:colcon.colcon_core.package_identification:_identify(src/src) by extensions ['ignore', 'ignore_ament_install']
[0.331s] Level 1:colcon.colcon_core.package_identification:_identify(src/src) by extension 'ignore'
[0.331s] Level 1:colcon.colcon_core.package_identification:_identify(src/src) by extension 'ignore_ament_install'
[0.331s] Level 1:colcon.colcon_core.package_identification:_identify(src/src) by extensions ['colcon_pkg']
[0.331s] Level 1:colcon.colcon_core.package_identification:_identify(src/src) by extension 'colcon_pkg'
[0.331s] Level 1:colcon.colcon_core.package_identification:_identify(src/src) by extensions ['colcon_meta']
[0.331s] Level 1:colcon.colcon_core.package_identification:_identify(src/src) by extension 'colcon_meta'
[0.331s] Level 1:colcon.colcon_core.package_identification:_identify(src/src) by extensions ['ros']
[0.331s] Level 1:colcon.colcon_core.package_identification:_identify(src/src) by extension 'ros'
[0.331s] Level 1:colcon.colcon_core.package_identification:_identify(src/src) by extensions ['cmake', 'python']
[0.331s] Level 1:colcon.colcon_core.package_identification:_identify(src/src) by extension 'cmake'
[0.331s] Level 1:colcon.colcon_core.package_identification:_identify(src/src) by extension 'python'
[0.331s] Level 1:colcon.colcon_core.package_identification:_identify(src/src) by extensions ['python_setup_py']
[0.331s] Level 1:colcon.colcon_core.package_identification:_identify(src/src) by extension 'python_setup_py'
[0.331s] Level 1:colcon.colcon_core.package_identification:_identify(src/src/micro_ros_setup) by extensions ['ignore', 'ignore_ament_install']
[0.331s] Level 1:colcon.colcon_core.package_identification:_identify(src/src/micro_ros_setup) by extension 'ignore'
[0.331s] Level 1:colcon.colcon_core.package_identification:_identify(src/src/micro_ros_setup) by extension 'ignore_ament_install'
[0.331s] Level 1:colcon.colcon_core.package_identification:_identify(src/src/micro_ros_setup) by extensions ['colcon_pkg']
[0.331s] Level 1:colcon.colcon_core.package_identification:_identify(src/src/micro_ros_setup) by extension 'colcon_pkg'
[0.331s] Level 1:colcon.colcon_core.package_identification:_identify(src/src/micro_ros_setup) by extensions ['colcon_meta']
[0.331s] Level 1:colcon.colcon_core.package_identification:_identify(src/src/micro_ros_setup) by extension 'colcon_meta'
[0.332s] Level 1:colcon.colcon_core.package_identification:_identify(src/src/micro_ros_setup) by extensions ['ros']
[0.332s] Level 1:colcon.colcon_core.package_identification:_identify(src/src/micro_ros_setup) by extension 'ros'
[0.334s] DEBUG:colcon.colcon_core.package_identification:Package 'src/src/micro_ros_setup' with type 'ros.ament_cmake' and name 'micro_ros_setup'
[0.335s] Level 1:colcon.colcon_core.package_discovery:discover_packages(recursive) using defaults
[0.335s] Level 1:colcon.colcon_core.package_discovery:discover_packages(ignore) discover
[0.335s] Level 1:colcon.colcon_core.package_discovery:discover_packages(ignore) using defaults
[0.335s] Level 1:colcon.colcon_core.package_discovery:discover_packages(path) discover
[0.335s] Level 1:colcon.colcon_core.package_discovery:discover_packages(path) using defaults
[0.370s] Level 1:colcon.colcon_core.package_discovery:discover_packages(prefix_path) check parameters
[0.370s] Level 1:colcon.colcon_core.package_discovery:discover_packages(prefix_path) discover
[0.371s] WARNING:colcon.colcon_ros.prefix_path.ament:The path '/home/iarley/Documents/tcc/ratslam/ros2_ws/install/micro_ros_setup' in the environment variable AMENT_PREFIX_PATH doesn't exist
[0.371s] WARNING:colcon.colcon_ros.prefix_path.ament:The path '/home/iarley/Documents/tcc/ratslam/ros2_ws/install/micro_ros_agent' in the environment variable AMENT_PREFIX_PATH doesn't exist
[0.371s] WARNING:colcon.colcon_ros.prefix_path.ament:The path '/home/iarley/Documents/tcc/ratslam/ros2_ws/install/micro_ros_msgs' in the environment variable AMENT_PREFIX_PATH doesn't exist
[0.372s] WARNING:colcon.colcon_ros.prefix_path.catkin:The path '/home/iarley/Documents/tcc/ratslam/ros2_ws/install/micro_ros_setup' in the environment variable CMAKE_PREFIX_PATH doesn't exist
[0.372s] WARNING:colcon.colcon_ros.prefix_path.catkin:The path '/home/iarley/Documents/tcc/ratslam/ros2_ws/install/micro_ros_agent' in the environment variable CMAKE_PREFIX_PATH doesn't exist
[0.372s] WARNING:colcon.colcon_ros.prefix_path.catkin:The path '/home/iarley/Documents/tcc/ratslam/ros2_ws/install/micro_ros_msgs' in the environment variable CMAKE_PREFIX_PATH doesn't exist
[0.373s] DEBUG:colcon.colcon_installed_package_information.package_discovery:Found 2 installed packages in /home/iarley/Documents/tcc/ratslam/ros2_ws/install
[0.373s] DEBUG:colcon.colcon_installed_package_information.package_discovery:Found 4 installed packages in /home/iarley/ros2_ws/install
[0.375s] DEBUG:colcon.colcon_installed_package_information.package_discovery:Found 271 installed packages in /opt/ros/humble
[0.377s] Level 1:colcon.colcon_core.package_discovery:discover_packages(prefix_path) using defaults
[0.421s] Level 5:colcon.colcon_core.verb:set package 'micro_ros_setup' build argument 'cmake_args' from command line to 'None'
[0.421s] Level 5:colcon.colcon_core.verb:set package 'micro_ros_setup' build argument 'cmake_target' from command line to 'None'
[0.421s] Level 5:colcon.colcon_core.verb:set package 'micro_ros_setup' build argument 'cmake_target_skip_unavailable' from command line to 'False'
[0.421s] Level 5:colcon.colcon_core.verb:set package 'micro_ros_setup' build argument 'cmake_clean_cache' from command line to 'False'
[0.421s] Level 5:colcon.colcon_core.verb:set package 'micro_ros_setup' build argument 'cmake_clean_first' from command line to 'False'
[0.421s] Level 5:colcon.colcon_core.verb:set package 'micro_ros_setup' build argument 'cmake_force_configure' from command line to 'False'
[0.421s] Level 5:colcon.colcon_core.verb:set package 'micro_ros_setup' build argument 'ament_cmake_args' from command line to 'None'
[0.421s] Level 5:colcon.colcon_core.verb:set package 'micro_ros_setup' build argument 'catkin_cmake_args' from command line to 'None'
[0.421s] Level 5:colcon.colcon_core.verb:set package 'micro_ros_setup' build argument 'catkin_skip_building_tests' from command line to 'False'
[0.421s] DEBUG:colcon.colcon_core.verb:Building package 'micro_ros_setup' with the following arguments: {'ament_cmake_args': None, 'build_base': '/home/iarley/Documents/tcc/ratslam/microros_ws/build/micro_ros_setup', 'catkin_cmake_args': None, 'catkin_skip_building_tests': False, 'cmake_args': None, 'cmake_clean_cache': False, 'cmake_clean_first': False, 'cmake_force_configure': False, 'cmake_target': None, 'cmake_target_skip_unavailable': False, 'install_base': '/home/iarley/Documents/tcc/ratslam/microros_ws/install/micro_ros_setup', 'merge_install': False, 'path': '/home/iarley/Documents/tcc/ratslam/microros_ws/src/src/micro_ros_setup', 'symlink_install': False, 'test_result_base': None}
[0.421s] INFO:colcon.colcon_core.executor:Executing jobs using 'parallel' executor
[0.422s] DEBUG:colcon.colcon_parallel_executor.executor.parallel:run_until_complete
[0.423s] INFO:colcon.colcon_ros.task.ament_cmake.build:Building ROS package in '/home/iarley/Documents/tcc/ratslam/microros_ws/src/src/micro_ros_setup' with build type 'ament_cmake'
[0.423s] INFO:colcon.colcon_cmake.task.cmake.build:Building CMake package in '/home/iarley/Documents/tcc/ratslam/microros_ws/src/src/micro_ros_setup'
[0.425s] INFO:colcon.colcon_core.plugin_system:Skipping extension 'colcon_core.shell.bat': Not used on non-Windows systems
[0.425s] INFO:colcon.colcon_core.shell:Skip shell extension 'powershell' for command environment: Not usable outside of PowerShell
[0.425s] DEBUG:colcon.colcon_core.shell:Skip shell extension 'dsv' for command environment
[0.440s] DEBUG:colcon.colcon_core.event_handler.log_command:Invoking command in '/home/iarley/Documents/tcc/ratslam/microros_ws/build/micro_ros_setup': CMAKE_PREFIX_PATH=/home/iarley/Documents/tcc/ratslam/ros2_ws/install/micro_ros_setup:/home/iarley/Documents/tcc/ratslam/ros2_ws/install/micro_ros_agent:/home/iarley/Documents/tcc/ratslam/ros2_ws/install/micro_ros_msgs:/home/iarley/ros2_ws/install/teste_morato:/home/iarley/ros2_ws/install/test_morato:/opt/ros/humble:/home/iarley/ros2_ws/install/rplidar_ros:/home/iarley/ros2_ws/install/my_pkg_cpp:/home/iarley/Documents/tcc/ratslam/ros2_ws/install/ratslam:/home/iarley/Documents/tcc/ratslam/ros2_ws/install/topological_msgs /usr/bin/cmake /home/iarley/Documents/tcc/ratslam/microros_ws/src/src/micro_ros_setup -DCMAKE_INSTALL_PREFIX=/home/iarley/Documents/tcc/ratslam/microros_ws/install/micro_ros_setup
[1.516s] DEBUG:colcon.colcon_core.event_handler.log_command:Invoked command in '/home/iarley/Documents/tcc/ratslam/microros_ws/build/micro_ros_setup' returned '0': CMAKE_PREFIX_PATH=/home/iarley/Documents/tcc/ratslam/ros2_ws/install/micro_ros_setup:/home/iarley/Documents/tcc/ratslam/ros2_ws/install/micro_ros_agent:/home/iarley/Documents/tcc/ratslam/ros2_ws/install/micro_ros_msgs:/home/iarley/ros2_ws/install/teste_morato:/home/iarley/ros2_ws/install/test_morato:/opt/ros/humble:/home/iarley/ros2_ws/install/rplidar_ros:/home/iarley/ros2_ws/install/my_pkg_cpp:/home/iarley/Documents/tcc/ratslam/ros2_ws/install/ratslam:/home/iarley/Documents/tcc/ratslam/ros2_ws/install/topological_msgs /usr/bin/cmake /home/iarley/Documents/tcc/ratslam/microros_ws/src/src/micro_ros_setup -DCMAKE_INSTALL_PREFIX=/home/iarley/Documents/tcc/ratslam/microros_ws/install/micro_ros_setup
[1.518s] DEBUG:colcon.colcon_core.event_handler.log_command:Invoking command in '/home/iarley/Documents/tcc/ratslam/microros_ws/build/micro_ros_setup': CMAKE_PREFIX_PATH=/home/iarley/Documents/tcc/ratslam/ros2_ws/install/micro_ros_setup:/home/iarley/Documents/tcc/ratslam/ros2_ws/install/micro_ros_agent:/home/iarley/Documents/tcc/ratslam/ros2_ws/install/micro_ros_msgs:/home/iarley/ros2_ws/install/teste_morato:/home/iarley/ros2_ws/install/test_morato:/opt/ros/humble:/home/iarley/ros2_ws/install/rplidar_ros:/home/iarley/ros2_ws/install/my_pkg_cpp:/home/iarley/Documents/tcc/ratslam/ros2_ws/install/ratslam:/home/iarley/Documents/tcc/ratslam/ros2_ws/install/topological_msgs /usr/bin/cmake --build /home/iarley/Documents/tcc/ratslam/microros_ws/build/micro_ros_setup -- -j8 -l8
[1.582s] DEBUG:colcon.colcon_core.event_handler.log_command:Invoked command in '/home/iarley/Documents/tcc/ratslam/microros_ws/build/micro_ros_setup' returned '0': CMAKE_PREFIX_PATH=/home/iarley/Documents/tcc/ratslam/ros2_ws/install/micro_ros_setup:/home/iarley/Documents/tcc/ratslam/ros2_ws/install/micro_ros_agent:/home/iarley/Documents/tcc/ratslam/ros2_ws/install/micro_ros_msgs:/home/iarley/ros2_ws/install/teste_morato:/home/iarley/ros2_ws/install/test_morato:/opt/ros/humble:/home/iarley/ros2_ws/install/rplidar_ros:/home/iarley/ros2_ws/install/my_pkg_cpp:/home/iarley/Documents/tcc/ratslam/ros2_ws/install/ratslam:/home/iarley/Documents/tcc/ratslam/ros2_ws/install/topological_msgs /usr/bin/cmake --build /home/iarley/Documents/tcc/ratslam/microros_ws/build/micro_ros_setup -- -j8 -l8
[1.598s] DEBUG:colcon.colcon_core.event_handler.log_command:Invoking command in '/home/iarley/Documents/tcc/ratslam/microros_ws/build/micro_ros_setup': CMAKE_PREFIX_PATH=/home/iarley/Documents/tcc/ratslam/ros2_ws/install/micro_ros_setup:/home/iarley/Documents/tcc/ratslam/ros2_ws/install/micro_ros_agent:/home/iarley/Documents/tcc/ratslam/ros2_ws/install/micro_ros_msgs:/home/iarley/ros2_ws/install/teste_morato:/home/iarley/ros2_ws/install/test_morato:/opt/ros/humble:/home/iarley/ros2_ws/install/rplidar_ros:/home/iarley/ros2_ws/install/my_pkg_cpp:/home/iarley/Documents/tcc/ratslam/ros2_ws/install/ratslam:/home/iarley/Documents/tcc/ratslam/ros2_ws/install/topological_msgs /usr/bin/cmake --install /home/iarley/Documents/tcc/ratslam/microros_ws/build/micro_ros_setup
[1.644s] Level 1:colcon.colcon_core.environment:create_environment_scripts_only(micro_ros_setup)
[1.645s] DEBUG:colcon.colcon_core.event_handler.log_command:Invoked command in '/home/iarley/Documents/tcc/ratslam/microros_ws/build/micro_ros_setup' returned '0': CMAKE_PREFIX_PATH=/home/iarley/Documents/tcc/ratslam/ros2_ws/install/micro_ros_setup:/home/iarley/Documents/tcc/ratslam/ros2_ws/install/micro_ros_agent:/home/iarley/Documents/tcc/ratslam/ros2_ws/install/micro_ros_msgs:/home/iarley/ros2_ws/install/teste_morato:/home/iarley/ros2_ws/install/test_morato:/opt/ros/humble:/home/iarley/ros2_ws/install/rplidar_ros:/home/iarley/ros2_ws/install/my_pkg_cpp:/home/iarley/Documents/tcc/ratslam/ros2_ws/install/ratslam:/home/iarley/Documents/tcc/ratslam/ros2_ws/install/topological_msgs /usr/bin/cmake --install /home/iarley/Documents/tcc/ratslam/microros_ws/build/micro_ros_setup
[1.650s] Level 1:colcon.colcon_core.environment:checking '/home/iarley/Documents/tcc/ratslam/microros_ws/install/micro_ros_setup' for CMake module files
[1.651s] Level 1:colcon.colcon_core.environment:checking '/home/iarley/Documents/tcc/ratslam/microros_ws/install/micro_ros_setup' for CMake config files
[1.651s] Level 1:colcon.colcon_core.shell:create_environment_hook('micro_ros_setup', 'cmake_prefix_path')
[1.651s] INFO:colcon.colcon_core.shell:Creating environment hook '/home/iarley/Documents/tcc/ratslam/microros_ws/install/micro_ros_setup/share/micro_ros_setup/hook/cmake_prefix_path.ps1'
[1.652s] INFO:colcon.colcon_core.shell:Creating environment descriptor '/home/iarley/Documents/tcc/ratslam/microros_ws/install/micro_ros_setup/share/micro_ros_setup/hook/cmake_prefix_path.dsv'
[1.653s] INFO:colcon.colcon_core.shell:Creating environment hook '/home/iarley/Documents/tcc/ratslam/microros_ws/install/micro_ros_setup/share/micro_ros_setup/hook/cmake_prefix_path.sh'
[1.654s] Level 1:colcon.colcon_core.environment:checking '/home/iarley/Documents/tcc/ratslam/microros_ws/install/micro_ros_setup/lib'
[1.654s] Level 1:colcon.colcon_core.environment:checking '/home/iarley/Documents/tcc/ratslam/microros_ws/install/micro_ros_setup/bin'
[1.654s] Level 1:colcon.colcon_core.environment:checking '/home/iarley/Documents/tcc/ratslam/microros_ws/install/micro_ros_setup/lib/pkgconfig/micro_ros_setup.pc'
[1.654s] Level 1:colcon.colcon_core.environment:checking '/home/iarley/Documents/tcc/ratslam/microros_ws/install/micro_ros_setup/lib/python3.10/site-packages'
[1.655s] Level 1:colcon.colcon_core.environment:checking '/home/iarley/Documents/tcc/ratslam/microros_ws/install/micro_ros_setup/bin'
[1.656s] INFO:colcon.colcon_core.shell:Creating package script '/home/iarley/Documents/tcc/ratslam/microros_ws/install/micro_ros_setup/share/micro_ros_setup/package.ps1'
[1.657s] INFO:colcon.colcon_core.shell:Creating package descriptor '/home/iarley/Documents/tcc/ratslam/microros_ws/install/micro_ros_setup/share/micro_ros_setup/package.dsv'
[1.658s] INFO:colcon.colcon_core.shell:Creating package script '/home/iarley/Documents/tcc/ratslam/microros_ws/install/micro_ros_setup/share/micro_ros_setup/package.sh'
[1.659s] INFO:colcon.colcon_core.shell:Creating package script '/home/iarley/Documents/tcc/ratslam/microros_ws/install/micro_ros_setup/share/micro_ros_setup/package.bash'
[1.659s] INFO:colcon.colcon_core.shell:Creating package script '/home/iarley/Documents/tcc/ratslam/microros_ws/install/micro_ros_setup/share/micro_ros_setup/package.zsh'
[1.660s] Level 1:colcon.colcon_core.environment:create_file_with_runtime_dependencies(/home/iarley/Documents/tcc/ratslam/microros_ws/install/micro_ros_setup/share/colcon-core/packages/micro_ros_setup)
[1.661s] Level 1:colcon.colcon_core.environment:create_environment_scripts_only(micro_ros_setup)
[1.661s] Level 1:colcon.colcon_core.environment:checking '/home/iarley/Documents/tcc/ratslam/microros_ws/install/micro_ros_setup' for CMake module files
[1.662s] Level 1:colcon.colcon_core.environment:checking '/home/iarley/Documents/tcc/ratslam/microros_ws/install/micro_ros_setup' for CMake config files
[1.662s] Level 1:colcon.colcon_core.shell:create_environment_hook('micro_ros_setup', 'cmake_prefix_path')
[1.662s] INFO:colcon.colcon_core.shell:Creating environment hook '/home/iarley/Documents/tcc/ratslam/microros_ws/install/micro_ros_setup/share/micro_ros_setup/hook/cmake_prefix_path.ps1'
[1.663s] INFO:colcon.colcon_core.shell:Creating environment descriptor '/home/iarley/Documents/tcc/ratslam/microros_ws/install/micro_ros_setup/share/micro_ros_setup/hook/cmake_prefix_path.dsv'
[1.663s] INFO:colcon.colcon_core.shell:Creating environment hook '/home/iarley/Documents/tcc/ratslam/microros_ws/install/micro_ros_setup/share/micro_ros_setup/hook/cmake_prefix_path.sh'
[1.664s] Level 1:colcon.colcon_core.environment:checking '/home/iarley/Documents/tcc/ratslam/microros_ws/install/micro_ros_setup/lib'
[1.664s] Level 1:colcon.colcon_core.environment:checking '/home/iarley/Documents/tcc/ratslam/microros_ws/install/micro_ros_setup/bin'
[1.664s] Level 1:colcon.colcon_core.environment:checking '/home/iarley/Documents/tcc/ratslam/microros_ws/install/micro_ros_setup/lib/pkgconfig/micro_ros_setup.pc'
[1.664s] Level 1:colcon.colcon_core.environment:checking '/home/iarley/Documents/tcc/ratslam/microros_ws/install/micro_ros_setup/lib/python3.10/site-packages'
[1.664s] Level 1:colcon.colcon_core.environment:checking '/home/iarley/Documents/tcc/ratslam/microros_ws/install/micro_ros_setup/bin'
[1.665s] INFO:colcon.colcon_core.shell:Creating package script '/home/iarley/Documents/tcc/ratslam/microros_ws/install/micro_ros_setup/share/micro_ros_setup/package.ps1'
[1.665s] INFO:colcon.colcon_core.shell:Creating package descriptor '/home/iarley/Documents/tcc/ratslam/microros_ws/install/micro_ros_setup/share/micro_ros_setup/package.dsv'
[1.666s] INFO:colcon.colcon_core.shell:Creating package script '/home/iarley/Documents/tcc/ratslam/microros_ws/install/micro_ros_setup/share/micro_ros_setup/package.sh'
[1.666s] INFO:colcon.colcon_core.shell:Creating package script '/home/iarley/Documents/tcc/ratslam/microros_ws/install/micro_ros_setup/share/micro_ros_setup/package.bash'
[1.667s] INFO:colcon.colcon_core.shell:Creating package script '/home/iarley/Documents/tcc/ratslam/microros_ws/install/micro_ros_setup/share/micro_ros_setup/package.zsh'
[1.667s] Level 1:colcon.colcon_core.environment:create_file_with_runtime_dependencies(/home/iarley/Documents/tcc/ratslam/microros_ws/install/micro_ros_setup/share/colcon-core/packages/micro_ros_setup)
[1.668s] DEBUG:colcon.colcon_parallel_executor.executor.parallel:closing loop
[1.668s] DEBUG:colcon.colcon_parallel_executor.executor.parallel:loop closed
[1.668s] DEBUG:colcon.colcon_parallel_executor.executor.parallel:run_until_complete finished with '0'
[1.669s] DEBUG:colcon.colcon_core.event_reactor:joining thread
[1.685s] INFO:colcon.colcon_core.plugin_system:Skipping extension 'colcon_notification.desktop_notification.terminal_notifier': Not used on non-Darwin systems
[1.685s] INFO:colcon.colcon_core.plugin_system:Skipping extension 'colcon_notification.desktop_notification.win32': Not used on non-Windows systems
[1.685s] INFO:colcon.colcon_notification.desktop_notification:Sending desktop notification using 'notify2'
[1.728s] DEBUG:colcon.colcon_core.event_reactor:joined thread
[1.729s] INFO:colcon.colcon_core.shell:Creating prefix script '/home/iarley/Documents/tcc/ratslam/microros_ws/install/local_setup.ps1'
[1.731s] INFO:colcon.colcon_core.shell:Creating prefix util module '/home/iarley/Documents/tcc/ratslam/microros_ws/install/_local_setup_util_ps1.py'
[1.734s] INFO:colcon.colcon_core.shell:Creating prefix chain script '/home/iarley/Documents/tcc/ratslam/microros_ws/install/setup.ps1'
[1.737s] INFO:colcon.colcon_core.shell:Creating prefix script '/home/iarley/Documents/tcc/ratslam/microros_ws/install/local_setup.sh'
[1.739s] INFO:colcon.colcon_core.shell:Creating prefix util module '/home/iarley/Documents/tcc/ratslam/microros_ws/install/_local_setup_util_sh.py'
[1.740s] INFO:colcon.colcon_core.shell:Creating prefix chain script '/home/iarley/Documents/tcc/ratslam/microros_ws/install/setup.sh'
[1.744s] INFO:colcon.colcon_core.shell:Creating prefix script '/home/iarley/Documents/tcc/ratslam/microros_ws/install/local_setup.bash'
[1.745s] INFO:colcon.colcon_core.shell:Creating prefix chain script '/home/iarley/Documents/tcc/ratslam/microros_ws/install/setup.bash'
[1.748s] INFO:colcon.colcon_core.shell:Creating prefix script '/home/iarley/Documents/tcc/ratslam/microros_ws/install/local_setup.zsh'
[1.749s] INFO:colcon.colcon_core.shell:Creating prefix chain script '/home/iarley/Documents/tcc/ratslam/microros_ws/install/setup.zsh'
